Archive member included to satisfy reference by file (symbol)

/Users/nathangovindarajan/Desktop/SystemWorkbench.app/Contents/Eclipse/plugins/fr.ac6.mcu.externaltools.arm-none.macos64_1.17.0.201812190825/tools/compiler/bin/../lib/gcc/arm-none-eabi/7.3.1/thumb/v6-m/libgcc.a(_udivsi3.o)
                              StdPeriph_Driver/src/stm32f0xx_rcc.o (__aeabi_uidiv)
/Users/nathangovindarajan/Desktop/SystemWorkbench.app/Contents/Eclipse/plugins/fr.ac6.mcu.externaltools.arm-none.macos64_1.17.0.201812190825/tools/compiler/bin/../lib/gcc/arm-none-eabi/7.3.1/thumb/v6-m/libgcc.a(_divsi3.o)
                              src/lcd.o (__aeabi_idiv)
/Users/nathangovindarajan/Desktop/SystemWorkbench.app/Contents/Eclipse/plugins/fr.ac6.mcu.externaltools.arm-none.macos64_1.17.0.201812190825/tools/compiler/bin/../lib/gcc/arm-none-eabi/7.3.1/thumb/v6-m/libgcc.a(_dvmd_tls.o)
                              /Users/nathangovindarajan/Desktop/SystemWorkbench.app/Contents/Eclipse/plugins/fr.ac6.mcu.externaltools.arm-none.macos64_1.17.0.201812190825/tools/compiler/bin/../lib/gcc/arm-none-eabi/7.3.1/thumb/v6-m/libgcc.a(_udivsi3.o) (__aeabi_idiv0)
/Users/nathangovindarajan/Desktop/SystemWorkbench.app/Contents/Eclipse/plugins/fr.ac6.mcu.externaltools.arm-none.macos64_1.17.0.201812190825/tools/compiler/bin/../lib/gcc/arm-none-eabi/7.3.1/../../../../arm-none-eabi/lib/thumb/v6-m/libc.a(lib_a-errno.o)
                              src/syscalls.o (__errno)
/Users/nathangovindarajan/Desktop/SystemWorkbench.app/Contents/Eclipse/plugins/fr.ac6.mcu.externaltools.arm-none.macos64_1.17.0.201812190825/tools/compiler/bin/../lib/gcc/arm-none-eabi/7.3.1/../../../../arm-none-eabi/lib/thumb/v6-m/libc.a(lib_a-exit.o)
                              /Users/nathangovindarajan/Desktop/SystemWorkbench.app/Contents/Eclipse/plugins/fr.ac6.mcu.externaltools.arm-none.macos64_1.17.0.201812190825/tools/compiler/bin/../lib/gcc/arm-none-eabi/7.3.1/../../../../arm-none-eabi/lib/thumb/v6-m/crt0.o (exit)
/Users/nathangovindarajan/Desktop/SystemWorkbench.app/Contents/Eclipse/plugins/fr.ac6.mcu.externaltools.arm-none.macos64_1.17.0.201812190825/tools/compiler/bin/../lib/gcc/arm-none-eabi/7.3.1/../../../../arm-none-eabi/lib/thumb/v6-m/libc.a(lib_a-fflush.o)
                              src/commands.o (fflush)
/Users/nathangovindarajan/Desktop/SystemWorkbench.app/Contents/Eclipse/plugins/fr.ac6.mcu.externaltools.arm-none.macos64_1.17.0.201812190825/tools/compiler/bin/../lib/gcc/arm-none-eabi/7.3.1/../../../../arm-none-eabi/lib/thumb/v6-m/libc.a(lib_a-fgets.o)
                              src/commands.o (fgets)
/Users/nathangovindarajan/Desktop/SystemWorkbench.app/Contents/Eclipse/plugins/fr.ac6.mcu.externaltools.arm-none.macos64_1.17.0.201812190825/tools/compiler/bin/../lib/gcc/arm-none-eabi/7.3.1/../../../../arm-none-eabi/lib/thumb/v6-m/libc.a(lib_a-findfp.o)
                              /Users/nathangovindarajan/Desktop/SystemWorkbench.app/Contents/Eclipse/plugins/fr.ac6.mcu.externaltools.arm-none.macos64_1.17.0.201812190825/tools/compiler/bin/../lib/gcc/arm-none-eabi/7.3.1/../../../../arm-none-eabi/lib/thumb/v6-m/libc.a(lib_a-fflush.o) (__sinit)
/Users/nathangovindarajan/Desktop/SystemWorkbench.app/Contents/Eclipse/plugins/fr.ac6.mcu.externaltools.arm-none.macos64_1.17.0.201812190825/tools/compiler/bin/../lib/gcc/arm-none-eabi/7.3.1/../../../../arm-none-eabi/lib/thumb/v6-m/libc.a(lib_a-freer.o)
                              /Users/nathangovindarajan/Desktop/SystemWorkbench.app/Contents/Eclipse/plugins/fr.ac6.mcu.externaltools.arm-none.macos64_1.17.0.201812190825/tools/compiler/bin/../lib/gcc/arm-none-eabi/7.3.1/../../../../arm-none-eabi/lib/thumb/v6-m/libc.a(lib_a-fflush.o) (_free_r)
/Users/nathangovindarajan/Desktop/SystemWorkbench.app/Contents/Eclipse/plugins/fr.ac6.mcu.externaltools.arm-none.macos64_1.17.0.201812190825/tools/compiler/bin/../lib/gcc/arm-none-eabi/7.3.1/../../../../arm-none-eabi/lib/thumb/v6-m/libc.a(lib_a-fwalk.o)
                              /Users/nathangovindarajan/Desktop/SystemWorkbench.app/Contents/Eclipse/plugins/fr.ac6.mcu.externaltools.arm-none.macos64_1.17.0.201812190825/tools/compiler/bin/../lib/gcc/arm-none-eabi/7.3.1/../../../../arm-none-eabi/lib/thumb/v6-m/libc.a(lib_a-findfp.o) (_fwalk)
/Users/nathangovindarajan/Desktop/SystemWorkbench.app/Contents/Eclipse/plugins/fr.ac6.mcu.externaltools.arm-none.macos64_1.17.0.201812190825/tools/compiler/bin/../lib/gcc/arm-none-eabi/7.3.1/../../../../arm-none-eabi/lib/thumb/v6-m/libc.a(lib_a-impure.o)
                              /Users/nathangovindarajan/Desktop/SystemWorkbench.app/Contents/Eclipse/plugins/fr.ac6.mcu.externaltools.arm-none.macos64_1.17.0.201812190825/tools/compiler/bin/../lib/gcc/arm-none-eabi/7.3.1/../../../../arm-none-eabi/lib/thumb/v6-m/libc.a(lib_a-exit.o) (_global_impure_ptr)
[...]
Memory Configuration

Name             Origin             Length             Attributes
RAM              0x0000000020000000 0x0000000000008000 xrw
ROM              0x0000000008000000 0x0000000000040000 xr
*default*        0x0000000000000000 0xffffffffffffffff

Linker script and memory map

LOAD /Users/nathangovindarajan/Desktop/SystemWorkbench.app/Contents/Eclipse/plugins/fr.ac6.mcu.externaltools.arm-none.macos64_1.17.0.201812190825/tools/compiler/bin/../lib/gcc/arm-none-eabi/7.3.1/thumb/v6-m/crti.o
LOAD /Users/nathangovindarajan/Desktop/SystemWorkbench.app/Contents/Eclipse/plugins/fr.ac6.mcu.externaltools.arm-none.macos64_1.17.0.201812190825/tools/compiler/bin/../lib/gcc/arm-none-eabi/7.3.1/thumb/v6-m/crtbegin.o
LOAD /Users/nathangovindarajan/Desktop/SystemWorkbench.app/Contents/Eclipse/plugins/fr.ac6.mcu.externaltools.arm-none.macos64_1.17.0.201812190825/tools/compiler/bin/../lib/gcc/arm-none-eabi/7.3.1/../../../../arm-none-eabi/lib/thumb/v6-m/crt0.o
LOAD StdPeriph_Driver/src/stm32f0xx_adc.o
LOAD StdPeriph_Driver/src/stm32f0xx_can.o
LOAD StdPeriph_Driver/src/stm32f0xx_cec.o
LOAD StdPeriph_Driver/src/stm32f0xx_comp.o
LOAD StdPeriph_Driver/src/stm32f0xx_crc.o
LOAD StdPeriph_Driver/src/stm32f0xx_crs.o
LOAD StdPeriph_Driver/src/stm32f0xx_dac.o
LOAD StdPeriph_Driver/src/stm32f0xx_dbgmcu.o
LOAD StdPeriph_Driver/src/stm32f0xx_dma.o
LOAD StdPeriph_Driver/src/stm32f0xx_exti.o
LOAD StdPeriph_Driver/src/stm32f0xx_flash.o
LOAD StdPeriph_Driver/src/stm32f0xx_gpio.o
LOAD StdPeriph_Driver/src/stm32f0xx_i2c.o
LOAD StdPeriph_Driver/src/stm32f0xx_iwdg.o
LOAD StdPeriph_Driver/src/stm32f0xx_misc.o
LOAD StdPeriph_Driver/src/stm32f0xx_pwr.o
LOAD StdPeriph_Driver/src/stm32f0xx_rcc.o
LOAD StdPeriph_Driver/src/stm32f0xx_rtc.o
LOAD StdPeriph_Driver/src/stm32f0xx_spi.o
LOAD StdPeriph_Driver/src/stm32f0xx_syscfg.o
LOAD StdPeriph_Driver/src/stm32f0xx_tim.o
LOAD StdPeriph_Driver/src/stm32f0xx_usart.o
LOAD StdPeriph_Driver/src/stm32f0xx_wwdg.o
LOAD src/commands.o
LOAD src/dac.o
LOAD src/diskio.o
LOAD src/display.o
LOAD src/ff.o
LOAD src/ffunicode.o
LOAD src/fifo.o
LOAD src/internal_clock.o
LOAD src/lcd.o
LOAD src/main.o
LOAD src/sdcard.o
LOAD src/stm.o
LOAD src/syscalls.o
LOAD src/system_stm32f0xx.o
LOAD src/timer.o
LOAD src/tty.o
LOAD src/wav.o
LOAD startup/startup_stm32.o
LOAD /Users/nathangovindarajan/Desktop/SystemWorkbench.app/Contents/Eclipse/plugins/fr.ac6.mcu.externaltools.arm-none.macos64_1.17.0.201812190825/tools/compiler/bin/../lib/gcc/arm-none-eabi/7.3.1/../../../../arm-none-eabi/lib/thumb/v6-m/libm.a
START GROUP
LOAD /Users/nathangovindarajan/Desktop/SystemWorkbench.app/Contents/Eclipse/plugins/fr.ac6.mcu.externaltools.arm-none.macos64_1.17.0.201812190825/tools/compiler/bin/../lib/gcc/arm-none-eabi/7.3.1/thumb/v6-m/libgcc.a
LOAD /Users/nathangovindarajan/Desktop/SystemWorkbench.app/Contents/Eclipse/plugins/fr.ac6.mcu.externaltools.arm-none.macos64_1.17.0.201812190825/tools/compiler/bin/../lib/gcc/arm-none-eabi/7.3.1/../../../../arm-none-eabi/lib/thumb/v6-m/libc.a
END GROUP
LOAD /Users/nathangovindarajan/Desktop/SystemWorkbench.app/Contents/Eclipse/plugins/fr.ac6.mcu.externaltools.arm-none.macos64_1.17.0.201812190825/tools/compiler/bin/../lib/gcc/arm-none-eabi/7.3.1/thumb/v6-m/crtend.o
LOAD /Users/nathangovindarajan/Desktop/SystemWorkbench.app/Contents/Eclipse/plugins/fr.ac6.mcu.externaltools.arm-none.macos64_1.17.0.201812190825/tools/compiler/bin/../lib/gcc/arm-none-eabi/7.3.1/thumb/v6-m/crtn.o
                0x0000000020008000                _estack = 0x20008000
                0x0000000000000000                _Min_Heap_Size = 0x0
                0x0000000000000400                _Min_Stack_Size = 0x400

.isr_vector     0x0000000008000000       0xc0
                0x0000000008000000                . = ALIGN (0x4)
 *(.isr_vector)
 .isr_vector    0x0000000008000000       0xc0 startup/startup_stm32.o
                0x0000000008000000                g_pfnVectors
                0x00000000080000c0                . = ALIGN (0x4)

.text           0x00000000080000c0     0xd638
                0x00000000080000c0                . = ALIGN (0x4)
 *(.text)
 .text          0x00000000080000c0       0x48 /Users/nathangovindarajan/Desktop/SystemWorkbench.app/Contents/Eclipse/plugins/fr.ac6.mcu.externaltools.arm-none.macos64_1.17.0.201812190825/tools/compiler/bin/../lib/gcc/arm-none-eabi/7.3.1/thumb/v6-m/crtbegin.o
 .text          0x0000000008000108      0x114 /Users/nathangovindarajan/Desktop/SystemWorkbench.app/Contents/Eclipse/plugins/fr.ac6.mcu.externaltools.arm-none.macos64_1.17.0.201812190825/tools/compiler/bin/../lib/gcc/arm-none-eabi/7.3.1/thumb/v6-m/libgcc.a(_udivsi3.o)
                0x0000000008000108                __udivsi3
                0x0000000008000108                __aeabi_uidiv
                0x0000000008000214                __aeabi_uidivmod
 .text          0x000000000800021c      0x1d4 /Users/nathangovindarajan/Desktop/SystemWorkbench.app/Contents/Eclipse/plugins/fr.ac6.mcu.externaltools.arm-none.macos64_1.17.0.201812190825/tools/compiler/bin/../lib/gcc/arm-none-eabi/7.3.1/thumb/v6-m/libgcc.a(_divsi3.o)
                0x000000000800021c                __aeabi_idiv
                0x000000000800021c                __divsi3
                0x00000000080003e8                __aeabi_idivmod
 .text          0x00000000080003f0        0x4 /Users/nathangovindarajan/Desktop/SystemWorkbench.app/Contents/Eclipse/plugins/fr.ac6.mcu.externaltools.arm-none.macos64_1.17.0.201812190825/tools/compiler/bin/../lib/gcc/arm-none-eabi/7.3.1/thumb/v6-m/libgcc.a(_dvmd_tls.o)
                0x00000000080003f0                __aeabi_ldiv0
                0x00000000080003f0                __aeabi_idiv0
 .text          0x00000000080003f4       0x7c /Users/nathangovindarajan/Desktop/SystemWorkbench.app/Contents/Eclipse/plugins/fr.ac6.mcu.externaltools.arm-none.macos64_1.17.0.201812190825/tools/compiler/bin/../lib/gcc/arm-none-eabi/7.3.1/thumb/v6-m/libgcc.a(_arm_cmpdf2.o)
                0x00000000080003f4                __aeabi_cdrcmple
                0x0000000008000404                __aeabi_cdcmple
                0x0000000008000404                __aeabi_cdcmpeq
                0x0000000008000414                __aeabi_dcmpeq
                0x0000000008000420                __aeabi_dcmplt
                0x0000000008000434                __aeabi_dcmple
                0x0000000008000448                __aeabi_dcmpgt
                0x000000000800045c                __aeabi_dcmpge
 .text          0x0000000008000470       0x40 /Users/nathangovindarajan/Desktop/SystemWorkbench.app/Contents/Eclipse/plugins/fr.ac6.mcu.externaltools.arm-none.macos64_1.17.0.201812190825/tools/compiler/bin/../lib/gcc/arm-none-eabi/7.3.1/thumb/v6-m/libgcc.a(_aeabi_uldivmod.o)
                0x0000000008000470                __aeabi_uldivmod
 .text          0x00000000080004b0      0x184 /Users/nathangovindarajan/Desktop/SystemWorkbench.app/Contents/Eclipse/plugins/fr.ac6.mcu.externaltools.arm-none.macos64_1.17.0.201812190825/tools/compiler/bin/../lib/gcc/arm-none-eabi/7.3.1/thumb/v6-m/libgcc.a(_udivmoddi4.o)
                0x00000000080004b0                __udivmoddi4
 .text          0x0000000008000634      0x638 /Users/nathangovindarajan/Desktop/SystemWorkbench.app/Contents/Eclipse/plugins/fr.ac6.mcu.externaltools.arm-none.macos64_1.17.0.201812190825/tools/compiler/bin/../lib/gcc/arm-none-eabi/7.3.1/thumb/v6-m/libgcc.a(adddf3.o)
                0x0000000008000634                __aeabi_dadd
 .text          0x0000000008000c6c      0x604 /Users/nathangovindarajan/Desktop/SystemWorkbench.app/Contents/Eclipse/plugins/fr.ac6.mcu.externaltools.arm-none.macos64_1.17.0.201812190825/tools/compiler/bin/../lib/gcc/arm-none-eabi/7.3.1/thumb/v6-m/libgcc.a(divdf3.o)
                0x0000000008000c6c                __aeabi_ddiv
 .text          0x0000000008001270       0x78 /Users/nathangovindarajan/Desktop/SystemWorkbench.app/Contents/Eclipse/plugins/fr.ac6.mcu.externaltools.arm-none.macos64_1.17.0.201812190825/tools/compiler/bin/../lib/gcc/arm-none-eabi/7.3.1/thumb/v6-m/libgcc.a(eqdf2.o)
                0x0000000008001270                __eqdf2
                0x0000000008001270                __nedf2
 .text          0x00000000080012e8       0xc8 /Users/nathangovindarajan/Desktop/SystemWorkbench.app/Contents/Eclipse/plugins/fr.ac6.mcu.externaltools.arm-none.macos64_1.17.0.201812190825/tools/compiler/bin/../lib/gcc/arm-none-eabi/7.3.1/thumb/v6-m/libgcc.a(gedf2.o)
                0x00000000080012e8                __gtdf2
                0x00000000080012e8                __gedf2
 .text          0x00000000080013b0       0xd0 /Users/nathangovindarajan/Desktop/SystemWorkbench.app/Contents/Eclipse/plugins/fr.ac6.mcu.externaltools.arm-none.macos64_1.17.0.201812190825/tools/compiler/bin/../lib/gcc/arm-none-eabi/7.3.1/thumb/v6-m/libgcc.a(ledf2.o)
                0x00000000080013b0                __ltdf2
                0x00000000080013b0                __ledf2
 .text          0x0000000008001480      0x4e4 /Users/nathangovindarajan/Desktop/SystemWorkbench.app/Contents/Eclipse/plugins/fr.ac6.mcu.externaltools.arm-none.macos64_1.17.0.201812190825/tools/compiler/bin/../lib/gcc/arm-none-eabi/7.3.1/thumb/v6-m/libgcc.a(muldf3.o)
                0x0000000008001480                __aeabi_dmul
 .text          0x0000000008001964      0x690 /Users/nathangovindarajan/Desktop/SystemWorkbench.app/Contents/Eclipse/plugins/fr.ac6.mcu.externaltools.arm-none.macos64_1.17.0.201812190825/tools/compiler/bin/../lib/gcc/arm-none-eabi/7.3.1/thumb/v6-m/libgcc.a(subdf3.o)
                0x0000000008001964                __aeabi_dsub
 .text          0x0000000008001ff4       0x38 /Users/nathangovindarajan/Desktop/SystemWorkbench.app/Contents/Eclipse/plugins/fr.ac6.mcu.externaltools.arm-none.macos64_1.17.0.201812190825/tools/compiler/bin/../lib/gcc/arm-none-eabi/7.3.1/thumb/v6-m/libgcc.a(unorddf2.o)
                0x0000000008001ff4                __aeabi_dcmpun
 .text          0x000000000800202c       0x6c /Users/nathangovindarajan/Desktop/SystemWorkbench.app/Contents/Eclipse/plugins/fr.ac6.mcu.externaltools.arm-none.macos64_1.17.0.201812190825/tools/compiler/bin/../lib/gcc/arm-none-eabi/7.3.1/thumb/v6-m/libgcc.a(fixdfsi.o)
                0x000000000800202c                __aeabi_d2iz
 .text          0x0000000008002098       0x74 /Users/nathangovindarajan/Desktop/SystemWorkbench.app/Contents/Eclipse/plugins/fr.ac6.mcu.externaltools.arm-none.macos64_1.17.0.201812190825/tools/compiler/bin/../lib/gcc/arm-none-eabi/7.3.1/thumb/v6-m/libgcc.a(floatsidf.o)
                0x0000000008002098                __aeabi_i2d
 .text          0x000000000800210c       0x64 /Users/nathangovindarajan/Desktop/SystemWorkbench.app/Contents/Eclipse/plugins/fr.ac6.mcu.externaltools.arm-none.macos64_1.17.0.201812190825/tools/compiler/bin/../lib/gcc/arm-none-eabi/7.3.1/thumb/v6-m/libgcc.a(floatunsidf.o)
                0x000000000800210c                __aeabi_ui2d
 .text          0x0000000008002170       0x3c /Users/nathangovindarajan/Desktop/SystemWorkbench.app/Contents/Eclipse/plugins/fr.ac6.mcu.externaltools.arm-none.macos64_1.17.0.201812190825/tools/compiler/bin/../lib/gcc/arm-none-eabi/7.3.1/thumb/v6-m/libgcc.a(_clzsi2.o)
                0x0000000008002170                __clzsi2
 .text          0x00000000080021ac       0x18 /Users/nathangovindarajan/Desktop/SystemWorkbench.app/Contents/Eclipse/plugins/fr.ac6.mcu.externaltools.arm-none.macos64_1.17.0.201812190825/tools/compiler/bin/../lib/gcc/arm-none-eabi/7.3.1/thumb/v6-m/libgcc.a(_clzdi2.o)
                0x00000000080021ac                __clzdi2
 *(.text*)
 .text.get_fattime
                0x00000000080021c4       0x14 src/commands.o
                0x00000000080021c4                get_fattime
 .text.togglePlay
                0x00000000080021d8       0x34 src/dac.o
                0x00000000080021d8                togglePlay
 .text.stop     0x000000000800220c       0x68 src/dac.o
                0x000000000800220c                stop
 .text.play     0x0000000008002274      0x2f0 src/dac.o
                0x0000000008002274                play
 .text.DMA1_CH4_5_6_7_DMA2_CH3_4_5_IRQHandler
                0x0000000008002564       0xf8 src/dac.o
                0x0000000008002564                DMA1_CH4_5_6_7_DMA2_CH3_4_5_IRQHandler
 .text.spi_clear_rxfifo
                0x000000000800265c       0x28 src/diskio.o
                0x000000000800265c                spi_clear_rxfifo
 .text.sdcard_write
                0x0000000008002684       0x68 src/diskio.o
                0x0000000008002684                sdcard_write
 .text.sdcard_init_clock
                0x00000000080026ec       0x26 src/diskio.o
                0x00000000080026ec                sdcard_init_clock
 .text.sdcard_cmd
                0x0000000008002712       0x8c src/diskio.o
                0x0000000008002712                sdcard_cmd
 .text.sdcard_r3
                0x000000000800279e       0x54 src/diskio.o
                0x000000000800279e                sdcard_r3
 *fill*         0x00000000080027f2        0x2 
 .text.sdcard_readblock
                0x00000000080027f4       0x9c src/diskio.o
                0x00000000080027f4                sdcard_readblock
 .text.sdcard_writeblock
                0x0000000008002890       0x8e src/diskio.o
                0x0000000008002890                sdcard_writeblock
 *fill*         0x000000000800291e        0x2 
 .text.disk_initialize
                0x0000000008002920      0x114 src/diskio.o
                0x0000000008002920                disk_initialize
 .text.disk_status
                0x0000000008002a34       0x64 src/diskio.o
                0x0000000008002a34                disk_status
 .text.disk_read
                0x0000000008002a98       0x9e src/diskio.o
                0x0000000008002a98                disk_read
 .text.disk_write
                0x0000000008002b36       0x9e src/diskio.o
                0x0000000008002b36                disk_write
 .text.disk_ioctl
                0x0000000008002bd4       0xac src/diskio.o
                0x0000000008002bd4                disk_ioctl
 .text.printError
                0x0000000008002c80       0x80 src/display.o
                0x0000000008002c80                printError
 .text.printEndError
                0x0000000008002d00       0xec src/display.o
                0x0000000008002d00                printEndError
 .text.updateFiles
                0x0000000008002dec      0x198 src/display.o
                0x0000000008002dec                updateFiles
 .text.getSelectedFile
                0x0000000008002f84       0x94 src/display.o
                0x0000000008002f84                getSelectedFile
 .text.handleFileSelectButton
                0x0000000008003018      0x15c src/display.o
                0x0000000008003018                handleFileSelectButton
 .text.handleFileNextButton
                0x0000000008003174       0x4c src/display.o
                0x0000000008003174                handleFileNextButton
 .text.initPlayingDisplay
                0x00000000080031c0      0x10c src/display.o
                0x00000000080031c0                initPlayingDisplay
 .text.updatePlayingDisplay
                0x00000000080032cc      0x254 src/display.o
                0x00000000080032cc                updatePlayingDisplay
 .text.updateFilesDisplay
                0x0000000008003520      0x148 src/display.o
                0x0000000008003520                updateFilesDisplay
 .text.ld_word  0x0000000008003668       0x36 src/ff.o
 .text.ld_dword
                0x000000000800369e       0x42 src/ff.o
 .text.st_word  0x00000000080036e0       0x3c src/ff.o
 .text.st_dword
                0x000000000800371c       0x54 src/ff.o
 .text.mem_cpy  0x0000000008003770       0x3e src/ff.o
 .text.mem_set  0x00000000080037ae       0x30 src/ff.o
 .text.mem_cmp  0x00000000080037de       0x4a src/ff.o
 .text.chk_chr  0x0000000008003828       0x32 src/ff.o
 .text.dbc_1st  0x000000000800385a       0x46 src/ff.o
 .text.dbc_2nd  0x00000000080038a0       0x5e src/ff.o
 .text.tchar2uni
                0x00000000080038fe       0xae src/ff.o
 .text.put_utf  0x00000000080039ac       0x88 src/ff.o
 .text.sync_window
                0x0000000008003a34       0x82 src/ff.o
 .text.move_window
                0x0000000008003ab6       0x6c src/ff.o
 *fill*         0x0000000008003b22        0x2 
 .text.sync_fs  0x0000000008003b24       0xf8 src/ff.o
 .text.clst2sect
                0x0000000008003c1c       0x38 src/ff.o
 .text.get_fat  0x0000000008003c54      0x152 src/ff.o
 .text.put_fat  0x0000000008003da6      0x1fe src/ff.o
 .text.remove_chain
                0x0000000008003fa4       0xea src/ff.o
 .text.create_chain
                0x000000000800408e      0x1c4 src/ff.o
 .text.dir_clear
                0x0000000008004252       0x94 src/ff.o
 *fill*         0x00000000080042e6        0x2 
 .text.dir_sdi  0x00000000080042e8      0x100 src/ff.o
 .text.dir_next
                0x00000000080043e8      0x134 src/ff.o
 .text.dir_alloc
                0x000000000800451c       0xb2 src/ff.o
 .text.ld_clust
                0x00000000080045ce       0x3e src/ff.o
 .text.st_clust
                0x000000000800460c       0x40 src/ff.o
 .text.cmp_lfn  0x000000000800464c      0x100 src/ff.o
 .text.pick_lfn
                0x000000000800474c       0xf0 src/ff.o
 .text.put_lfn  0x000000000800483c       0xf4 src/ff.o
 .text.gen_numname
                0x0000000008004930      0x150 src/ff.o
 .text.sum_sfn  0x0000000008004a80       0x4c src/ff.o
 .text.dir_read
                0x0000000008004acc      0x1c2 src/ff.o
 .text.dir_find
                0x0000000008004c8e      0x1fc src/ff.o
 .text.dir_register
                0x0000000008004e8a      0x220 src/ff.o
 *fill*         0x00000000080050aa        0x2 
 .text.get_fileinfo
                0x00000000080050ac      0x2a4 src/ff.o
 .text.create_name
                0x0000000008005350      0x4e4 src/ff.o
 .text.follow_path
                0x0000000008005834      0x154 src/ff.o
 .text.get_ldnumber
                0x0000000008005988       0x9c src/ff.o
 .text.check_fs
                0x0000000008005a24      0x14c src/ff.o
 .text.find_volume
                0x0000000008005b70       0xbe src/ff.o
 *fill*         0x0000000008005c2e        0x2 
 .text.mount_volume
                0x0000000008005c30      0x43c src/ff.o
 .text.validate
                0x000000000800606c       0x7a src/ff.o
 *fill*         0x00000000080060e6        0x2 
 .text.f_mount  0x00000000080060e8       0x8c src/ff.o
                0x00000000080060e8                f_mount
 .text.f_open   0x0000000008006174      0x382 src/ff.o
                0x0000000008006174                f_open
 .text.f_read   0x00000000080064f6      0x26a src/ff.o
                0x00000000080064f6                f_read
 .text.f_write  0x0000000008006760      0x2da src/ff.o
                0x0000000008006760                f_write
 .text.f_sync   0x0000000008006a3a      0x112 src/ff.o
                0x0000000008006a3a                f_sync
 .text.f_close  0x0000000008006b4c       0x52 src/ff.o
                0x0000000008006b4c                f_close
 .text.f_chdir  0x0000000008006b9e       0xb2 src/ff.o
                0x0000000008006b9e                f_chdir
 .text.f_lseek  0x0000000008006c50      0x27c src/ff.o
                0x0000000008006c50                f_lseek
 .text.f_opendir
                0x0000000008006ecc       0xde src/ff.o
                0x0000000008006ecc                f_opendir
 .text.f_closedir
                0x0000000008006faa       0x3a src/ff.o
                0x0000000008006faa                f_closedir
 .text.f_readdir
                0x0000000008006fe4       0xaa src/ff.o
                0x0000000008006fe4                f_readdir
 .text.putc_bfd
                0x000000000800708e       0x74 src/ff.o
 .text.putc_flush
                0x0000000008007102       0x4a src/ff.o
 .text.putc_init
                0x000000000800714c       0x24 src/ff.o
 .text.f_printf
                0x0000000008007170      0x4f0 src/ff.o
                0x0000000008007170                f_printf
 .text.ff_uni2oem
                0x0000000008007660       0xdc src/ffunicode.o
                0x0000000008007660                ff_uni2oem
 .text.ff_oem2uni
                0x000000000800773c       0xcc src/ffunicode.o
                0x000000000800773c                ff_oem2uni
 .text.ff_wtoupper
                0x0000000008007808      0x194 src/ffunicode.o
                0x0000000008007808                ff_wtoupper
 .text.internal_clock
                0x000000000800799c       0x98 src/internal_clock.o
                0x000000000800799c                internal_clock
 .text.tft_select
                0x0000000008007a34       0x54 src/lcd.o
 .text.tft_reset
                0x0000000008007a88       0x2c src/lcd.o
 .text.tft_reg_select
                0x0000000008007ab4       0x2c src/lcd.o
 .text.nano_wait
                0x0000000008007ae0       0x18 src/lcd.o
 .text.LCD_Reset
                0x0000000008007af8       0x38 src/lcd.o
                0x0000000008007af8                LCD_Reset
 .text.LCD_WR_REG
                0x0000000008007b30       0x40 src/lcd.o
                0x0000000008007b30                LCD_WR_REG
 .text.LCD_WR_DATA
                0x0000000008007b70       0x40 src/lcd.o
                0x0000000008007b70                LCD_WR_DATA
 .text.LCD_WriteData16_Prepare
                0x0000000008007bb0       0x2c src/lcd.o
                0x0000000008007bb0                LCD_WriteData16_Prepare
 .text.LCD_WriteData16
                0x0000000008007bdc       0x30 src/lcd.o
                0x0000000008007bdc                LCD_WriteData16
 .text.LCD_WriteData16_End
                0x0000000008007c0c       0x24 src/lcd.o
                0x0000000008007c0c                LCD_WriteData16_End
 .text.LCD_WriteReg
                0x0000000008007c30       0x30 src/lcd.o
                0x0000000008007c30                LCD_WriteReg
 .text.LCD_WriteRAM_Prepare
                0x0000000008007c60       0x1c src/lcd.o
                0x0000000008007c60                LCD_WriteRAM_Prepare
 .text.LCD_direction
                0x0000000008007c7c       0xa4 src/lcd.o
                0x0000000008007c7c                LCD_direction
 .text.LCD_Init
                0x0000000008007d20      0x2a4 src/lcd.o
                0x0000000008007d20                LCD_Init
 .text.LCD_Setup
                0x0000000008007fc4       0x38 src/lcd.o
                0x0000000008007fc4                LCD_Setup
 .text.LCD_SetWindow
                0x0000000008007ffc       0xc0 src/lcd.o
                0x0000000008007ffc                LCD_SetWindow
 .text.LCD_Clear
                0x00000000080080bc       0x84 src/lcd.o
                0x00000000080080bc                LCD_Clear
 .text._LCD_DrawPoint
                0x0000000008008140       0x4e src/lcd.o
 *fill*         0x000000000800818e        0x2 
 .text._LCD_DrawChar
                0x0000000008008190      0x22c src/lcd.o
                0x0000000008008190                _LCD_DrawChar
 .text.LCD_DrawString
                0x00000000080083bc       0xc8 src/lcd.o
                0x00000000080083bc                LCD_DrawString
 .text.main     0x0000000008008484       0x78 src/main.o
                0x0000000008008484                main
 .text.openSDCardFile
                0x00000000080084fc       0x22 src/sdcard.o
                0x00000000080084fc                openSDCardFile
 .text.closeSDCardFile
                0x000000000800851e       0x1c src/sdcard.o
                0x000000000800851e                closeSDCardFile
 *fill*         0x000000000800853a        0x2 
 .text.init_spi1_slow
                0x000000000800853c      0x154 src/stm.o
                0x000000000800853c                init_spi1_slow
 .text.enable_sdcard
                0x0000000008008690       0x1c src/stm.o
                0x0000000008008690                enable_sdcard
 .text.disable_sdcard
                0x00000000080086ac       0x1c src/stm.o
                0x00000000080086ac                disable_sdcard
 .text.init_sdcard_io
                0x00000000080086c8       0x30 src/stm.o
                0x00000000080086c8                init_sdcard_io
 .text.sdcard_io_high_speed
                0x00000000080086f8       0x50 src/stm.o
                0x00000000080086f8                sdcard_io_high_speed
 .text.init_lcd_spi
                0x0000000008008748       0x84 src/stm.o
                0x0000000008008748                init_lcd_spi
 .text._sbrk    0x00000000080087cc       0x58 src/syscalls.o
                0x00000000080087cc                _sbrk
 .text.SystemInit
                0x0000000008008824       0x8c src/system_stm32f0xx.o
                0x0000000008008824                SystemInit
 .text.SetSysClock
                0x00000000080088b0       0xe0 src/system_stm32f0xx.o
 .text.initDisplay
                0x0000000008008990       0x54 src/timer.o
                0x0000000008008990                initDisplay
 .text.initButtonScanning
                0x00000000080089e4       0x88 src/timer.o
                0x00000000080089e4                initButtonScanning
 .text.enableTimer6
                0x0000000008008a6c       0x20 src/timer.o
                0x0000000008008a6c                enableTimer6
 .text.disableDisplay
                0x0000000008008a8c       0x24 src/timer.o
                0x0000000008008a8c                disableDisplay
 .text.enableButtonScanning
                0x0000000008008ab0       0x20 src/timer.o
                0x0000000008008ab0                enableButtonScanning
 .text.disableButtonScanning
                0x0000000008008ad0       0x20 src/timer.o
                0x0000000008008ad0                disableButtonScanning
 .text.enableDisplay
                0x0000000008008af0       0x54 src/timer.o
                0x0000000008008af0                enableDisplay
 .text.enableErrorMode
                0x0000000008008b44       0x20 src/timer.o
                0x0000000008008b44                enableErrorMode
 .text.TIM6_DAC_IRQHandler
                0x0000000008008b64       0x3c src/timer.o
                0x0000000008008b64                TIM6_DAC_IRQHandler
 .text.TIM7_IRQHandler
                0x0000000008008ba0      0x1f0 src/timer.o
                0x0000000008008ba0                TIM7_IRQHandler
 .text.be       0x0000000008008d90       0x36 src/wav.o
                0x0000000008008d90                be
 *fill*         0x0000000008008dc6        0x2 
 .text.verifyWavFile
                0x0000000008008dc8      0x20c src/wav.o
                0x0000000008008dc8                verifyWavFile
 .text.playSDCardWavfile
                0x0000000008008fd4       0x80 src/wav.o
                0x0000000008008fd4                playSDCardWavfile
 .text.Reset_Handler
                0x0000000008009054       0x50 startup/startup_stm32.o
                0x0000000008009054                Reset_Handler
 .text.Default_Handler
                0x00000000080090a4        0x2 startup/startup_stm32.o
                0x00000000080090a4                TIM1_BRK_UP_TRG_COM_IRQHandler
                0x00000000080090a4                TSC_IRQHandler
                0x00000000080090a4                HardFault_Handler
                0x00000000080090a4                SysTick_Handler
                0x00000000080090a4                PVD_IRQHandler
                0x00000000080090a4                PendSV_Handler
                0x00000000080090a4                NMI_Handler
                0x00000000080090a4                I2C1_IRQHandler
                0x00000000080090a4                RCC_CRS_IRQHandler
                0x00000000080090a4                SPI1_IRQHandler
                0x00000000080090a4                EXTI2_3_IRQHandler
                0x00000000080090a4                I2C2_IRQHandler
                0x00000000080090a4                TIM17_IRQHandler
                0x00000000080090a4                CEC_CAN_IRQHandler
                0x00000000080090a4                RTC_IRQHandler
                0x00000000080090a4                TIM16_IRQHandler
                0x00000000080090a4                TIM3_IRQHandler
                0x00000000080090a4                EXTI4_15_IRQHandler
                0x00000000080090a4                Default_Handler
                0x00000000080090a4                DMA1_CH2_3_DMA2_CH1_2_IRQHandler
                0x00000000080090a4                TIM14_IRQHandler
                0x00000000080090a4                TIM15_IRQHandler
                0x00000000080090a4                EXTI0_1_IRQHandler
                0x00000000080090a4                USB_IRQHandler
                0x00000000080090a4                SPI2_IRQHandler
                0x00000000080090a4                DMA1_CH1_IRQHandler
                0x00000000080090a4                SVC_Handler
                0x00000000080090a4                WWDG_IRQHandler
                0x00000000080090a4                TIM2_IRQHandler
                0x00000000080090a4                ADC_COMP_IRQHandler
                0x00000000080090a4                USART2_IRQHandler
                0x00000000080090a4                USART3_4_5_6_7_8_IRQHandler
                0x00000000080090a4                FLASH_IRQHandler
                0x00000000080090a4                USART1_IRQHandler
                0x00000000080090a4                TIM1_CC_IRQHandler
 *fill*         0x00000000080090a6        0x2 
 .text.__errno  0x00000000080090a8        0xc /Users/nathangovindarajan/Desktop/SystemWorkbench.app/Contents/Eclipse/plugins/fr.ac6.mcu.externaltools.arm-none.macos64_1.17.0.201812190825/tools/compiler/bin/../lib/gcc/arm-none-eabi/7.3.1/../../../../arm-none-eabi/lib/thumb/v6-m/libc.a(lib_a-errno.o)
                0x00000000080090a8                __errno
 .text._malloc_trim_r
                0x00000000080090b4       0xa0 /Users/nathangovindarajan/Desktop/SystemWorkbench.app/Contents/Eclipse/plugins/fr.ac6.mcu.externaltools.arm-none.macos64_1.17.0.201812190825/tools/compiler/bin/../lib/gcc/arm-none-eabi/7.3.1/../../../../arm-none-eabi/lib/thumb/v6-m/libc.a(lib_a-freer.o)
                0x00000000080090b4                _malloc_trim_r
 .text._free_r  0x0000000008009154      0x1d4 /Users/nathangovindarajan/Desktop/SystemWorkbench.app/Contents/Eclipse/plugins/fr.ac6.mcu.externaltools.arm-none.macos64_1.17.0.201812190825/tools/compiler/bin/../lib/gcc/arm-none-eabi/7.3.1/../../../../arm-none-eabi/lib/thumb/v6-m/libc.a(lib_a-freer.o)
                0x0000000008009154                _free_r
 .text.__libc_init_array
                0x0000000008009328       0x48 /Users/nathangovindarajan/Desktop/SystemWorkbench.app/Contents/Eclipse/plugins/fr.ac6.mcu.externaltools.arm-none.macos64_1.17.0.201812190825/tools/compiler/bin/../lib/gcc/arm-none-eabi/7.3.1/../../../../arm-none-eabi/lib/thumb/v6-m/libc.a(lib_a-init.o)
                0x0000000008009328                __libc_init_array
 .text.__retarget_lock_acquire_recursive
                0x0000000008009370        0x4 /Users/nathangovindarajan/Desktop/SystemWorkbench.app/Contents/Eclipse/plugins/fr.ac6.mcu.externaltools.arm-none.macos64_1.17.0.201812190825/tools/compiler/bin/../lib/gcc/arm-none-eabi/7.3.1/../../../../arm-none-eabi/lib/thumb/v6-m/libc.a(lib_a-lock.o)
                0x0000000008009370                __retarget_lock_acquire_recursive
 .text.__retarget_lock_release_recursive
                0x0000000008009374        0x4 /Users/nathangovindarajan/Desktop/SystemWorkbench.app/Contents/Eclipse/plugins/fr.ac6.mcu.externaltools.arm-none.macos64_1.17.0.201812190825/tools/compiler/bin/../lib/gcc/arm-none-eabi/7.3.1/../../../../arm-none-eabi/lib/thumb/v6-m/libc.a(lib_a-lock.o)
                0x0000000008009374                __retarget_lock_release_recursive
 .text.malloc   0x0000000008009378       0x14 /Users/nathangovindarajan/Desktop/SystemWorkbench.app/Contents/Eclipse/plugins/fr.ac6.mcu.externaltools.arm-none.macos64_1.17.0.201812190825/tools/compiler/bin/../lib/gcc/arm-none-eabi/7.3.1/../../../../arm-none-eabi/lib/thumb/v6-m/libc.a(lib_a-malloc.o)
                0x0000000008009378                malloc
 .text.free     0x000000000800938c       0x14 /Users/nathangovindarajan/Desktop/SystemWorkbench.app/Contents/Eclipse/plugins/fr.ac6.mcu.externaltools.arm-none.macos64_1.17.0.201812190825/tools/compiler/bin/../lib/gcc/arm-none-eabi/7.3.1/../../../../arm-none-eabi/lib/thumb/v6-m/libc.a(lib_a-malloc.o)
                0x000000000800938c                free
 .text._malloc_r
                0x00000000080093a0      0x554 /Users/nathangovindarajan/Desktop/SystemWorkbench.app/Contents/Eclipse/plugins/fr.ac6.mcu.externaltools.arm-none.macos64_1.17.0.201812190825/tools/compiler/bin/../lib/gcc/arm-none-eabi/7.3.1/../../../../arm-none-eabi/lib/thumb/v6-m/libc.a(lib_a-mallocr.o)
                0x00000000080093a0                _malloc_r
 .text.memchr   0x00000000080098f4       0x80 /Users/nathangovindarajan/Desktop/SystemWorkbench.app/Contents/Eclipse/plugins/fr.ac6.mcu.externaltools.arm-none.macos64_1.17.0.201812190825/tools/compiler/bin/../lib/gcc/arm-none-eabi/7.3.1/../../../../arm-none-eabi/lib/thumb/v6-m/libc.a(lib_a-memchr-stub.o)
                0x00000000080098f4                memchr
 .text.memcpy   0x0000000008009974       0x88 /Users/nathangovindarajan/Desktop/SystemWorkbench.app/Contents/Eclipse/plugins/fr.ac6.mcu.externaltools.arm-none.macos64_1.17.0.201812190825/tools/compiler/bin/../lib/gcc/arm-none-eabi/7.3.1/../../../../arm-none-eabi/lib/thumb/v6-m/libc.a(lib_a-memcpy-stub.o)
                0x0000000008009974                memcpy
 .text.memset   0x00000000080099fc       0x9c /Users/nathangovindarajan/Desktop/SystemWorkbench.app/Contents/Eclipse/plugins/fr.ac6.mcu.externaltools.arm-none.macos64_1.17.0.201812190825/tools/compiler/bin/../lib/gcc/arm-none-eabi/7.3.1/../../../../arm-none-eabi/lib/thumb/v6-m/libc.a(lib_a-memset.o)
                0x00000000080099fc                memset
 .text.__malloc_lock
                0x0000000008009a98       0x10 /Users/nathangovindarajan/Desktop/SystemWorkbench.app/Contents/Eclipse/plugins/fr.ac6.mcu.externaltools.arm-none.macos64_1.17.0.201812190825/tools/compiler/bin/../lib/gcc/arm-none-eabi/7.3.1/../../../../arm-none-eabi/lib/thumb/v6-m/libc.a(lib_a-mlock.o)
                0x0000000008009a98                __malloc_lock
 .text.__malloc_unlock
                0x0000000008009aa8       0x10 /Users/nathangovindarajan/Desktop/SystemWorkbench.app/Contents/Eclipse/plugins/fr.ac6.mcu.externaltools.arm-none.macos64_1.17.0.201812190825/tools/compiler/bin/../lib/gcc/arm-none-eabi/7.3.1/../../../../arm-none-eabi/lib/thumb/v6-m/libc.a(lib_a-mlock.o)
                0x0000000008009aa8                __malloc_unlock
 .text._sbrk_r  0x0000000008009ab8       0x24 /Users/nathangovindarajan/Desktop/SystemWorkbench.app/Contents/Eclipse/plugins/fr.ac6.mcu.externaltools.arm-none.macos64_1.17.0.201812190825/tools/compiler/bin/../lib/gcc/arm-none-eabi/7.3.1/../../../../arm-none-eabi/lib/thumb/v6-m/libc.a(lib_a-sbrkr.o)
                0x0000000008009ab8                _sbrk_r
 .text.sprintf  0x0000000008009adc       0x40 /Users/nathangovindarajan/Desktop/SystemWorkbench.app/Contents/Eclipse/plugins/fr.ac6.mcu.externaltools.arm-none.macos64_1.17.0.201812190825/tools/compiler/bin/../lib/gcc/arm-none-eabi/7.3.1/../../../../arm-none-eabi/lib/thumb/v6-m/libc.a(lib_a-sprintf.o)
                0x0000000008009adc                sprintf
 .text.strcpy   0x0000000008009b1c       0x10 /Users/nathangovindarajan/Desktop/SystemWorkbench.app/Contents/Eclipse/plugins/fr.ac6.mcu.externaltools.arm-none.macos64_1.17.0.201812190825/tools/compiler/bin/../lib/gcc/arm-none-eabi/7.3.1/../../../../arm-none-eabi/lib/thumb/v6-m/libc.a(lib_a-strcpy.o)
                0x0000000008009b1c                strcpy
 .text.strdup   0x0000000008009b2c       0x14 /Users/nathangovindarajan/Desktop/SystemWorkbench.app/Contents/Eclipse/plugins/fr.ac6.mcu.externaltools.arm-none.macos64_1.17.0.201812190825/tools/compiler/bin/../lib/gcc/arm-none-eabi/7.3.1/../../../../arm-none-eabi/lib/thumb/v6-m/libc.a(lib_a-strdup.o)
                0x0000000008009b2c                strdup
 .text._strdup_r
                0x0000000008009b40       0x28 /Users/nathangovindarajan/Desktop/SystemWorkbench.app/Contents/Eclipse/plugins/fr.ac6.mcu.externaltools.arm-none.macos64_1.17.0.201812190825/tools/compiler/bin/../lib/gcc/arm-none-eabi/7.3.1/../../../../arm-none-eabi/lib/thumb/v6-m/libc.a(lib_a-strdup_r.o)
                0x0000000008009b40                _strdup_r
 .text.strlen   0x0000000008009b68       0x64 /Users/nathangovindarajan/Desktop/SystemWorkbench.app/Contents/Eclipse/plugins/fr.ac6.mcu.externaltools.arm-none.macos64_1.17.0.201812190825/tools/compiler/bin/../lib/gcc/arm-none-eabi/7.3.1/../../../../arm-none-eabi/lib/thumb/v6-m/libc.a(lib_a-strlen-stub.o)
                0x0000000008009b68                strlen
 .text.strncpy  0x0000000008009bcc       0x8c /Users/nathangovindarajan/Desktop/SystemWorkbench.app/Contents/Eclipse/plugins/fr.ac6.mcu.externaltools.arm-none.macos64_1.17.0.201812190825/tools/compiler/bin/../lib/gcc/arm-none-eabi/7.3.1/../../../../arm-none-eabi/lib/thumb/v6-m/libc.a(lib_a-strncpy.o)
                0x0000000008009bcc                strncpy
 .text._svfprintf_r
                0x0000000008009c58     0x1b6c /Users/nathangovindarajan/Desktop/SystemWorkbench.app/Contents/Eclipse/plugins/fr.ac6.mcu.externaltools.arm-none.macos64_1.17.0.201812190825/tools/compiler/bin/../lib/gcc/arm-none-eabi/7.3.1/../../../../arm-none-eabi/lib/thumb/v6-m/libc.a(lib_a-svfprintf.o)
                0x0000000008009c58                _svfprintf_r
 .text.startup.register_fini
                0x000000000800b7c4       0x18 /Users/nathangovindarajan/Desktop/SystemWorkbench.app/Contents/Eclipse/plugins/fr.ac6.mcu.externaltools.arm-none.macos64_1.17.0.201812190825/tools/compiler/bin/../lib/gcc/arm-none-eabi/7.3.1/../../../../arm-none-eabi/lib/thumb/v6-m/libc.a(lib_a-__call_atexit.o)
 .text.atexit   0x000000000800b7dc       0x10 /Users/nathangovindarajan/Desktop/SystemWorkbench.app/Contents/Eclipse/plugins/fr.ac6.mcu.externaltools.arm-none.macos64_1.17.0.201812190825/tools/compiler/bin/../lib/gcc/arm-none-eabi/7.3.1/../../../../arm-none-eabi/lib/thumb/v6-m/libc.a(lib_a-atexit.o)
                0x000000000800b7dc                atexit
 .text.quorem   0x000000000800b7ec      0x154 /Users/nathangovindarajan/Desktop/SystemWorkbench.app/Contents/Eclipse/plugins/fr.ac6.mcu.externaltools.arm-none.macos64_1.17.0.201812190825/tools/compiler/bin/../lib/gcc/arm-none-eabi/7.3.1/../../../../arm-none-eabi/lib/thumb/v6-m/libc.a(lib_a-dtoa.o)
 .text._dtoa_r  0x000000000800b940      0xf4c /Users/nathangovindarajan/Desktop/SystemWorkbench.app/Contents/Eclipse/plugins/fr.ac6.mcu.externaltools.arm-none.macos64_1.17.0.201812190825/tools/compiler/bin/../lib/gcc/arm-none-eabi/7.3.1/../../../../arm-none-eabi/lib/thumb/v6-m/libc.a(lib_a-dtoa.o)
                0x000000000800b940                _dtoa_r
 .text.__libc_fini_array
                0x000000000800c88c       0x34 /Users/nathangovindarajan/Desktop/SystemWorkbench.app/Contents/Eclipse/plugins/fr.ac6.mcu.externaltools.arm-none.macos64_1.17.0.201812190825/tools/compiler/bin/../lib/gcc/arm-none-eabi/7.3.1/../../../../arm-none-eabi/lib/thumb/v6-m/libc.a(lib_a-fini.o)
                0x000000000800c88c                __libc_fini_array
 .text._localeconv_r
                0x000000000800c8c0       0x18 /Users/nathangovindarajan/Desktop/SystemWorkbench.app/Contents/Eclipse/plugins/fr.ac6.mcu.externaltools.arm-none.macos64_1.17.0.201812190825/tools/compiler/bin/../lib/gcc/arm-none-eabi/7.3.1/../../../../arm-none-eabi/lib/thumb/v6-m/libc.a(lib_a-localeconv.o)
                0x000000000800c8c0                _localeconv_r
 .text.__ascii_mbtowc
                0x000000000800c8d8       0x2c /Users/nathangovindarajan/Desktop/SystemWorkbench.app/Contents/Eclipse/plugins/fr.ac6.mcu.externaltools.arm-none.macos64_1.17.0.201812190825/tools/compiler/bin/../lib/gcc/arm-none-eabi/7.3.1/../../../../arm-none-eabi/lib/thumb/v6-m/libc.a(lib_a-mbtowc_r.o)
                0x000000000800c8d8                __ascii_mbtowc
 .text.memmove  0x000000000800c904       0x9c /Users/nathangovindarajan/Desktop/SystemWorkbench.app/Contents/Eclipse/plugins/fr.ac6.mcu.externaltools.arm-none.macos64_1.17.0.201812190825/tools/compiler/bin/../lib/gcc/arm-none-eabi/7.3.1/../../../../arm-none-eabi/lib/thumb/v6-m/libc.a(lib_a-memmove.o)
                0x000000000800c904                memmove
 .text._Balloc  0x000000000800c9a0       0x50 /Users/nathangovindarajan/Desktop/SystemWorkbench.app/Contents/Eclipse/plugins/fr.ac6.mcu.externaltools.arm-none.macos64_1.17.0.201812190825/tools/compiler/bin/../lib/gcc/arm-none-eabi/7.3.1/../../../../arm-none-eabi/lib/thumb/v6-m/libc.a(lib_a-mprec.o)
                0x000000000800c9a0                _Balloc
 .text._Bfree   0x000000000800c9f0       0x14 /Users/nathangovindarajan/Desktop/SystemWorkbench.app/Contents/Eclipse/plugins/fr.ac6.mcu.externaltools.arm-none.macos64_1.17.0.201812190825/tools/compiler/bin/../lib/gcc/arm-none-eabi/7.3.1/../../../../arm-none-eabi/lib/thumb/v6-m/libc.a(lib_a-mprec.o)
                0x000000000800c9f0                _Bfree
 .text.__multadd
                0x000000000800ca04       0x8c /Users/nathangovindarajan/Desktop/SystemWorkbench.app/Contents/Eclipse/plugins/fr.ac6.mcu.externaltools.arm-none.macos64_1.17.0.201812190825/tools/compiler/bin/../lib/gcc/arm-none-eabi/7.3.1/../../../../arm-none-eabi/lib/thumb/v6-m/libc.a(lib_a-mprec.o)
                0x000000000800ca04                __multadd
 .text.__hi0bits
                0x000000000800ca90       0x38 /Users/nathangovindarajan/Desktop/SystemWorkbench.app/Contents/Eclipse/plugins/fr.ac6.mcu.externaltools.arm-none.macos64_1.17.0.201812190825/tools/compiler/bin/../lib/gcc/arm-none-eabi/7.3.1/../../../../arm-none-eabi/lib/thumb/v6-m/libc.a(lib_a-mprec.o)
                0x000000000800ca90                __hi0bits
 .text.__lo0bits
                0x000000000800cac8       0x5c /Users/nathangovindarajan/Desktop/SystemWorkbench.app/Contents/Eclipse/plugins/fr.ac6.mcu.externaltools.arm-none.macos64_1.17.0.201812190825/tools/compiler/bin/../lib/gcc/arm-none-eabi/7.3.1/../../../../arm-none-eabi/lib/thumb/v6-m/libc.a(lib_a-mprec.o)
                0x000000000800cac8                __lo0bits
 .text.__i2b    0x000000000800cb24       0x14 /Users/nathangovindarajan/Desktop/SystemWorkbench.app/Contents/Eclipse/plugins/fr.ac6.mcu.externaltools.arm-none.macos64_1.17.0.201812190825/tools/compiler/bin/../lib/gcc/arm-none-eabi/7.3.1/../../../../arm-none-eabi/lib/thumb/v6-m/libc.a(lib_a-mprec.o)
                0x000000000800cb24                __i2b
 .text.__multiply
                0x000000000800cb38      0x178 /Users/nathangovindarajan/Desktop/SystemWorkbench.app/Contents/Eclipse/plugins/fr.ac6.mcu.externaltools.arm-none.macos64_1.17.0.201812190825/tools/compiler/bin/../lib/gcc/arm-none-eabi/7.3.1/../../../../arm-none-eabi/lib/thumb/v6-m/libc.a(lib_a-mprec.o)
                0x000000000800cb38                __multiply
 .text.__pow5mult
                0x000000000800ccb0       0xc0 /Users/nathangovindarajan/Desktop/SystemWorkbench.app/Contents/Eclipse/plugins/fr.ac6.mcu.externaltools.arm-none.macos64_1.17.0.201812190825/tools/compiler/bin/../lib/gcc/arm-none-eabi/7.3.1/../../../../arm-none-eabi/lib/thumb/v6-m/libc.a(lib_a-mprec.o)
                0x000000000800ccb0                __pow5mult
 .text.__lshift
                0x000000000800cd70       0xc8 /Users/nathangovindarajan/Desktop/SystemWorkbench.app/Contents/Eclipse/plugins/fr.ac6.mcu.externaltools.arm-none.macos64_1.17.0.201812190825/tools/compiler/bin/../lib/gcc/arm-none-eabi/7.3.1/../../../../arm-none-eabi/lib/thumb/v6-m/libc.a(lib_a-mprec.o)
                0x000000000800cd70                __lshift
 .text.__mcmp   0x000000000800ce38       0x34 /Users/nathangovindarajan/Desktop/SystemWorkbench.app/Contents/Eclipse/plugins/fr.ac6.mcu.externaltools.arm-none.macos64_1.17.0.201812190825/tools/compiler/bin/../lib/gcc/arm-none-eabi/7.3.1/../../../../arm-none-eabi/lib/thumb/v6-m/libc.a(lib_a-mprec.o)
                0x000000000800ce38                __mcmp
 .text.__mdiff  0x000000000800ce6c      0x124 /Users/nathangovindarajan/Desktop/SystemWorkbench.app/Contents/Eclipse/plugins/fr.ac6.mcu.externaltools.arm-none.macos64_1.17.0.201812190825/tools/compiler/bin/../lib/gcc/arm-none-eabi/7.3.1/../../../../arm-none-eabi/lib/thumb/v6-m/libc.a(lib_a-mprec.o)
                0x000000000800ce6c                __mdiff
 .text.__d2b    0x000000000800cf90       0xbc /Users/nathangovindarajan/Desktop/SystemWorkbench.app/Contents/Eclipse/plugins/fr.ac6.mcu.externaltools.arm-none.macos64_1.17.0.201812190825/tools/compiler/bin/../lib/gcc/arm-none-eabi/7.3.1/../../../../arm-none-eabi/lib/thumb/v6-m/libc.a(lib_a-mprec.o)
                0x000000000800cf90                __d2b
 .text._realloc_r
                0x000000000800d04c      0x3b0 /Users/nathangovindarajan/Desktop/SystemWorkbench.app/Contents/Eclipse/plugins/fr.ac6.mcu.externaltools.arm-none.macos64_1.17.0.201812190825/tools/compiler/bin/../lib/gcc/arm-none-eabi/7.3.1/../../../../arm-none-eabi/lib/thumb/v6-m/libc.a(lib_a-reallocr.o)
                0x000000000800d04c                _realloc_r
 .text.frexp    0x000000000800d3fc       0x64 /Users/nathangovindarajan/Desktop/SystemWorkbench.app/Contents/Eclipse/plugins/fr.ac6.mcu.externaltools.arm-none.macos64_1.17.0.201812190825/tools/compiler/bin/../lib/gcc/arm-none-eabi/7.3.1/../../../../arm-none-eabi/lib/thumb/v6-m/libc.a(lib_a-s_frexp.o)
                0x000000000800d3fc                frexp
 .text.__ssprint_r
                0x000000000800d460      0x118 /Users/nathangovindarajan/Desktop/SystemWorkbench.app/Contents/Eclipse/plugins/fr.ac6.mcu.externaltools.arm-none.macos64_1.17.0.201812190825/tools/compiler/bin/../lib/gcc/arm-none-eabi/7.3.1/../../../../arm-none-eabi/lib/thumb/v6-m/libc.a(lib_a-svfiprintf.o)
                0x000000000800d460                __ssprint_r
 .text.__ascii_wctomb
                0x000000000800d578       0x1c /Users/nathangovindarajan/Desktop/SystemWorkbench.app/Contents/Eclipse/plugins/fr.ac6.mcu.externaltools.arm-none.macos64_1.17.0.201812190825/tools/compiler/bin/../lib/gcc/arm-none-eabi/7.3.1/../../../../arm-none-eabi/lib/thumb/v6-m/libc.a(lib_a-wctomb_r.o)
                0x000000000800d578                __ascii_wctomb
 .text.__register_exitproc
                0x000000000800d594       0xf4 /Users/nathangovindarajan/Desktop/SystemWorkbench.app/Contents/Eclipse/plugins/fr.ac6.mcu.externaltools.arm-none.macos64_1.17.0.201812190825/tools/compiler/bin/../lib/gcc/arm-none-eabi/7.3.1/../../../../arm-none-eabi/lib/thumb/v6-m/libc.a(lib_a-__atexit.o)
                0x000000000800d594                __register_exitproc
 .text._calloc_r
                0x000000000800d688       0x58 /Users/nathangovindarajan/Desktop/SystemWorkbench.app/Contents/Eclipse/plugins/fr.ac6.mcu.externaltools.arm-none.macos64_1.17.0.201812190825/tools/compiler/bin/../lib/gcc/arm-none-eabi/7.3.1/../../../../arm-none-eabi/lib/thumb/v6-m/libc.a(lib_a-callocr.o)
                0x000000000800d688                _calloc_r
 *(.glue_7)
 .glue_7        0x000000000800d6e0        0x0 linker stubs
 *(.glue_7t)
 .glue_7t       0x000000000800d6e0        0x0 linker stubs
 *(.eh_frame)
 .eh_frame      0x000000000800d6e0        0x0 /Users/nathangovindarajan/Desktop/SystemWorkbench.app/Contents/Eclipse/plugins/fr.ac6.mcu.externaltools.arm-none.macos64_1.17.0.201812190825/tools/compiler/bin/../lib/gcc/arm-none-eabi/7.3.1/thumb/v6-m/crtbegin.o
 *(.init)
 .init          0x000000000800d6e0        0x4 /Users/nathangovindarajan/Desktop/SystemWorkbench.app/Contents/Eclipse/plugins/fr.ac6.mcu.externaltools.arm-none.macos64_1.17.0.201812190825/tools/compiler/bin/../lib/gcc/arm-none-eabi/7.3.1/thumb/v6-m/crti.o
                0x000000000800d6e0                _init
 .init          0x000000000800d6e4        0x8 /Users/nathangovindarajan/Desktop/SystemWorkbench.app/Contents/Eclipse/plugins/fr.ac6.mcu.externaltools.arm-none.macos64_1.17.0.201812190825/tools/compiler/bin/../lib/gcc/arm-none-eabi/7.3.1/thumb/v6-m/crtn.o
 *(.fini)
 .fini          0x000000000800d6ec        0x4 /Users/nathangovindarajan/Desktop/SystemWorkbench.app/Contents/Eclipse/plugins/fr.ac6.mcu.externaltools.arm-none.macos64_1.17.0.201812190825/tools/compiler/bin/../lib/gcc/arm-none-eabi/7.3.1/thumb/v6-m/crti.o
                0x000000000800d6ec                _fini
 .fini          0x000000000800d6f0        0x8 /Users/nathangovindarajan/Desktop/SystemWorkbench.app/Contents/Eclipse/plugins/fr.ac6.mcu.externaltools.arm-none.macos64_1.17.0.201812190825/tools/compiler/bin/../lib/gcc/arm-none-eabi/7.3.1/thumb/v6-m/crtn.o
                0x000000000800d6f8                . = ALIGN (0x4)
                0x000000000800d6f8                _etext = .

.vfp11_veneer   0x000000000800d6f8        0x0
 .vfp11_veneer  0x000000000800d6f8        0x0 linker stubs

.v4_bx          0x000000000800d6f8        0x0
 .v4_bx         0x000000000800d6f8        0x0 linker stubs

.iplt           0x000000000800d6f8        0x0
 .iplt          0x000000000800d6f8        0x0 /Users/nathangovindarajan/Desktop/SystemWorkbench.app/Contents/Eclipse/plugins/fr.ac6.mcu.externaltools.arm-none.macos64_1.17.0.201812190825/tools/compiler/bin/../lib/gcc/arm-none-eabi/7.3.1/thumb/v6-m/crtbegin.o

.rodata         0x000000000800d6f8     0xfc48
                0x000000000800d6f8                . = ALIGN (0x4)
 *(.rodata)
 .rodata        0x000000000800d6f8      0x2ac src/display.o
 .rodata        0x000000000800d9a4       0x98 src/ff.o
 .rodata        0x000000000800da3c     0xe9c4 src/ffunicode.o
 .rodata        0x000000000801c400      0xa80 src/lcd.o
                0x000000000801c41c                asc2_1206
                0x000000000801c890                asc2_1608
 .rodata        0x000000000801ce80        0x1 src/main.o
 *fill*         0x000000000801ce81        0x3 
 .rodata        0x000000000801ce84        0x5 src/timer.o
 *fill*         0x000000000801ce89        0x3 
 .rodata        0x000000000801ce8c       0x39 src/wav.o
 *fill*         0x000000000801cec5        0x3 
 .rodata        0x000000000801cec8       0x40 /Users/nathangovindarajan/Desktop/SystemWorkbench.app/Contents/Eclipse/plugins/fr.ac6.mcu.externaltools.arm-none.macos64_1.17.0.201812190825/tools/compiler/bin/../lib/gcc/arm-none-eabi/7.3.1/thumb/v6-m/libgcc.a(divdf3.o)
 .rodata        0x000000000801cf08       0x40 /Users/nathangovindarajan/Desktop/SystemWorkbench.app/Contents/Eclipse/plugins/fr.ac6.mcu.externaltools.arm-none.macos64_1.17.0.201812190825/tools/compiler/bin/../lib/gcc/arm-none-eabi/7.3.1/thumb/v6-m/libgcc.a(muldf3.o)
 *(.rodata*)
 .rodata._global_impure_ptr
                0x000000000801cf48        0x4 /Users/nathangovindarajan/Desktop/SystemWorkbench.app/Contents/Eclipse/plugins/fr.ac6.mcu.externaltools.arm-none.macos64_1.17.0.201812190825/tools/compiler/bin/../lib/gcc/arm-none-eabi/7.3.1/../../../../arm-none-eabi/lib/thumb/v6-m/libc.a(lib_a-impure.o)
                0x000000000801cf48                _global_impure_ptr
 .rodata._svfprintf_r
                0x000000000801cf4c      0x16c /Users/nathangovindarajan/Desktop/SystemWorkbench.app/Contents/Eclipse/plugins/fr.ac6.mcu.externaltools.arm-none.macos64_1.17.0.201812190825/tools/compiler/bin/../lib/gcc/arm-none-eabi/7.3.1/../../../../arm-none-eabi/lib/thumb/v6-m/libc.a(lib_a-svfprintf.o)
 .rodata._svfprintf_r.str1.4
                0x000000000801d0b8       0x42 /Users/nathangovindarajan/Desktop/SystemWorkbench.app/Contents/Eclipse/plugins/fr.ac6.mcu.externaltools.arm-none.macos64_1.17.0.201812190825/tools/compiler/bin/../lib/gcc/arm-none-eabi/7.3.1/../../../../arm-none-eabi/lib/thumb/v6-m/libc.a(lib_a-svfprintf.o)
 *fill*         0x000000000801d0fa        0x2 
 .rodata.blanks.7315
                0x000000000801d0fc       0x10 /Users/nathangovindarajan/Desktop/SystemWorkbench.app/Contents/Eclipse/plugins/fr.ac6.mcu.externaltools.arm-none.macos64_1.17.0.201812190825/tools/compiler/bin/../lib/gcc/arm-none-eabi/7.3.1/../../../../arm-none-eabi/lib/thumb/v6-m/libc.a(lib_a-svfprintf.o)
 .rodata.zeroes.7316
                0x000000000801d10c       0x10 /Users/nathangovindarajan/Desktop/SystemWorkbench.app/Contents/Eclipse/plugins/fr.ac6.mcu.externaltools.arm-none.macos64_1.17.0.201812190825/tools/compiler/bin/../lib/gcc/arm-none-eabi/7.3.1/../../../../arm-none-eabi/lib/thumb/v6-m/libc.a(lib_a-svfprintf.o)
 .rodata._dtoa_r.str1.4
                0x000000000801d11c       0x10 /Users/nathangovindarajan/Desktop/SystemWorkbench.app/Contents/Eclipse/plugins/fr.ac6.mcu.externaltools.arm-none.macos64_1.17.0.201812190825/tools/compiler/bin/../lib/gcc/arm-none-eabi/7.3.1/../../../../arm-none-eabi/lib/thumb/v6-m/libc.a(lib_a-dtoa.o)
                                         0x12 (size before relaxing)
 .rodata._setlocale_r.str1.4
                0x000000000801d12c        0xa /Users/nathangovindarajan/Desktop/SystemWorkbench.app/Contents/Eclipse/plugins/fr.ac6.mcu.externaltools.arm-none.macos64_1.17.0.201812190825/tools/compiler/bin/../lib/gcc/arm-none-eabi/7.3.1/../../../../arm-none-eabi/lib/thumb/v6-m/libc.a(lib_a-locale.o)
                                          0xd (size before relaxing)
 *fill*         0x000000000801d136        0x2 
 .rodata.str1.4
                0x000000000801d138        0x4 /Users/nathangovindarajan/Desktop/SystemWorkbench.app/Contents/Eclipse/plugins/fr.ac6.mcu.externaltools.arm-none.macos64_1.17.0.201812190825/tools/compiler/bin/../lib/gcc/arm-none-eabi/7.3.1/../../../../arm-none-eabi/lib/thumb/v6-m/libc.a(lib_a-locale.o)
                                          0x2 (size before relaxing)
 *fill*         0x000000000801d13c        0x4 
 .rodata.__mprec_bigtens
                0x000000000801d140       0x28 /Users/nathangovindarajan/Desktop/SystemWorkbench.app/Contents/Eclipse/plugins/fr.ac6.mcu.externaltools.arm-none.macos64_1.17.0.201812190825/tools/compiler/bin/../lib/gcc/arm-none-eabi/7.3.1/../../../../arm-none-eabi/lib/thumb/v6-m/libc.a(lib_a-mprec.o)
                0x000000000801d140                __mprec_bigtens
 .rodata.__mprec_tens
                0x000000000801d168       0xc8 /Users/nathangovindarajan/Desktop/SystemWorkbench.app/Contents/Eclipse/plugins/fr.ac6.mcu.externaltools.arm-none.macos64_1.17.0.201812190825/tools/compiler/bin/../lib/gcc/arm-none-eabi/7.3.1/../../../../arm-none-eabi/lib/thumb/v6-m/libc.a(lib_a-mprec.o)
                0x000000000801d168                __mprec_tens
 .rodata.p05.6092
                0x000000000801d230        0xc /Users/nathangovindarajan/Desktop/SystemWorkbench.app/Contents/Eclipse/plugins/fr.ac6.mcu.externaltools.arm-none.macos64_1.17.0.201812190825/tools/compiler/bin/../lib/gcc/arm-none-eabi/7.3.1/../../../../arm-none-eabi/lib/thumb/v6-m/libc.a(lib_a-mprec.o)
 .rodata._ctype_
                0x000000000801d23c      0x101 /Users/nathangovindarajan/Desktop/SystemWorkbench.app/Contents/Eclipse/plugins/fr.ac6.mcu.externaltools.arm-none.macos64_1.17.0.201812190825/tools/compiler/bin/../lib/gcc/arm-none-eabi/7.3.1/../../../../arm-none-eabi/lib/thumb/v6-m/libc.a(lib_a-ctype_.o)
                0x000000000801d23c                _ctype_
                0x000000000801d340                . = ALIGN (0x4)
 *fill*         0x000000000801d33d        0x3 

.ARM.extab      0x000000000801d340        0x0
                0x000000000801d340                . = ALIGN (0x4)
 *(.ARM.extab* .gnu.linkonce.armextab.*)
                0x000000000801d340                . = ALIGN (0x4)

.ARM            0x000000000801d340        0x8
                0x000000000801d340                . = ALIGN (0x4)
                0x000000000801d340                __exidx_start = .
 *(.ARM.exidx*)
 .ARM.exidx     0x000000000801d340        0x8 /Users/nathangovindarajan/Desktop/SystemWorkbench.app/Contents/Eclipse/plugins/fr.ac6.mcu.externaltools.arm-none.macos64_1.17.0.201812190825/tools/compiler/bin/../lib/gcc/arm-none-eabi/7.3.1/thumb/v6-m/libgcc.a(_udivmoddi4.o)
                0x000000000801d348                __exidx_end = .
                0x000000000801d348                . = ALIGN (0x4)

.rel.dyn        0x000000000801d348        0x0
 .rel.iplt      0x000000000801d348        0x0 /Users/nathangovindarajan/Desktop/SystemWorkbench.app/Contents/Eclipse/plugins/fr.ac6.mcu.externaltools.arm-none.macos64_1.17.0.201812190825/tools/compiler/bin/../lib/gcc/arm-none-eabi/7.3.1/thumb/v6-m/crtbegin.o

.preinit_array  0x000000000801d348        0x0
                0x000000000801d348                . = ALIGN (0x4)
                0x000000000801d348                PROVIDE (__preinit_array_start = .)
 *(.preinit_array*)
                0x000000000801d348                PROVIDE (__preinit_array_end = .)
                0x000000000801d348                . = ALIGN (0x4)

.init_array     0x000000000801d348        0x8
                0x000000000801d348                . = ALIGN (0x4)
                0x000000000801d348                PROVIDE (__init_array_start = .)
 *(SORT_BY_NAME(.init_array.*))
 .init_array.00000
                0x000000000801d348        0x4 /Users/nathangovindarajan/Desktop/SystemWorkbench.app/Contents/Eclipse/plugins/fr.ac6.mcu.externaltools.arm-none.macos64_1.17.0.201812190825/tools/compiler/bin/../lib/gcc/arm-none-eabi/7.3.1/../../../../arm-none-eabi/lib/thumb/v6-m/libc.a(lib_a-__call_atexit.o)
 *(.init_array*)
 .init_array    0x000000000801d34c        0x4 /Users/nathangovindarajan/Desktop/SystemWorkbench.app/Contents/Eclipse/plugins/fr.ac6.mcu.externaltools.arm-none.macos64_1.17.0.201812190825/tools/compiler/bin/../lib/gcc/arm-none-eabi/7.3.1/thumb/v6-m/crtbegin.o
                0x000000000801d350                PROVIDE (__init_array_end = .)
                0x000000000801d350                . = ALIGN (0x4)

.fini_array     0x000000000801d350        0x4
                0x000000000801d350                . = ALIGN (0x4)
                0x000000000801d350                PROVIDE (__fini_array_start = .)
 *(SORT_BY_NAME(.fini_array.*))
 *(.fini_array*)
 .fini_array    0x000000000801d350        0x4 /Users/nathangovindarajan/Desktop/SystemWorkbench.app/Contents/Eclipse/plugins/fr.ac6.mcu.externaltools.arm-none.macos64_1.17.0.201812190825/tools/compiler/bin/../lib/gcc/arm-none-eabi/7.3.1/thumb/v6-m/crtbegin.o
                0x000000000801d354                PROVIDE (__fini_array_end = .)
                0x000000000801d354                . = ALIGN (0x4)
                0x000000000801d354                _sidata = LOADADDR (.data)

.data           0x0000000020000000      0xa10 load address 0x000000000801d354
                0x0000000020000000                . = ALIGN (0x4)
                0x0000000020000000                _sdata = .
 *(.data)
 .data          0x0000000020000000        0x8 src/dac.o
                0x0000000020000000                header
                0x0000000020000004                file
 .data          0x0000000020000008        0x5 src/diskio.o
                0x0000000020000008                sd
 *fill*         0x000000002000000d        0x3 
 .data          0x0000000020000010       0x40 src/display.o
                0x0000000020000010                x1
                0x0000000020000012                fc1
                0x0000000020000014                size1
                0x0000000020000018                numChannelsStr
                0x0000000020000030                progBarStr
                0x000000002000004c                numBars
 .data          0x0000000020000050       0x14 src/wav.o
                0x0000000020000050                headerAdd
                0x0000000020000054                w_errs
 *(.data*)
 .data._impure_ptr
                0x0000000020000064        0x4 /Users/nathangovindarajan/Desktop/SystemWorkbench.app/Contents/Eclipse/plugins/fr.ac6.mcu.externaltools.arm-none.macos64_1.17.0.201812190825/tools/compiler/bin/../lib/gcc/arm-none-eabi/7.3.1/../../../../arm-none-eabi/lib/thumb/v6-m/libc.a(lib_a-impure.o)
                0x0000000020000064                _impure_ptr
 .data.impure_data
                0x0000000020000068      0x428 /Users/nathangovindarajan/Desktop/SystemWorkbench.app/Contents/Eclipse/plugins/fr.ac6.mcu.externaltools.arm-none.macos64_1.17.0.201812190825/tools/compiler/bin/../lib/gcc/arm-none-eabi/7.3.1/../../../../arm-none-eabi/lib/thumb/v6-m/libc.a(lib_a-impure.o)
 .data.__malloc_av_
                0x0000000020000490      0x408 /Users/nathangovindarajan/Desktop/SystemWorkbench.app/Contents/Eclipse/plugins/fr.ac6.mcu.externaltools.arm-none.macos64_1.17.0.201812190825/tools/compiler/bin/../lib/gcc/arm-none-eabi/7.3.1/../../../../arm-none-eabi/lib/thumb/v6-m/libc.a(lib_a-mallocr.o)
                0x0000000020000490                __malloc_av_
 .data.__malloc_sbrk_base
                0x0000000020000898        0x4 /Users/nathangovindarajan/Desktop/SystemWorkbench.app/Contents/Eclipse/plugins/fr.ac6.mcu.externaltools.arm-none.macos64_1.17.0.201812190825/tools/compiler/bin/../lib/gcc/arm-none-eabi/7.3.1/../../../../arm-none-eabi/lib/thumb/v6-m/libc.a(lib_a-mallocr.o)
                0x0000000020000898                __malloc_sbrk_base
 .data.__malloc_trim_threshold
                0x000000002000089c        0x4 /Users/nathangovindarajan/Desktop/SystemWorkbench.app/Contents/Eclipse/plugins/fr.ac6.mcu.externaltools.arm-none.macos64_1.17.0.201812190825/tools/compiler/bin/../lib/gcc/arm-none-eabi/7.3.1/../../../../arm-none-eabi/lib/thumb/v6-m/libc.a(lib_a-mallocr.o)
                0x000000002000089c                __malloc_trim_threshold
 .data.__atexit_recursive_mutex
                0x00000000200008a0        0x4 /Users/nathangovindarajan/Desktop/SystemWorkbench.app/Contents/Eclipse/plugins/fr.ac6.mcu.externaltools.arm-none.macos64_1.17.0.201812190825/tools/compiler/bin/../lib/gcc/arm-none-eabi/7.3.1/../../../../arm-none-eabi/lib/thumb/v6-m/libc.a(lib_a-__call_atexit.o)
                0x00000000200008a0                __atexit_recursive_mutex
 .data.__global_locale
                0x00000000200008a4      0x16c /Users/nathangovindarajan/Desktop/SystemWorkbench.app/Contents/Eclipse/plugins/fr.ac6.mcu.externaltools.arm-none.macos64_1.17.0.201812190825/tools/compiler/bin/../lib/gcc/arm-none-eabi/7.3.1/../../../../arm-none-eabi/lib/thumb/v6-m/libc.a(lib_a-locale.o)
                0x00000000200008a4                __global_locale
                0x0000000020000a10                . = ALIGN (0x4)
                0x0000000020000a10                _edata = .

.igot.plt       0x0000000020000a10        0x0 load address 0x000000000801dd64
 .igot.plt      0x0000000020000a10        0x0 /Users/nathangovindarajan/Desktop/SystemWorkbench.app/Contents/Eclipse/plugins/fr.ac6.mcu.externaltools.arm-none.macos64_1.17.0.201812190825/tools/compiler/bin/../lib/gcc/arm-none-eabi/7.3.1/thumb/v6-m/crtbegin.o
                0x0000000020000a10                . = ALIGN (0x4)

.bss            0x0000000020000a10     0x481c load address 0x000000000801dd64
                0x0000000020000a10                _sbss = .
                0x0000000020000a10                __bss_start__ = _sbss
 *(.bss)
 .bss           0x0000000020000a10       0x1c /Users/nathangovindarajan/Desktop/SystemWorkbench.app/Contents/Eclipse/plugins/fr.ac6.mcu.externaltools.arm-none.macos64_1.17.0.201812190825/tools/compiler/bin/../lib/gcc/arm-none-eabi/7.3.1/thumb/v6-m/crtbegin.o
 .bss           0x0000000020000a2c      0x124 src/commands.o
                0x0000000020000a30                usercmds
 .bss           0x0000000020000b50        0xc src/dac.o
                0x0000000020000b50                dataIdx
                0x0000000020000b54                finished
                0x0000000020000b58                shortF
 .bss           0x0000000020000b5c        0x6 src/display.o
                0x0000000020000b5c                y
                0x0000000020000b5e                mode1
                0x0000000020000b60                bc1
 *fill*         0x0000000020000b62        0x2 
 .bss           0x0000000020000b64      0x208 src/ff.o
 .bss           0x0000000020000d6c        0x8 src/syscalls.o
                0x0000000020000d6c                __env
 .bss           0x0000000020000d74       0x18 src/timer.o
                0x0000000020000d74                mode
                0x0000000020000d78                pa1State
                0x0000000020000d79                pa0State
                0x0000000020000d7c                pressPa0
                0x0000000020000d80                releasePa0
                0x0000000020000d84                pressPa1
                0x0000000020000d88                releasePa1
 *(.bss*)
 .bss.__malloc_current_mallinfo
                0x0000000020000d8c       0x28 /Users/nathangovindarajan/Desktop/SystemWorkbench.app/Contents/Eclipse/plugins/fr.ac6.mcu.externaltools.arm-none.macos64_1.17.0.201812190825/tools/compiler/bin/../lib/gcc/arm-none-eabi/7.3.1/../../../../arm-none-eabi/lib/thumb/v6-m/libc.a(lib_a-mallocr.o)
                0x0000000020000d8c                __malloc_current_mallinfo
 .bss.__malloc_max_sbrked_mem
                0x0000000020000db4        0x4 /Users/nathangovindarajan/Desktop/SystemWorkbench.app/Contents/Eclipse/plugins/fr.ac6.mcu.externaltools.arm-none.macos64_1.17.0.201812190825/tools/compiler/bin/../lib/gcc/arm-none-eabi/7.3.1/../../../../arm-none-eabi/lib/thumb/v6-m/libc.a(lib_a-mallocr.o)
                0x0000000020000db4                __malloc_max_sbrked_mem
 .bss.__malloc_max_total_mem
                0x0000000020000db8        0x4 /Users/nathangovindarajan/Desktop/SystemWorkbench.app/Contents/Eclipse/plugins/fr.ac6.mcu.externaltools.arm-none.macos64_1.17.0.201812190825/tools/compiler/bin/../lib/gcc/arm-none-eabi/7.3.1/../../../../arm-none-eabi/lib/thumb/v6-m/libc.a(lib_a-mallocr.o)
                0x0000000020000db8                __malloc_max_total_mem
 .bss.__malloc_top_pad
                0x0000000020000dbc        0x4 /Users/nathangovindarajan/Desktop/SystemWorkbench.app/Contents/Eclipse/plugins/fr.ac6.mcu.externaltools.arm-none.macos64_1.17.0.201812190825/tools/compiler/bin/../lib/gcc/arm-none-eabi/7.3.1/../../../../arm-none-eabi/lib/thumb/v6-m/libc.a(lib_a-mallocr.o)
                0x0000000020000dbc                __malloc_top_pad
 *(COMMON)
 COMMON         0x0000000020000dc0     0x3e80 src/dac.o
                0x0000000020000dc0                dac_arr
 COMMON         0x0000000020004c40       0x8c src/display.o
                0x0000000020004c40                sampleRateStr
                0x0000000020004c54                progDiv
                0x0000000020004c58                barIdx
                0x0000000020004c5c                progCurr
                0x0000000020004c60                fileNameShort
                0x0000000020004c80                bitsPerSampleStr
                0x0000000020004c94                playingSongName
                0x0000000020004c98                f_dir
                0x0000000020004cc8                playingSongNameLen
 COMMON         0x0000000020004ccc       0x1c src/lcd.o
                0x0000000020004ccc                lcddev
 COMMON         0x0000000020004ce8      0x238 src/main.o
                0x0000000020004ce8                FatFs
 COMMON         0x0000000020004f20        0xd src/timer.o
                0x0000000020004f20                dir
                0x0000000020004f2c                res
 *fill*         0x0000000020004f2d        0x3 
 COMMON         0x0000000020004f30      0x2d4 src/wav.o
                0x0000000020004f30                headers
                0x0000000020004fd8                array
                0x0000000020004fdc                fil
 COMMON         0x0000000020005204       0x21 /Users/nathangovindarajan/Desktop/SystemWorkbench.app/Contents/Eclipse/plugins/fr.ac6.mcu.externaltools.arm-none.macos64_1.17.0.201812190825/tools/compiler/bin/../lib/gcc/arm-none-eabi/7.3.1/../../../../arm-none-eabi/lib/thumb/v6-m/libc.a(lib_a-lock.o)
                0x0000000020005204                __lock___atexit_recursive_mutex
                0x0000000020005208                __lock___arc4random_mutex
                0x000000002000520c                __lock___env_recursive_mutex
                0x0000000020005210                __lock___sinit_recursive_mutex
                0x0000000020005214                __lock___malloc_recursive_mutex
                0x0000000020005218                __lock___at_quick_exit_mutex
                0x000000002000521c                __lock___dd_hash_mutex
                0x0000000020005220                __lock___tz_mutex
                0x0000000020005224                __lock___sfp_recursive_mutex
 *fill*         0x0000000020005225        0x3 
 COMMON         0x0000000020005228        0x4 /Users/nathangovindarajan/Desktop/SystemWorkbench.app/Contents/Eclipse/plugins/fr.ac6.mcu.externaltools.arm-none.macos64_1.17.0.201812190825/tools/compiler/bin/../lib/gcc/arm-none-eabi/7.3.1/../../../../arm-none-eabi/lib/thumb/v6-m/libc.a(lib_a-reent.o)
                0x0000000020005228                errno
                0x000000002000522c                . = ALIGN (0x4)
                0x000000002000522c                _ebss = .
                0x000000002000522c                __bss_end__ = _ebss

._user_heap_stack
                0x000000002000522c      0x404 load address 0x000000000801dd64
                0x0000000020005230                . = ALIGN (0x8)
 *fill*         0x000000002000522c        0x4 
                0x0000000020005230                PROVIDE (end = .)
                [!provide]                        PROVIDE (_end = .)
                0x0000000020005230                . = (. + _Min_Heap_Size)
                0x0000000020005630                . = (. + _Min_Stack_Size)
 *fill*         0x0000000020005230      0x400 
                0x0000000020005630                . = ALIGN (0x8)

/DISCARD/
 libc.a(*)
 libm.a(*)
 libgcc.a(*)

.ARM.attributes
                0x0000000000000000       0x28
 *(.ARM.attributes)
 .ARM.attributes
                0x0000000000000000       0x1e /Users/nathangovindarajan/Desktop/SystemWorkbench.app/Contents/Eclipse/plugins/fr.ac6.mcu.externaltools.arm-none.macos64_1.17.0.201812190825/tools/compiler/bin/../lib/gcc/arm-none-eabi/7.3.1/thumb/v6-m/crti.o
 .ARM.attributes
                0x000000000000001e       0x2c /Users/nathangovindarajan/Desktop/SystemWorkbench.app/Contents/Eclipse/plugins/fr.ac6.mcu.externaltools.arm-none.macos64_1.17.0.201812190825/tools/compiler/bin/../lib/gcc/arm-none-eabi/7.3.1/thumb/v6-m/crtbegin.o
 .ARM.attributes
                0x000000000000004a       0x31 src/commands.o
 .ARM.attributes
                0x000000000000007b       0x31 src/dac.o
 .ARM.attributes
                0x00000000000000ac       0x31 src/diskio.o
 .ARM.attributes
                0x00000000000000dd       0x31 src/display.o
 .ARM.attributes
                0x000000000000010e       0x31 src/ff.o
 .ARM.attributes
                0x000000000000013f       0x31 src/ffunicode.o
 .ARM.attributes
                0x0000000000000170       0x31 src/internal_clock.o
 .ARM.attributes
                0x00000000000001a1       0x31 src/lcd.o
 .ARM.attributes
                0x00000000000001d2       0x31 src/main.o
 .ARM.attributes
                0x0000000000000203       0x31 src/sdcard.o
 .ARM.attributes
                0x0000000000000234       0x31 src/stm.o
 .ARM.attributes
                0x0000000000000265       0x31 src/syscalls.o
 .ARM.attributes
                0x0000000000000296       0x31 src/system_stm32f0xx.o
 .ARM.attributes
                0x00000000000002c7       0x31 src/timer.o
 .ARM.attributes
                0x00000000000002f8       0x31 src/wav.o
 .ARM.attributes
                0x0000000000000329       0x21 startup/startup_stm32.o
 .ARM.attributes
                0x000000000000034a       0x1e /Users/nathangovindarajan/Desktop/SystemWorkbench.app/Contents/Eclipse/plugins/fr.ac6.mcu.externaltools.arm-none.macos64_1.17.0.201812190825/tools/compiler/bin/../lib/gcc/arm-none-eabi/7.3.1/thumb/v6-m/libgcc.a(_udivsi3.o)
 .ARM.attributes
                0x0000000000000368       0x1e /Users/nathangovindarajan/Desktop/SystemWorkbench.app/Contents/Eclipse/plugins/fr.ac6.mcu.externaltools.arm-none.macos64_1.17.0.201812190825/tools/compiler/bin/../lib/gcc/arm-none-eabi/7.3.1/thumb/v6-m/libgcc.a(_divsi3.o)
 .ARM.attributes
                0x0000000000000386       0x1e /Users/nathangovindarajan/Desktop/SystemWorkbench.app/Contents/Eclipse/plugins/fr.ac6.mcu.externaltools.arm-none.macos64_1.17.0.201812190825/tools/compiler/bin/../lib/gcc/arm-none-eabi/7.3.1/thumb/v6-m/libgcc.a(_dvmd_tls.o)
 .ARM.attributes
                0x00000000000003a4       0x2c /Users/nathangovindarajan/Desktop/SystemWorkbench.app/Contents/Eclipse/plugins/fr.ac6.mcu.externaltools.arm-none.macos64_1.17.0.201812190825/tools/compiler/bin/../lib/gcc/arm-none-eabi/7.3.1/../../../../arm-none-eabi/lib/thumb/v6-m/libc.a(lib_a-errno.o)
 .ARM.attributes
                0x00000000000003d0       0x2c /Users/nathangovindarajan/Desktop/SystemWorkbench.app/Contents/Eclipse/plugins/fr.ac6.mcu.externaltools.arm-none.macos64_1.17.0.201812190825/tools/compiler/bin/../lib/gcc/arm-none-eabi/7.3.1/../../../../arm-none-eabi/lib/thumb/v6-m/libc.a(lib_a-freer.o)
 .ARM.attributes
                0x00000000000003fc       0x2c /Users/nathangovindarajan/Desktop/SystemWorkbench.app/Contents/Eclipse/plugins/fr.ac6.mcu.externaltools.arm-none.macos64_1.17.0.201812190825/tools/compiler/bin/../lib/gcc/arm-none-eabi/7.3.1/../../../../arm-none-eabi/lib/thumb/v6-m/libc.a(lib_a-impure.o)
 .ARM.attributes
                0x0000000000000428       0x2c /Users/nathangovindarajan/Desktop/SystemWorkbench.app/Contents/Eclipse/plugins/fr.ac6.mcu.externaltools.arm-none.macos64_1.17.0.201812190825/tools/compiler/bin/../lib/gcc/arm-none-eabi/7.3.1/../../../../arm-none-eabi/lib/thumb/v6-m/libc.a(lib_a-init.o)
 .ARM.attributes
                0x0000000000000454       0x2c /Users/nathangovindarajan/Desktop/SystemWorkbench.app/Contents/Eclipse/plugins/fr.ac6.mcu.externaltools.arm-none.macos64_1.17.0.201812190825/tools/compiler/bin/../lib/gcc/arm-none-eabi/7.3.1/../../../../arm-none-eabi/lib/thumb/v6-m/libc.a(lib_a-lock.o)
 .ARM.attributes
                0x0000000000000480       0x2c /Users/nathangovindarajan/Desktop/SystemWorkbench.app/Contents/Eclipse/plugins/fr.ac6.mcu.externaltools.arm-none.macos64_1.17.0.201812190825/tools/compiler/bin/../lib/gcc/arm-none-eabi/7.3.1/../../../../arm-none-eabi/lib/thumb/v6-m/libc.a(lib_a-malloc.o)
 .ARM.attributes
                0x00000000000004ac       0x2c /Users/nathangovindarajan/Desktop/SystemWorkbench.app/Contents/Eclipse/plugins/fr.ac6.mcu.externaltools.arm-none.macos64_1.17.0.201812190825/tools/compiler/bin/../lib/gcc/arm-none-eabi/7.3.1/../../../../arm-none-eabi/lib/thumb/v6-m/libc.a(lib_a-mallocr.o)
 .ARM.attributes
                0x00000000000004d8       0x2c /Users/nathangovindarajan/Desktop/SystemWorkbench.app/Contents/Eclipse/plugins/fr.ac6.mcu.externaltools.arm-none.macos64_1.17.0.201812190825/tools/compiler/bin/../lib/gcc/arm-none-eabi/7.3.1/../../../../arm-none-eabi/lib/thumb/v6-m/libc.a(lib_a-memchr-stub.o)
 .ARM.attributes
                0x0000000000000504       0x2c /Users/nathangovindarajan/Desktop/SystemWorkbench.app/Contents/Eclipse/plugins/fr.ac6.mcu.externaltools.arm-none.macos64_1.17.0.201812190825/tools/compiler/bin/../lib/gcc/arm-none-eabi/7.3.1/../../../../arm-none-eabi/lib/thumb/v6-m/libc.a(lib_a-memcpy-stub.o)
 .ARM.attributes
                0x0000000000000530       0x2c /Users/nathangovindarajan/Desktop/SystemWorkbench.app/Contents/Eclipse/plugins/fr.ac6.mcu.externaltools.arm-none.macos64_1.17.0.201812190825/tools/compiler/bin/../lib/gcc/arm-none-eabi/7.3.1/../../../../arm-none-eabi/lib/thumb/v6-m/libc.a(lib_a-memset.o)
 .ARM.attributes
                0x000000000000055c       0x2c /Users/nathangovindarajan/Desktop/SystemWorkbench.app/Contents/Eclipse/plugins/fr.ac6.mcu.externaltools.arm-none.macos64_1.17.0.201812190825/tools/compiler/bin/../lib/gcc/arm-none-eabi/7.3.1/../../../../arm-none-eabi/lib/thumb/v6-m/libc.a(lib_a-mlock.o)
 .ARM.attributes
                0x0000000000000588       0x2c /Users/nathangovindarajan/Desktop/SystemWorkbench.app/Contents/Eclipse/plugins/fr.ac6.mcu.externaltools.arm-none.macos64_1.17.0.201812190825/tools/compiler/bin/../lib/gcc/arm-none-eabi/7.3.1/../../../../arm-none-eabi/lib/thumb/v6-m/libc.a(lib_a-sbrkr.o)
 .ARM.attributes
                0x00000000000005b4       0x2c /Users/nathangovindarajan/Desktop/SystemWorkbench.app/Contents/Eclipse/plugins/fr.ac6.mcu.externaltools.arm-none.macos64_1.17.0.201812190825/tools/compiler/bin/../lib/gcc/arm-none-eabi/7.3.1/../../../../arm-none-eabi/lib/thumb/v6-m/libc.a(lib_a-sprintf.o)
 .ARM.attributes
                0x00000000000005e0       0x2c /Users/nathangovindarajan/Desktop/SystemWorkbench.app/Contents/Eclipse/plugins/fr.ac6.mcu.externaltools.arm-none.macos64_1.17.0.201812190825/tools/compiler/bin/../lib/gcc/arm-none-eabi/7.3.1/../../../../arm-none-eabi/lib/thumb/v6-m/libc.a(lib_a-strcpy.o)
 .ARM.attributes
                0x000000000000060c       0x2c /Users/nathangovindarajan/Desktop/SystemWorkbench.app/Contents/Eclipse/plugins/fr.ac6.mcu.externaltools.arm-none.macos64_1.17.0.201812190825/tools/compiler/bin/../lib/gcc/arm-none-eabi/7.3.1/../../../../arm-none-eabi/lib/thumb/v6-m/libc.a(lib_a-strdup.o)
 .ARM.attributes
                0x0000000000000638       0x2c /Users/nathangovindarajan/Desktop/SystemWorkbench.app/Contents/Eclipse/plugins/fr.ac6.mcu.externaltools.arm-none.macos64_1.17.0.201812190825/tools/compiler/bin/../lib/gcc/arm-none-eabi/7.3.1/../../../../arm-none-eabi/lib/thumb/v6-m/libc.a(lib_a-strdup_r.o)
 .ARM.attributes
                0x0000000000000664       0x2c /Users/nathangovindarajan/Desktop/SystemWorkbench.app/Contents/Eclipse/plugins/fr.ac6.mcu.externaltools.arm-none.macos64_1.17.0.201812190825/tools/compiler/bin/../lib/gcc/arm-none-eabi/7.3.1/../../../../arm-none-eabi/lib/thumb/v6-m/libc.a(lib_a-strlen-stub.o)
 .ARM.attributes
                0x0000000000000690       0x2c /Users/nathangovindarajan/Desktop/SystemWorkbench.app/Contents/Eclipse/plugins/fr.ac6.mcu.externaltools.arm-none.macos64_1.17.0.201812190825/tools/compiler/bin/../lib/gcc/arm-none-eabi/7.3.1/../../../../arm-none-eabi/lib/thumb/v6-m/libc.a(lib_a-strncpy.o)
 .ARM.attributes
                0x00000000000006bc       0x2c /Users/nathangovindarajan/Desktop/SystemWorkbench.app/Contents/Eclipse/plugins/fr.ac6.mcu.externaltools.arm-none.macos64_1.17.0.201812190825/tools/compiler/bin/../lib/gcc/arm-none-eabi/7.3.1/../../../../arm-none-eabi/lib/thumb/v6-m/libc.a(lib_a-svfprintf.o)
 .ARM.attributes
                0x00000000000006e8       0x2c /Users/nathangovindarajan/Desktop/SystemWorkbench.app/Contents/Eclipse/plugins/fr.ac6.mcu.externaltools.arm-none.macos64_1.17.0.201812190825/tools/compiler/bin/../lib/gcc/arm-none-eabi/7.3.1/../../../../arm-none-eabi/lib/thumb/v6-m/libc.a(lib_a-__call_atexit.o)
 .ARM.attributes
                0x0000000000000714       0x2c /Users/nathangovindarajan/Desktop/SystemWorkbench.app/Contents/Eclipse/plugins/fr.ac6.mcu.externaltools.arm-none.macos64_1.17.0.201812190825/tools/compiler/bin/../lib/gcc/arm-none-eabi/7.3.1/../../../../arm-none-eabi/lib/thumb/v6-m/libc.a(lib_a-atexit.o)
 .ARM.attributes
                0x0000000000000740       0x2c /Users/nathangovindarajan/Desktop/SystemWorkbench.app/Contents/Eclipse/plugins/fr.ac6.mcu.externaltools.arm-none.macos64_1.17.0.201812190825/tools/compiler/bin/../lib/gcc/arm-none-eabi/7.3.1/../../../../arm-none-eabi/lib/thumb/v6-m/libc.a(lib_a-dtoa.o)
 .ARM.attributes
                0x000000000000076c       0x2c /Users/nathangovindarajan/Desktop/SystemWorkbench.app/Contents/Eclipse/plugins/fr.ac6.mcu.externaltools.arm-none.macos64_1.17.0.201812190825/tools/compiler/bin/../lib/gcc/arm-none-eabi/7.3.1/../../../../arm-none-eabi/lib/thumb/v6-m/libc.a(lib_a-fini.o)
 .ARM.attributes
                0x0000000000000798       0x2c /Users/nathangovindarajan/Desktop/SystemWorkbench.app/Contents/Eclipse/plugins/fr.ac6.mcu.externaltools.arm-none.macos64_1.17.0.201812190825/tools/compiler/bin/../lib/gcc/arm-none-eabi/7.3.1/../../../../arm-none-eabi/lib/thumb/v6-m/libc.a(lib_a-locale.o)
 .ARM.attributes
                0x00000000000007c4       0x2c /Users/nathangovindarajan/Desktop/SystemWorkbench.app/Contents/Eclipse/plugins/fr.ac6.mcu.externaltools.arm-none.macos64_1.17.0.201812190825/tools/compiler/bin/../lib/gcc/arm-none-eabi/7.3.1/../../../../arm-none-eabi/lib/thumb/v6-m/libc.a(lib_a-localeconv.o)
 .ARM.attributes
                0x00000000000007f0       0x2c /Users/nathangovindarajan/Desktop/SystemWorkbench.app/Contents/Eclipse/plugins/fr.ac6.mcu.externaltools.arm-none.macos64_1.17.0.201812190825/tools/compiler/bin/../lib/gcc/arm-none-eabi/7.3.1/../../../../arm-none-eabi/lib/thumb/v6-m/libc.a(lib_a-mbtowc_r.o)
 .ARM.attributes
                0x000000000000081c       0x2c /Users/nathangovindarajan/Desktop/SystemWorkbench.app/Contents/Eclipse/plugins/fr.ac6.mcu.externaltools.arm-none.macos64_1.17.0.201812190825/tools/compiler/bin/../lib/gcc/arm-none-eabi/7.3.1/../../../../arm-none-eabi/lib/thumb/v6-m/libc.a(lib_a-memmove.o)
 .ARM.attributes
                0x0000000000000848       0x2c /Users/nathangovindarajan/Desktop/SystemWorkbench.app/Contents/Eclipse/plugins/fr.ac6.mcu.externaltools.arm-none.macos64_1.17.0.201812190825/tools/compiler/bin/../lib/gcc/arm-none-eabi/7.3.1/../../../../arm-none-eabi/lib/thumb/v6-m/libc.a(lib_a-mprec.o)
 .ARM.attributes
                0x0000000000000874       0x2c /Users/nathangovindarajan/Desktop/SystemWorkbench.app/Contents/Eclipse/plugins/fr.ac6.mcu.externaltools.arm-none.macos64_1.17.0.201812190825/tools/compiler/bin/../lib/gcc/arm-none-eabi/7.3.1/../../../../arm-none-eabi/lib/thumb/v6-m/libc.a(lib_a-reallocr.o)
 .ARM.attributes
                0x00000000000008a0       0x2c /Users/nathangovindarajan/Desktop/SystemWorkbench.app/Contents/Eclipse/plugins/fr.ac6.mcu.externaltools.arm-none.macos64_1.17.0.201812190825/tools/compiler/bin/../lib/gcc/arm-none-eabi/7.3.1/../../../../arm-none-eabi/lib/thumb/v6-m/libc.a(lib_a-reent.o)
 .ARM.attributes
                0x00000000000008cc       0x2c /Users/nathangovindarajan/Desktop/SystemWorkbench.app/Contents/Eclipse/plugins/fr.ac6.mcu.externaltools.arm-none.macos64_1.17.0.201812190825/tools/compiler/bin/../lib/gcc/arm-none-eabi/7.3.1/../../../../arm-none-eabi/lib/thumb/v6-m/libc.a(lib_a-s_frexp.o)
 .ARM.attributes
                0x00000000000008f8       0x2c /Users/nathangovindarajan/Desktop/SystemWorkbench.app/Contents/Eclipse/plugins/fr.ac6.mcu.externaltools.arm-none.macos64_1.17.0.201812190825/tools/compiler/bin/../lib/gcc/arm-none-eabi/7.3.1/../../../../arm-none-eabi/lib/thumb/v6-m/libc.a(lib_a-svfiprintf.o)
 .ARM.attributes
                0x0000000000000924       0x2c /Users/nathangovindarajan/Desktop/SystemWorkbench.app/Contents/Eclipse/plugins/fr.ac6.mcu.externaltools.arm-none.macos64_1.17.0.201812190825/tools/compiler/bin/../lib/gcc/arm-none-eabi/7.3.1/../../../../arm-none-eabi/lib/thumb/v6-m/libc.a(lib_a-wctomb_r.o)
 .ARM.attributes
                0x0000000000000950       0x2c /Users/nathangovindarajan/Desktop/SystemWorkbench.app/Contents/Eclipse/plugins/fr.ac6.mcu.externaltools.arm-none.macos64_1.17.0.201812190825/tools/compiler/bin/../lib/gcc/arm-none-eabi/7.3.1/../../../../arm-none-eabi/lib/thumb/v6-m/libc.a(lib_a-__atexit.o)
 .ARM.attributes
                0x000000000000097c       0x2c /Users/nathangovindarajan/Desktop/SystemWorkbench.app/Contents/Eclipse/plugins/fr.ac6.mcu.externaltools.arm-none.macos64_1.17.0.201812190825/tools/compiler/bin/../lib/gcc/arm-none-eabi/7.3.1/../../../../arm-none-eabi/lib/thumb/v6-m/libc.a(lib_a-callocr.o)
 .ARM.attributes
                0x00000000000009a8       0x2c /Users/nathangovindarajan/Desktop/SystemWorkbench.app/Contents/Eclipse/plugins/fr.ac6.mcu.externaltools.arm-none.macos64_1.17.0.201812190825/tools/compiler/bin/../lib/gcc/arm-none-eabi/7.3.1/../../../../arm-none-eabi/lib/thumb/v6-m/libc.a(lib_a-ctype_.o)
 .ARM.attributes
                0x00000000000009d4       0x1e /Users/nathangovindarajan/Desktop/SystemWorkbench.app/Contents/Eclipse/plugins/fr.ac6.mcu.externaltools.arm-none.macos64_1.17.0.201812190825/tools/compiler/bin/../lib/gcc/arm-none-eabi/7.3.1/thumb/v6-m/libgcc.a(_arm_cmpdf2.o)
 .ARM.attributes
                0x00000000000009f2       0x1e /Users/nathangovindarajan/Desktop/SystemWorkbench.app/Contents/Eclipse/plugins/fr.ac6.mcu.externaltools.arm-none.macos64_1.17.0.201812190825/tools/compiler/bin/../lib/gcc/arm-none-eabi/7.3.1/thumb/v6-m/libgcc.a(_aeabi_uldivmod.o)
 .ARM.attributes
                0x0000000000000a10       0x2c /Users/nathangovindarajan/Desktop/SystemWorkbench.app/Contents/Eclipse/plugins/fr.ac6.mcu.externaltools.arm-none.macos64_1.17.0.201812190825/tools/compiler/bin/../lib/gcc/arm-none-eabi/7.3.1/thumb/v6-m/libgcc.a(_udivmoddi4.o)
 .ARM.attributes
                0x0000000000000a3c       0x2c /Users/nathangovindarajan/Desktop/SystemWorkbench.app/Contents/Eclipse/plugins/fr.ac6.mcu.externaltools.arm-none.macos64_1.17.0.201812190825/tools/compiler/bin/../lib/gcc/arm-none-eabi/7.3.1/thumb/v6-m/libgcc.a(adddf3.o)
 .ARM.attributes
                0x0000000000000a68       0x2c /Users/nathangovindarajan/Desktop/SystemWorkbench.app/Contents/Eclipse/plugins/fr.ac6.mcu.externaltools.arm-none.macos64_1.17.0.201812190825/tools/compiler/bin/../lib/gcc/arm-none-eabi/7.3.1/thumb/v6-m/libgcc.a(divdf3.o)
 .ARM.attributes
                0x0000000000000a94       0x2c /Users/nathangovindarajan/Desktop/SystemWorkbench.app/Contents/Eclipse/plugins/fr.ac6.mcu.externaltools.arm-none.macos64_1.17.0.201812190825/tools/compiler/bin/../lib/gcc/arm-none-eabi/7.3.1/thumb/v6-m/libgcc.a(eqdf2.o)
 .ARM.attributes
                0x0000000000000ac0       0x2c /Users/nathangovindarajan/Desktop/SystemWorkbench.app/Contents/Eclipse/plugins/fr.ac6.mcu.externaltools.arm-none.macos64_1.17.0.201812190825/tools/compiler/bin/../lib/gcc/arm-none-eabi/7.3.1/thumb/v6-m/libgcc.a(gedf2.o)
 .ARM.attributes
                0x0000000000000aec       0x2c /Users/nathangovindarajan/Desktop/SystemWorkbench.app/Contents/Eclipse/plugins/fr.ac6.mcu.externaltools.arm-none.macos64_1.17.0.201812190825/tools/compiler/bin/../lib/gcc/arm-none-eabi/7.3.1/thumb/v6-m/libgcc.a(ledf2.o)
 .ARM.attributes
                0x0000000000000b18       0x2c /Users/nathangovindarajan/Desktop/SystemWorkbench.app/Contents/Eclipse/plugins/fr.ac6.mcu.externaltools.arm-none.macos64_1.17.0.201812190825/tools/compiler/bin/../lib/gcc/arm-none-eabi/7.3.1/thumb/v6-m/libgcc.a(muldf3.o)
 .ARM.attributes
                0x0000000000000b44       0x2c /Users/nathangovindarajan/Desktop/SystemWorkbench.app/Contents/Eclipse/plugins/fr.ac6.mcu.externaltools.arm-none.macos64_1.17.0.201812190825/tools/compiler/bin/../lib/gcc/arm-none-eabi/7.3.1/thumb/v6-m/libgcc.a(subdf3.o)
 .ARM.attributes
                0x0000000000000b70       0x2c /Users/nathangovindarajan/Desktop/SystemWorkbench.app/Contents/Eclipse/plugins/fr.ac6.mcu.externaltools.arm-none.macos64_1.17.0.201812190825/tools/compiler/bin/../lib/gcc/arm-none-eabi/7.3.1/thumb/v6-m/libgcc.a(unorddf2.o)
 .ARM.attributes
                0x0000000000000b9c       0x2c /Users/nathangovindarajan/Desktop/SystemWorkbench.app/Contents/Eclipse/plugins/fr.ac6.mcu.externaltools.arm-none.macos64_1.17.0.201812190825/tools/compiler/bin/../lib/gcc/arm-none-eabi/7.3.1/thumb/v6-m/libgcc.a(fixdfsi.o)
 .ARM.attributes
                0x0000000000000bc8       0x2c /Users/nathangovindarajan/Desktop/SystemWorkbench.app/Contents/Eclipse/plugins/fr.ac6.mcu.externaltools.arm-none.macos64_1.17.0.201812190825/tools/compiler/bin/../lib/gcc/arm-none-eabi/7.3.1/thumb/v6-m/libgcc.a(floatsidf.o)
 .ARM.attributes
                0x0000000000000bf4       0x2c /Users/nathangovindarajan/Desktop/SystemWorkbench.app/Contents/Eclipse/plugins/fr.ac6.mcu.externaltools.arm-none.macos64_1.17.0.201812190825/tools/compiler/bin/../lib/gcc/arm-none-eabi/7.3.1/thumb/v6-m/libgcc.a(floatunsidf.o)
 .ARM.attributes
                0x0000000000000c20       0x1e /Users/nathangovindarajan/Desktop/SystemWorkbench.app/Contents/Eclipse/plugins/fr.ac6.mcu.externaltools.arm-none.macos64_1.17.0.201812190825/tools/compiler/bin/../lib/gcc/arm-none-eabi/7.3.1/thumb/v6-m/libgcc.a(_clzsi2.o)
 .ARM.attributes
                0x0000000000000c3e       0x1e /Users/nathangovindarajan/Desktop/SystemWorkbench.app/Contents/Eclipse/plugins/fr.ac6.mcu.externaltools.arm-none.macos64_1.17.0.201812190825/tools/compiler/bin/../lib/gcc/arm-none-eabi/7.3.1/thumb/v6-m/libgcc.a(_clzdi2.o)
 .ARM.attributes
                0x0000000000000c5c       0x1e /Users/nathangovindarajan/Desktop/SystemWorkbench.app/Contents/Eclipse/plugins/fr.ac6.mcu.externaltools.arm-none.macos64_1.17.0.201812190825/tools/compiler/bin/../lib/gcc/arm-none-eabi/7.3.1/thumb/v6-m/crtn.o
OUTPUT(finalProj.elf elf32-littlearm)

.debug_info     0x0000000000000000     0xdf88
 .debug_info    0x0000000000000000     0x195a src/commands.o
 .debug_info    0x000000000000195a     0x15c4 src/dac.o
 .debug_info    0x0000000000002f1e      0xf73 src/diskio.o
 .debug_info    0x0000000000003e91     0x136d src/display.o
 .debug_info    0x00000000000051fe     0x2354 src/ff.o
 .debug_info    0x0000000000007552      0x2f6 src/ffunicode.o
 .debug_info    0x0000000000007848      0x1fa src/internal_clock.o
 .debug_info    0x0000000000007a42     0x1704 src/lcd.o
 .debug_info    0x0000000000009146      0x2d4 src/main.o
 .debug_info    0x000000000000941a      0xc2e src/sdcard.o
 .debug_info    0x000000000000a048      0xc5d src/stm.o
 .debug_info    0x000000000000aca5      0xf2e src/syscalls.o
 .debug_info    0x000000000000bbd3      0x306 src/system_stm32f0xx.o
 .debug_info    0x000000000000bed9     0x11b8 src/timer.o
 .debug_info    0x000000000000d091      0xed5 src/wav.o
 .debug_info    0x000000000000df66       0x22 startup/startup_stm32.o

.debug_abbrev   0x0000000000000000     0x225f
 .debug_abbrev  0x0000000000000000      0x3a0 src/commands.o
 .debug_abbrev  0x00000000000003a0      0x2f8 src/dac.o
 .debug_abbrev  0x0000000000000698      0x349 src/diskio.o
 .debug_abbrev  0x00000000000009e1      0x2fd src/display.o
 .debug_abbrev  0x0000000000000cde      0x20e src/ff.o
 .debug_abbrev  0x0000000000000eec       0xd7 src/ffunicode.o
 .debug_abbrev  0x0000000000000fc3       0xa0 src/internal_clock.o
 .debug_abbrev  0x0000000000001063      0x345 src/lcd.o
 .debug_abbrev  0x00000000000013a8       0xfe src/main.o
 .debug_abbrev  0x00000000000014a6      0x223 src/sdcard.o
 .debug_abbrev  0x00000000000016c9      0x1d4 src/stm.o
 .debug_abbrev  0x000000000000189d      0x2aa src/syscalls.o
 .debug_abbrev  0x0000000000001b47      0x15b src/system_stm32f0xx.o
 .debug_abbrev  0x0000000000001ca2      0x32c src/timer.o
 .debug_abbrev  0x0000000000001fce      0x27f src/wav.o
 .debug_abbrev  0x000000000000224d       0x12 startup/startup_stm32.o

.debug_aranges  0x0000000000000000      0x820
 .debug_aranges
                0x0000000000000000       0xf0 src/commands.o
 .debug_aranges
                0x00000000000000f0       0x48 src/dac.o
 .debug_aranges
                0x0000000000000138       0x98 src/diskio.o
 .debug_aranges
                0x00000000000001d0       0x68 src/display.o
 .debug_aranges
                0x0000000000000238      0x240 src/ff.o
 .debug_aranges
                0x0000000000000478       0x30 src/ffunicode.o
 .debug_aranges
                0x00000000000004a8       0x20 src/internal_clock.o
 .debug_aranges
                0x00000000000004c8      0x128 src/lcd.o
 .debug_aranges
                0x00000000000005f0       0x20 src/main.o
 .debug_aranges
                0x0000000000000610       0x28 src/sdcard.o
 .debug_aranges
                0x0000000000000638       0x48 src/stm.o
 .debug_aranges
                0x0000000000000680       0xb0 src/syscalls.o
 .debug_aranges
                0x0000000000000730       0x30 src/system_stm32f0xx.o
 .debug_aranges
                0x0000000000000760       0x68 src/timer.o
 .debug_aranges
                0x00000000000007c8       0x30 src/wav.o
 .debug_aranges
                0x00000000000007f8       0x28 startup/startup_stm32.o

.debug_ranges   0x0000000000000000      0x788
 .debug_ranges  0x0000000000000000      0x110 src/commands.o
 .debug_ranges  0x0000000000000110       0x38 src/dac.o
 .debug_ranges  0x0000000000000148       0x88 src/diskio.o
 .debug_ranges  0x00000000000001d0       0x58 src/display.o
 .debug_ranges  0x0000000000000228      0x230 src/ff.o
 .debug_ranges  0x0000000000000458       0x20 src/ffunicode.o
 .debug_ranges  0x0000000000000478       0x10 src/internal_clock.o
 .debug_ranges  0x0000000000000488      0x118 src/lcd.o
 .debug_ranges  0x00000000000005a0       0x10 src/main.o
 .debug_ranges  0x00000000000005b0       0x18 src/sdcard.o
 .debug_ranges  0x00000000000005c8       0x38 src/stm.o
 .debug_ranges  0x0000000000000600       0xa0 src/syscalls.o
 .debug_ranges  0x00000000000006a0       0x20 src/system_stm32f0xx.o
 .debug_ranges  0x00000000000006c0       0x88 src/timer.o
 .debug_ranges  0x0000000000000748       0x20 src/wav.o
 .debug_ranges  0x0000000000000768       0x20 startup/startup_stm32.o

.debug_macro    0x0000000000000000     0x4850
 .debug_macro   0x0000000000000000      0x390 src/commands.o
 .debug_macro   0x0000000000000390      0x106 src/commands.o
 .debug_macro   0x0000000000000496       0xf5 src/commands.o
 .debug_macro   0x000000000000058b       0x18 src/commands.o
 .debug_macro   0x00000000000005a3       0x5e src/commands.o
 .debug_macro   0x0000000000000601       0x35 src/commands.o
 .debug_macro   0x0000000000000636       0x34 src/commands.o
 .debug_macro   0x000000000000066a       0x16 src/commands.o
 .debug_macro   0x0000000000000680      0x10e src/commands.o
 .debug_macro   0x000000000000078e       0x8d src/commands.o
 .debug_macro   0x000000000000081b       0x58 src/commands.o
 .debug_macro   0x0000000000000873       0x1f src/commands.o
 .debug_macro   0x0000000000000892       0x43 src/commands.o
 .debug_macro   0x00000000000008d5       0x20 src/commands.o
 .debug_macro   0x00000000000008f5      0x18e src/commands.o
 .debug_macro   0x0000000000000a83      0x330 src/commands.o
 .debug_macro   0x0000000000000db3       0x16 src/commands.o
 .debug_macro   0x0000000000000dc9       0x29 src/commands.o
 .debug_macro   0x0000000000000df2       0x1c src/commands.o
 .debug_macro   0x0000000000000e0e       0x35 src/commands.o
 .debug_macro   0x0000000000000e43       0x10 src/commands.o
 .debug_macro   0x0000000000000e53       0x10 src/commands.o
 .debug_macro   0x0000000000000e63       0x1c src/commands.o
 .debug_macro   0x0000000000000e7f       0x52 src/commands.o