Archive member included to satisfy reference by file (symbol)

/Users/nathangovindarajan/Desktop/SystemWorkbench.app/Contents/Eclipse/plugins/fr.ac6.mcu.externaltools.arm-none.macos64_1.17.0.201812190825/tools/compiler/bin/../lib/gcc/arm-none-eabi/7.3.1/thumb/v6-m/libgcc.a(_udivsi3.o)
                              StdPeriph_Driver/src/stm32f0xx_rcc.o (__aeabi_uidiv)
/Users/nathangovindarajan/Desktop/SystemWorkbench.app/Contents/Eclipse/plugins/fr.ac6.mcu.externaltools.arm-none.macos64_1.17.0.201812190825/tools/compiler/bin/../lib/gcc/arm-none-eabi/7.3.1/thumb/v6-m/libgcc.a(_divsi3.o)
                              src/lcd.o (__aeabi_idiv)
/Users/nathangovindarajan/Desktop/SystemWorkbench.app/Contents/Eclipse/plugins/fr.ac6.mcu.externaltools.arm-none.macos64_1.17.0.201812190825/tools/compiler/bin/../lib/gcc/arm-none-eabi/7.3.1/thumb/v6-m/libgcc.a(_dvmd_tls.o)
                              /Users/nathangovindarajan/Desktop/SystemWorkbench.app/Contents/Eclipse/plugins/fr.ac6.mcu.externaltools.arm-none.macos64_1.17.0.201812190825/tools/compiler/bin/../lib/gcc/arm-none-eabi/7.3.1/thumb/v6-m/libgcc.a(_udivsi3.o) (__aeabi_idiv0)
/Users/nathangovindarajan/Desktop/SystemWorkbench.app/Contents/Eclipse/plugins/fr.ac6.mcu.externaltools.arm-none.macos64_1.17.0.201812190825/tools/compiler/bin/../lib/gcc/arm-none-eabi/7.3.1/../../../../arm-none-eabi/lib/thumb/v6-m/libc.a(lib_a-errno.o)
                              src/syscalls.o (__errno)
/Users/nathangovindarajan/Desktop/SystemWorkbench.app/Contents/Eclipse/plugins/fr.ac6.mcu.externaltools.arm-none.macos64_1.17.0.201812190825/tools/compiler/bin/../lib/gcc/arm-none-eabi/7.3.1/../../../../arm-none-eabi/lib/thumb/v6-m/libc.a(lib_a-exit.o)
                              /Users/nathangovindarajan/Desktop/SystemWorkbench.app/Contents/Eclipse/plugins/fr.ac6.mcu.externaltools.arm-none.macos64_1.17.0.201812190825/tools/compiler/bin/../lib/gcc/arm-none-eabi/7.3.1/../../../../arm-none-eabi/lib/thumb/v6-m/crt0.o (exit)
/Users/nathangovindarajan/Desktop/SystemWorkbench.app/Contents/Eclipse/plugins/fr.ac6.mcu.externaltools.arm-none.macos64_1.17.0.201812190825/tools/compiler/bin/../lib/gcc/arm-none-eabi/7.3.1/../../../../arm-none-eabi/lib/thumb/v6-m/libc.a(lib_a-fflush.o)
                              src/commands.o (fflush)
/Users/nathangovindarajan/Desktop/SystemWorkbench.app/Contents/Eclipse/plugins/fr.ac6.mcu.externaltools.arm-none.macos64_1.17.0.201812190825/tools/compiler/bin/../lib/gcc/arm-none-eabi/7.3.1/../../../../arm-none-eabi/lib/thumb/v6-m/libc.a(lib_a-fgets.o)
                              src/commands.o (fgets)
/Users/nathangovindarajan/Desktop/SystemWorkbench.app/Contents/Eclipse/plugins/fr.ac6.mcu.externaltools.arm-none.macos64_1.17.0.201812190825/tools/compiler/bin/../lib/gcc/arm-none-eabi/7.3.1/../../../../arm-none-eabi/lib/thumb/v6-m/libc.a(lib_a-findfp.o)
                              /Users/nathangovindarajan/Desktop/SystemWorkbench.app/Contents/Eclipse/plugins/fr.ac6.mcu.externaltools.arm-none.macos64_1.17.0.201812190825/tools/compiler/bin/../lib/gcc/arm-none-eabi/7.3.1/../../../../arm-none-eabi/lib/thumb/v6-m/libc.a(lib_a-fflush.o) (__sinit)
/Users/nathangovindarajan/Desktop/SystemWorkbench.app/Contents/Eclipse/plugins/fr.ac6.mcu.externaltools.arm-none.macos64_1.17.0.201812190825/tools/compiler/bin/../lib/gcc/arm-none-eabi/7.3.1/../../../../arm-none-eabi/lib/thumb/v6-m/libc.a(lib_a-freer.o)
                              /Users/nathangovindarajan/Desktop/SystemWorkbench.app/Contents/Eclipse/plugins/fr.ac6.mcu.externaltools.arm-none.macos64_1.17.0.201812190825/tools/compiler/bin/../lib/gcc/arm-none-eabi/7.3.1/../../../../arm-none-eabi/lib/thumb/v6-m/libc.a(lib_a-fflush.o) (_free_r)
/Users/nathangovindarajan/Desktop/SystemWorkbench.app/Contents/Eclipse/plugins/fr.ac6.mcu.externaltools.arm-none.macos64_1.17.0.201812190825/tools/compiler/bin/../lib/gcc/arm-none-eabi/7.3.1/../../../../arm-none-eabi/lib/thumb/v6-m/libc.a(lib_a-fwalk.o)
                              /Users/nathangovindarajan/Desktop/SystemWorkbench.app/Contents/Eclipse/plugins/fr.ac6.mcu.externaltools.arm-none.macos64_1.17.0.201812190825/tools/compiler/bin/../lib/gcc/arm-none-eabi/7.3.1/../../../../arm-none-eabi/lib/thumb/v6-m/libc.a(lib_a-findfp.o) (_fwalk)
/Users/nathangovindarajan/Desktop/SystemWorkbench.app/Contents/Eclipse/plugins/fr.ac6.mcu.externaltools.arm-none.macos64_1.17.0.201812190825/tools/compiler/bin/../lib/gcc/arm-none-eabi/7.3.1/../../../../arm-none-eabi/lib/thumb/v6-m/libc.a(lib_a-impure.o)
                              /Users/nathangovindarajan/Desktop/SystemWorkbench.app/Contents/Eclipse/plugins/fr.ac6.mcu.externaltools.arm-none.macos64_1.17.0.201812190825/tools/compiler/bin/../lib/gcc/arm-none-eabi/7.3.1/../../../../arm-none-eabi/lib/thumb/v6-m/libc.a(lib_a-exit.o) (_global_impure_ptr)
[...]
Memory Configuration

Name             Origin             Length             Attributes
RAM              0x0000000020000000 0x0000000000008000 xrw
ROM              0x0000000008000000 0x0000000000040000 xr
*default*        0x0000000000000000 0xffffffffffffffff

Linker script and memory map

LOAD /Users/nathangovindarajan/Desktop/SystemWorkbench.app/Contents/Eclipse/plugins/fr.ac6.mcu.externaltools.arm-none.macos64_1.17.0.201812190825/tools/compiler/bin/../lib/gcc/arm-none-eabi/7.3.1/thumb/v6-m/crti.o
LOAD /Users/nathangovindarajan/Desktop/SystemWorkbench.app/Contents/Eclipse/plugins/fr.ac6.mcu.externaltools.arm-none.macos64_1.17.0.201812190825/tools/compiler/bin/../lib/gcc/arm-none-eabi/7.3.1/thumb/v6-m/crtbegin.o
LOAD /Users/nathangovindarajan/Desktop/SystemWorkbench.app/Contents/Eclipse/plugins/fr.ac6.mcu.externaltools.arm-none.macos64_1.17.0.201812190825/tools/compiler/bin/../lib/gcc/arm-none-eabi/7.3.1/../../../../arm-none-eabi/lib/thumb/v6-m/crt0.o
LOAD StdPeriph_Driver/src/stm32f0xx_adc.o
LOAD StdPeriph_Driver/src/stm32f0xx_can.o
LOAD StdPeriph_Driver/src/stm32f0xx_cec.o
LOAD StdPeriph_Driver/src/stm32f0xx_comp.o
LOAD StdPeriph_Driver/src/stm32f0xx_crc.o
LOAD StdPeriph_Driver/src/stm32f0xx_crs.o
LOAD StdPeriph_Driver/src/stm32f0xx_dac.o
LOAD StdPeriph_Driver/src/stm32f0xx_dbgmcu.o
LOAD StdPeriph_Driver/src/stm32f0xx_dma.o
LOAD StdPeriph_Driver/src/stm32f0xx_exti.o
LOAD StdPeriph_Driver/src/stm32f0xx_flash.o
LOAD StdPeriph_Driver/src/stm32f0xx_gpio.o
LOAD StdPeriph_Driver/src/stm32f0xx_i2c.o
LOAD StdPeriph_Driver/src/stm32f0xx_iwdg.o
LOAD StdPeriph_Driver/src/stm32f0xx_misc.o
LOAD StdPeriph_Driver/src/stm32f0xx_pwr.o
LOAD StdPeriph_Driver/src/stm32f0xx_rcc.o
LOAD StdPeriph_Driver/src/stm32f0xx_rtc.o
LOAD StdPeriph_Driver/src/stm32f0xx_spi.o
LOAD StdPeriph_Driver/src/stm32f0xx_syscfg.o
LOAD StdPeriph_Driver/src/stm32f0xx_tim.o
LOAD StdPeriph_Driver/src/stm32f0xx_usart.o
LOAD StdPeriph_Driver/src/stm32f0xx_wwdg.o
LOAD src/commands.o
LOAD src/dac.o
LOAD src/diskio.o
LOAD src/display.o
LOAD src/ff.o
LOAD src/fifo.o
LOAD src/lcd.o
LOAD src/main.o
LOAD src/sdcard.o
LOAD src/stm.o
LOAD src/syscalls.o
LOAD src/system_stm32f0xx.o
LOAD src/timer.o
LOAD src/tty.o
LOAD src/wav.o
LOAD startup/startup_stm32.o
LOAD /Users/nathangovindarajan/Desktop/SystemWorkbench.app/Contents/Eclipse/plugins/fr.ac6.mcu.externaltools.arm-none.macos64_1.17.0.201812190825/tools/compiler/bin/../lib/gcc/arm-none-eabi/7.3.1/../../../../arm-none-eabi/lib/thumb/v6-m/libm.a
START GROUP
LOAD /Users/nathangovindarajan/Desktop/SystemWorkbench.app/Contents/Eclipse/plugins/fr.ac6.mcu.externaltools.arm-none.macos64_1.17.0.201812190825/tools/compiler/bin/../lib/gcc/arm-none-eabi/7.3.1/thumb/v6-m/libgcc.a
LOAD /Users/nathangovindarajan/Desktop/SystemWorkbench.app/Contents/Eclipse/plugins/fr.ac6.mcu.externaltools.arm-none.macos64_1.17.0.201812190825/tools/compiler/bin/../lib/gcc/arm-none-eabi/7.3.1/../../../../arm-none-eabi/lib/thumb/v6-m/libc.a
END GROUP
LOAD /Users/nathangovindarajan/Desktop/SystemWorkbench.app/Contents/Eclipse/plugins/fr.ac6.mcu.externaltools.arm-none.macos64_1.17.0.201812190825/tools/compiler/bin/../lib/gcc/arm-none-eabi/7.3.1/thumb/v6-m/crtend.o
LOAD /Users/nathangovindarajan/Desktop/SystemWorkbench.app/Contents/Eclipse/plugins/fr.ac6.mcu.externaltools.arm-none.macos64_1.17.0.201812190825/tools/compiler/bin/../lib/gcc/arm-none-eabi/7.3.1/thumb/v6-m/crtn.o
                0x0000000020008000                _estack = 0x20008000
                0x0000000000000000                _Min_Heap_Size = 0x0
                0x0000000000000400                _Min_Stack_Size = 0x400

.isr_vector     0x0000000008000000       0xc0
                0x0000000008000000                . = ALIGN (0x4)
 *(.isr_vector)
 .isr_vector    0x0000000008000000       0xc0 startup/startup_stm32.o
                0x0000000008000000                g_pfnVectors
                0x00000000080000c0                . = ALIGN (0x4)

.text           0x00000000080000c0     0x649c
                0x00000000080000c0                . = ALIGN (0x4)
 *(.text)
 .text          0x00000000080000c0       0x48 /Users/nathangovindarajan/Desktop/SystemWorkbench.app/Contents/Eclipse/plugins/fr.ac6.mcu.externaltools.arm-none.macos64_1.17.0.201812190825/tools/compiler/bin/../lib/gcc/arm-none-eabi/7.3.1/thumb/v6-m/crtbegin.o
 .text          0x0000000008000108      0x114 /Users/nathangovindarajan/Desktop/SystemWorkbench.app/Contents/Eclipse/plugins/fr.ac6.mcu.externaltools.arm-none.macos64_1.17.0.201812190825/tools/compiler/bin/../lib/gcc/arm-none-eabi/7.3.1/thumb/v6-m/libgcc.a(_udivsi3.o)
                0x0000000008000108                __udivsi3
                0x0000000008000108                __aeabi_uidiv
                0x0000000008000214                __aeabi_uidivmod
 .text          0x000000000800021c      0x1d4 /Users/nathangovindarajan/Desktop/SystemWorkbench.app/Contents/Eclipse/plugins/fr.ac6.mcu.externaltools.arm-none.macos64_1.17.0.201812190825/tools/compiler/bin/../lib/gcc/arm-none-eabi/7.3.1/thumb/v6-m/libgcc.a(_divsi3.o)
                0x000000000800021c                __aeabi_idiv
                0x000000000800021c                __divsi3
                0x00000000080003e8                __aeabi_idivmod
 .text          0x00000000080003f0        0x4 /Users/nathangovindarajan/Desktop/SystemWorkbench.app/Contents/Eclipse/plugins/fr.ac6.mcu.externaltools.arm-none.macos64_1.17.0.201812190825/tools/compiler/bin/../lib/gcc/arm-none-eabi/7.3.1/thumb/v6-m/libgcc.a(_dvmd_tls.o)
                0x00000000080003f0                __aeabi_ldiv0
                0x00000000080003f0                __aeabi_idiv0
 *(.text*)
 .text.get_fattime
                0x00000000080003f4       0x14 src/commands.o
                0x00000000080003f4                get_fattime
 .text.scrollDisplay
                0x0000000008000408      0x168 src/commands.o
                0x0000000008000408                scrollDisplay
 .text.clearDisplay
                0x0000000008000570       0x10 src/commands.o
                0x0000000008000570                clearDisplay
 .text.togglePlay
                0x0000000008000580       0x34 src/dac.o
                0x0000000008000580                togglePlay
 .text.stop     0x00000000080005b4       0x54 src/dac.o
                0x00000000080005b4                stop
 .text.play     0x0000000008000608      0x304 src/dac.o
                0x0000000008000608                play
 .text.DMA1_CH4_5_6_7_DMA2_CH3_4_5_IRQHandler
                0x000000000800090c       0xe0 src/dac.o
                0x000000000800090c                DMA1_CH4_5_6_7_DMA2_CH3_4_5_IRQHandler
 .text.spi_clear_rxfifo
                0x00000000080009ec       0x28 src/diskio.o
                0x00000000080009ec                spi_clear_rxfifo
 .text.sdcard_write
                0x0000000008000a14       0x68 src/diskio.o
                0x0000000008000a14                sdcard_write
 .text.sdcard_init_clock
                0x0000000008000a7c       0x26 src/diskio.o
                0x0000000008000a7c                sdcard_init_clock
 .text.sdcard_cmd
                0x0000000008000aa2       0x8c src/diskio.o
                0x0000000008000aa2                sdcard_cmd
 .text.sdcard_r3
                0x0000000008000b2e       0x54 src/diskio.o
                0x0000000008000b2e                sdcard_r3
 *fill*         0x0000000008000b82        0x2 
 .text.sdcard_readblock
                0x0000000008000b84       0x9c src/diskio.o
                0x0000000008000b84                sdcard_readblock
 .text.sdcard_writeblock
                0x0000000008000c20       0x8e src/diskio.o
                0x0000000008000c20                sdcard_writeblock
 *fill*         0x0000000008000cae        0x2 
 .text.disk_initialize
                0x0000000008000cb0      0x114 src/diskio.o
                0x0000000008000cb0                disk_initialize
 .text.disk_status
                0x0000000008000dc4       0x64 src/diskio.o
                0x0000000008000dc4                disk_status
 .text.disk_read
                0x0000000008000e28       0x9e src/diskio.o
                0x0000000008000e28                disk_read
 .text.disk_write
                0x0000000008000ec6       0x9e src/diskio.o
                0x0000000008000ec6                disk_write
 .text.disk_ioctl
                0x0000000008000f64       0xac src/diskio.o
                0x0000000008000f64                disk_ioctl
 .text.updateFiles
                0x0000000008001010      0x182 src/display.o
                0x0000000008001010                updateFiles
 .text.getSelectedFile
                0x0000000008001192       0x96 src/display.o
                0x0000000008001192                getSelectedFile
 .text.appendFilename
                0x0000000008001228      0x10c src/display.o
                0x0000000008001228                appendFilename
 .text.handleFileSelectButton
                0x0000000008001334       0x92 src/display.o
                0x0000000008001334                handleFileSelectButton
 .text.handleFileNextButton
                0x00000000080013c6       0x30 src/display.o
                0x00000000080013c6                handleFileNextButton
 .text.ld_word  0x00000000080013f6       0x36 src/ff.o
 .text.ld_dword
                0x000000000800142c       0x42 src/ff.o
 .text.st_word  0x000000000800146e       0x3c src/ff.o
 .text.st_dword
                0x00000000080014aa       0x54 src/ff.o
 .text.mem_cpy  0x00000000080014fe       0x3e src/ff.o
 .text.mem_set  0x000000000800153c       0x30 src/ff.o
 .text.mem_cmp  0x000000000800156c       0x4a src/ff.o
 .text.chk_chr  0x00000000080015b6       0x32 src/ff.o
 .text.dbc_1st  0x00000000080015e8       0x46 src/ff.o
 .text.dbc_2nd  0x000000000800162e       0x5e src/ff.o
 .text.sync_window
                0x000000000800168c       0x82 src/ff.o
 .text.move_window
                0x000000000800170e       0x6c src/ff.o
 *fill*         0x000000000800177a        0x2 
 .text.sync_fs  0x000000000800177c       0xf8 src/ff.o
 .text.clst2sect
                0x0000000008001874       0x38 src/ff.o
 .text.get_fat  0x00000000080018ac      0x152 src/ff.o
 .text.put_fat  0x00000000080019fe      0x1fe src/ff.o
 .text.remove_chain
                0x0000000008001bfc       0xea src/ff.o
 .text.create_chain
                0x0000000008001ce6      0x1c4 src/ff.o
 .text.dir_clear
                0x0000000008001eaa       0x94 src/ff.o
 *fill*         0x0000000008001f3e        0x2 
 .text.dir_sdi  0x0000000008001f40      0x100 src/ff.o
 .text.dir_next
                0x0000000008002040      0x134 src/ff.o
 .text.dir_alloc
                0x0000000008002174       0xb2 src/ff.o
 .text.ld_clust
                0x0000000008002226       0x3e src/ff.o
 .text.st_clust
                0x0000000008002264       0x40 src/ff.o
 .text.dir_read
                0x00000000080022a4       0xf4 src/ff.o
 .text.dir_find
                0x0000000008002398       0xd2 src/ff.o
 .text.dir_register
                0x000000000800246a       0x78 src/ff.o
 .text.get_fileinfo
                0x00000000080024e2       0xd8 src/ff.o
 *fill*         0x00000000080025ba        0x2 
 .text.create_name
                0x00000000080025bc      0x230 src/ff.o
 .text.follow_path
                0x00000000080027ec      0x154 src/ff.o
 .text.get_ldnumber
                0x0000000008002940       0x9c src/ff.o
 .text.check_fs
                0x00000000080029dc      0x14c src/ff.o
 .text.find_volume
                0x0000000008002b28       0xbe src/ff.o
 *fill*         0x0000000008002be6        0x2 
 .text.mount_volume
                0x0000000008002be8      0x434 src/ff.o
 .text.validate
                0x000000000800301c       0x7a src/ff.o
 *fill*         0x0000000008003096        0x2 
 .text.f_mount  0x0000000008003098       0x8c src/ff.o
                0x0000000008003098                f_mount
 .text.f_open   0x0000000008003124      0x382 src/ff.o
                0x0000000008003124                f_open
 .text.f_read   0x00000000080034a6      0x26a src/ff.o
                0x00000000080034a6                f_read
 .text.f_write  0x0000000008003710      0x2da src/ff.o
                0x0000000008003710                f_write
 .text.f_sync   0x00000000080039ea      0x112 src/ff.o
                0x00000000080039ea                f_sync
 .text.f_close  0x0000000008003afc       0x52 src/ff.o
                0x0000000008003afc                f_close
 .text.f_chdir  0x0000000008003b4e       0xb2 src/ff.o
                0x0000000008003b4e                f_chdir
 .text.f_lseek  0x0000000008003c00      0x27c src/ff.o
                0x0000000008003c00                f_lseek
 .text.f_opendir
                0x0000000008003e7c       0xde src/ff.o
                0x0000000008003e7c                f_opendir
 .text.f_closedir
                0x0000000008003f5a       0x3a src/ff.o
                0x0000000008003f5a                f_closedir
 .text.f_readdir
                0x0000000008003f94       0xaa src/ff.o
                0x0000000008003f94                f_readdir
 .text.putc_bfd
                0x000000000800403e       0x74 src/ff.o
 .text.putc_flush
                0x00000000080040b2       0x4a src/ff.o
 .text.putc_init
                0x00000000080040fc       0x24 src/ff.o
 .text.f_printf
                0x0000000008004120      0x4f0 src/ff.o
                0x0000000008004120                f_printf
 .text.tft_select
                0x0000000008004610       0x54 src/lcd.o
 .text.tft_reset
                0x0000000008004664       0x2c src/lcd.o
 .text.tft_reg_select
                0x0000000008004690       0x2c src/lcd.o
 .text.nano_wait
                0x00000000080046bc       0x18 src/lcd.o
 .text.LCD_Reset
                0x00000000080046d4       0x38 src/lcd.o
                0x00000000080046d4                LCD_Reset
 .text.LCD_WR_REG
                0x000000000800470c       0x40 src/lcd.o
                0x000000000800470c                LCD_WR_REG
 .text.LCD_WR_DATA
                0x000000000800474c       0x40 src/lcd.o
                0x000000000800474c                LCD_WR_DATA
 .text.LCD_WriteData16_Prepare
                0x000000000800478c       0x2c src/lcd.o
                0x000000000800478c                LCD_WriteData16_Prepare
 .text.LCD_WriteData16
                0x00000000080047b8       0x30 src/lcd.o
                0x00000000080047b8                LCD_WriteData16
 .text.LCD_WriteData16_End
                0x00000000080047e8       0x24 src/lcd.o
                0x00000000080047e8                LCD_WriteData16_End
 .text.LCD_WriteReg
                0x000000000800480c       0x30 src/lcd.o
                0x000000000800480c                LCD_WriteReg
 .text.LCD_WriteRAM_Prepare
                0x000000000800483c       0x1c src/lcd.o
                0x000000000800483c                LCD_WriteRAM_Prepare
 .text.LCD_direction
                0x0000000008004858       0xa4 src/lcd.o
                0x0000000008004858                LCD_direction
 .text.LCD_Init
                0x00000000080048fc      0x2a4 src/lcd.o
                0x00000000080048fc                LCD_Init
 .text.LCD_Setup
                0x0000000008004ba0       0x38 src/lcd.o
                0x0000000008004ba0                LCD_Setup
 .text.LCD_SetWindow
                0x0000000008004bd8       0xc0 src/lcd.o
                0x0000000008004bd8                LCD_SetWindow
 .text.LCD_Clear
                0x0000000008004c98       0x84 src/lcd.o
                0x0000000008004c98                LCD_Clear
 .text._LCD_DrawPoint
                0x0000000008004d1c       0x4e src/lcd.o
 *fill*         0x0000000008004d6a        0x2 
 .text._LCD_DrawChar
                0x0000000008004d6c      0x22c src/lcd.o
                0x0000000008004d6c                _LCD_DrawChar
 .text.LCD_DrawString
                0x0000000008004f98       0xc8 src/lcd.o
                0x0000000008004f98                LCD_DrawString
 .text.main     0x0000000008005060       0x68 src/main.o
                0x0000000008005060                main
 .text.openSDCardFile
                0x00000000080050c8       0x22 src/sdcard.o
                0x00000000080050c8                openSDCardFile
 .text.closeSDCardFile
                0x00000000080050ea       0x1c src/sdcard.o
                0x00000000080050ea                closeSDCardFile
 *fill*         0x0000000008005106        0x2 
 .text.init_spi1_slow
                0x0000000008005108      0x154 src/stm.o
                0x0000000008005108                init_spi1_slow
 .text.enable_sdcard
                0x000000000800525c       0x1c src/stm.o
                0x000000000800525c                enable_sdcard
 .text.disable_sdcard
                0x0000000008005278       0x1c src/stm.o
                0x0000000008005278                disable_sdcard
 .text.init_sdcard_io
                0x0000000008005294       0x30 src/stm.o
                0x0000000008005294                init_sdcard_io
 .text.sdcard_io_high_speed
                0x00000000080052c4       0x50 src/stm.o
                0x00000000080052c4                sdcard_io_high_speed
 .text.init_lcd_spi
                0x0000000008005314       0x84 src/stm.o
                0x0000000008005314                init_lcd_spi
 .text._sbrk    0x0000000008005398       0x58 src/syscalls.o
                0x0000000008005398                _sbrk
 .text.SystemInit
                0x00000000080053f0       0x8c src/system_stm32f0xx.o
                0x00000000080053f0                SystemInit
 .text.SetSysClock
                0x000000000800547c       0xe0 src/system_stm32f0xx.o
 .text.initDisplay
                0x000000000800555c       0x58 src/timer.o
                0x000000000800555c                initDisplay
 .text.initButtonScanning
                0x00000000080055b4       0x88 src/timer.o
                0x00000000080055b4                initButtonScanning
 .text.enableDisplay
                0x000000000800563c       0x60 src/timer.o
                0x000000000800563c                enableDisplay
 .text.disableDisplay
                0x000000000800569c       0x24 src/timer.o
                0x000000000800569c                disableDisplay
 .text.enableButtonScanning
                0x00000000080056c0       0x20 src/timer.o
                0x00000000080056c0                enableButtonScanning
 .text.TIM6_DAC_IRQHandler
                0x00000000080056e0       0x38 src/timer.o
                0x00000000080056e0                TIM6_DAC_IRQHandler
 .text.TIM7_IRQHandler
                0x0000000008005718       0xc0 src/timer.o
                0x0000000008005718                TIM7_IRQHandler
 .text.be       0x00000000080057d8       0x36 src/wav.o
                0x00000000080057d8                be
 *fill*         0x000000000800580e        0x2 
 .text.verifyWavFile
                0x0000000008005810       0xe4 src/wav.o
                0x0000000008005810                verifyWavFile
 .text.playSDCardWavfile
                0x00000000080058f4       0x68 src/wav.o
                0x00000000080058f4                playSDCardWavfile
 .text.Reset_Handler
                0x000000000800595c       0x50 startup/startup_stm32.o
                0x000000000800595c                Reset_Handler
 .text.Default_Handler
                0x00000000080059ac        0x2 startup/startup_stm32.o
                0x00000000080059ac                TIM1_BRK_UP_TRG_COM_IRQHandler
                0x00000000080059ac                TSC_IRQHandler
                0x00000000080059ac                HardFault_Handler
                0x00000000080059ac                SysTick_Handler
                0x00000000080059ac                PVD_IRQHandler
                0x00000000080059ac                PendSV_Handler
                0x00000000080059ac                NMI_Handler
                0x00000000080059ac                I2C1_IRQHandler
                0x00000000080059ac                RCC_CRS_IRQHandler
                0x00000000080059ac                SPI1_IRQHandler
                0x00000000080059ac                EXTI2_3_IRQHandler
                0x00000000080059ac                I2C2_IRQHandler
                0x00000000080059ac                TIM17_IRQHandler
                0x00000000080059ac                CEC_CAN_IRQHandler
                0x00000000080059ac                RTC_IRQHandler
                0x00000000080059ac                TIM16_IRQHandler
                0x00000000080059ac                TIM3_IRQHandler
                0x00000000080059ac                EXTI4_15_IRQHandler
                0x00000000080059ac                Default_Handler
                0x00000000080059ac                DMA1_CH2_3_DMA2_CH1_2_IRQHandler
                0x00000000080059ac                TIM14_IRQHandler
                0x00000000080059ac                TIM15_IRQHandler
                0x00000000080059ac                EXTI0_1_IRQHandler
                0x00000000080059ac                USB_IRQHandler
                0x00000000080059ac                SPI2_IRQHandler
                0x00000000080059ac                DMA1_CH1_IRQHandler
                0x00000000080059ac                SVC_Handler
                0x00000000080059ac                WWDG_IRQHandler
                0x00000000080059ac                TIM2_IRQHandler
                0x00000000080059ac                ADC_COMP_IRQHandler
                0x00000000080059ac                USART2_IRQHandler
                0x00000000080059ac                USART3_4_5_6_7_8_IRQHandler
                0x00000000080059ac                FLASH_IRQHandler
                0x00000000080059ac                USART1_IRQHandler
                0x00000000080059ac                TIM1_CC_IRQHandler
 *fill*         0x00000000080059ae        0x2 
 .text.__errno  0x00000000080059b0        0xc /Users/nathangovindarajan/Desktop/SystemWorkbench.app/Contents/Eclipse/plugins/fr.ac6.mcu.externaltools.arm-none.macos64_1.17.0.201812190825/tools/compiler/bin/../lib/gcc/arm-none-eabi/7.3.1/../../../../arm-none-eabi/lib/thumb/v6-m/libc.a(lib_a-errno.o)
                0x00000000080059b0                __errno
 .text._malloc_trim_r
                0x00000000080059bc       0xa0 /Users/nathangovindarajan/Desktop/SystemWorkbench.app/Contents/Eclipse/plugins/fr.ac6.mcu.externaltools.arm-none.macos64_1.17.0.201812190825/tools/compiler/bin/../lib/gcc/arm-none-eabi/7.3.1/../../../../arm-none-eabi/lib/thumb/v6-m/libc.a(lib_a-freer.o)
                0x00000000080059bc                _malloc_trim_r
 .text._free_r  0x0000000008005a5c      0x1d4 /Users/nathangovindarajan/Desktop/SystemWorkbench.app/Contents/Eclipse/plugins/fr.ac6.mcu.externaltools.arm-none.macos64_1.17.0.201812190825/tools/compiler/bin/../lib/gcc/arm-none-eabi/7.3.1/../../../../arm-none-eabi/lib/thumb/v6-m/libc.a(lib_a-freer.o)
                0x0000000008005a5c                _free_r
 .text.__libc_init_array
                0x0000000008005c30       0x48 /Users/nathangovindarajan/Desktop/SystemWorkbench.app/Contents/Eclipse/plugins/fr.ac6.mcu.externaltools.arm-none.macos64_1.17.0.201812190825/tools/compiler/bin/../lib/gcc/arm-none-eabi/7.3.1/../../../../arm-none-eabi/lib/thumb/v6-m/libc.a(lib_a-init.o)
                0x0000000008005c30                __libc_init_array
 .text.__retarget_lock_acquire_recursive
                0x0000000008005c78        0x4 /Users/nathangovindarajan/Desktop/SystemWorkbench.app/Contents/Eclipse/plugins/fr.ac6.mcu.externaltools.arm-none.macos64_1.17.0.201812190825/tools/compiler/bin/../lib/gcc/arm-none-eabi/7.3.1/../../../../arm-none-eabi/lib/thumb/v6-m/libc.a(lib_a-lock.o)
                0x0000000008005c78                __retarget_lock_acquire_recursive
 .text.__retarget_lock_release_recursive
                0x0000000008005c7c        0x4 /Users/nathangovindarajan/Desktop/SystemWorkbench.app/Contents/Eclipse/plugins/fr.ac6.mcu.externaltools.arm-none.macos64_1.17.0.201812190825/tools/compiler/bin/../lib/gcc/arm-none-eabi/7.3.1/../../../../arm-none-eabi/lib/thumb/v6-m/libc.a(lib_a-lock.o)
                0x0000000008005c7c                __retarget_lock_release_recursive
 .text.malloc   0x0000000008005c80       0x14 /Users/nathangovindarajan/Desktop/SystemWorkbench.app/Contents/Eclipse/plugins/fr.ac6.mcu.externaltools.arm-none.macos64_1.17.0.201812190825/tools/compiler/bin/../lib/gcc/arm-none-eabi/7.3.1/../../../../arm-none-eabi/lib/thumb/v6-m/libc.a(lib_a-malloc.o)
                0x0000000008005c80                malloc
 .text.free     0x0000000008005c94       0x14 /Users/nathangovindarajan/Desktop/SystemWorkbench.app/Contents/Eclipse/plugins/fr.ac6.mcu.externaltools.arm-none.macos64_1.17.0.201812190825/tools/compiler/bin/../lib/gcc/arm-none-eabi/7.3.1/../../../../arm-none-eabi/lib/thumb/v6-m/libc.a(lib_a-malloc.o)
                0x0000000008005c94                free
 .text._malloc_r
                0x0000000008005ca8      0x554 /Users/nathangovindarajan/Desktop/SystemWorkbench.app/Contents/Eclipse/plugins/fr.ac6.mcu.externaltools.arm-none.macos64_1.17.0.201812190825/tools/compiler/bin/../lib/gcc/arm-none-eabi/7.3.1/../../../../arm-none-eabi/lib/thumb/v6-m/libc.a(lib_a-mallocr.o)
                0x0000000008005ca8                _malloc_r
 .text.memcpy   0x00000000080061fc       0x88 /Users/nathangovindarajan/Desktop/SystemWorkbench.app/Contents/Eclipse/plugins/fr.ac6.mcu.externaltools.arm-none.macos64_1.17.0.201812190825/tools/compiler/bin/../lib/gcc/arm-none-eabi/7.3.1/../../../../arm-none-eabi/lib/thumb/v6-m/libc.a(lib_a-memcpy-stub.o)
                0x00000000080061fc                memcpy
 .text.__malloc_lock
                0x0000000008006284       0x10 /Users/nathangovindarajan/Desktop/SystemWorkbench.app/Contents/Eclipse/plugins/fr.ac6.mcu.externaltools.arm-none.macos64_1.17.0.201812190825/tools/compiler/bin/../lib/gcc/arm-none-eabi/7.3.1/../../../../arm-none-eabi/lib/thumb/v6-m/libc.a(lib_a-mlock.o)
                0x0000000008006284                __malloc_lock
 .text.__malloc_unlock
                0x0000000008006294       0x10 /Users/nathangovindarajan/Desktop/SystemWorkbench.app/Contents/Eclipse/plugins/fr.ac6.mcu.externaltools.arm-none.macos64_1.17.0.201812190825/tools/compiler/bin/../lib/gcc/arm-none-eabi/7.3.1/../../../../arm-none-eabi/lib/thumb/v6-m/libc.a(lib_a-mlock.o)
                0x0000000008006294                __malloc_unlock
 .text._sbrk_r  0x00000000080062a4       0x24 /Users/nathangovindarajan/Desktop/SystemWorkbench.app/Contents/Eclipse/plugins/fr.ac6.mcu.externaltools.arm-none.macos64_1.17.0.201812190825/tools/compiler/bin/../lib/gcc/arm-none-eabi/7.3.1/../../../../arm-none-eabi/lib/thumb/v6-m/libc.a(lib_a-sbrkr.o)
                0x00000000080062a4                _sbrk_r
 .text.strdup   0x00000000080062c8       0x14 /Users/nathangovindarajan/Desktop/SystemWorkbench.app/Contents/Eclipse/plugins/fr.ac6.mcu.externaltools.arm-none.macos64_1.17.0.201812190825/tools/compiler/bin/../lib/gcc/arm-none-eabi/7.3.1/../../../../arm-none-eabi/lib/thumb/v6-m/libc.a(lib_a-strdup.o)
                0x00000000080062c8                strdup
 .text._strdup_r
                0x00000000080062dc       0x28 /Users/nathangovindarajan/Desktop/SystemWorkbench.app/Contents/Eclipse/plugins/fr.ac6.mcu.externaltools.arm-none.macos64_1.17.0.201812190825/tools/compiler/bin/../lib/gcc/arm-none-eabi/7.3.1/../../../../arm-none-eabi/lib/thumb/v6-m/libc.a(lib_a-strdup_r.o)
                0x00000000080062dc                _strdup_r
 .text.strlen   0x0000000008006304       0x64 /Users/nathangovindarajan/Desktop/SystemWorkbench.app/Contents/Eclipse/plugins/fr.ac6.mcu.externaltools.arm-none.macos64_1.17.0.201812190825/tools/compiler/bin/../lib/gcc/arm-none-eabi/7.3.1/../../../../arm-none-eabi/lib/thumb/v6-m/libc.a(lib_a-strlen-stub.o)
                0x0000000008006304                strlen
 .text.strncpy  0x0000000008006368       0x8c /Users/nathangovindarajan/Desktop/SystemWorkbench.app/Contents/Eclipse/plugins/fr.ac6.mcu.externaltools.arm-none.macos64_1.17.0.201812190825/tools/compiler/bin/../lib/gcc/arm-none-eabi/7.3.1/../../../../arm-none-eabi/lib/thumb/v6-m/libc.a(lib_a-strncpy.o)
                0x0000000008006368                strncpy
 .text.startup.register_fini
                0x00000000080063f4       0x18 /Users/nathangovindarajan/Desktop/SystemWorkbench.app/Contents/Eclipse/plugins/fr.ac6.mcu.externaltools.arm-none.macos64_1.17.0.201812190825/tools/compiler/bin/../lib/gcc/arm-none-eabi/7.3.1/../../../../arm-none-eabi/lib/thumb/v6-m/libc.a(lib_a-__call_atexit.o)
 .text.atexit   0x000000000800640c       0x10 /Users/nathangovindarajan/Desktop/SystemWorkbench.app/Contents/Eclipse/plugins/fr.ac6.mcu.externaltools.arm-none.macos64_1.17.0.201812190825/tools/compiler/bin/../lib/gcc/arm-none-eabi/7.3.1/../../../../arm-none-eabi/lib/thumb/v6-m/libc.a(lib_a-atexit.o)
                0x000000000800640c                atexit
 .text.__libc_fini_array
                0x000000000800641c       0x34 /Users/nathangovindarajan/Desktop/SystemWorkbench.app/Contents/Eclipse/plugins/fr.ac6.mcu.externaltools.arm-none.macos64_1.17.0.201812190825/tools/compiler/bin/../lib/gcc/arm-none-eabi/7.3.1/../../../../arm-none-eabi/lib/thumb/v6-m/libc.a(lib_a-fini.o)
                0x000000000800641c                __libc_fini_array
 .text.__register_exitproc
                0x0000000008006450       0xf4 /Users/nathangovindarajan/Desktop/SystemWorkbench.app/Contents/Eclipse/plugins/fr.ac6.mcu.externaltools.arm-none.macos64_1.17.0.201812190825/tools/compiler/bin/../lib/gcc/arm-none-eabi/7.3.1/../../../../arm-none-eabi/lib/thumb/v6-m/libc.a(lib_a-__atexit.o)
                0x0000000008006450                __register_exitproc
 *(.glue_7)
 .glue_7        0x0000000008006544        0x0 linker stubs
 *(.glue_7t)
 .glue_7t       0x0000000008006544        0x0 linker stubs
 *(.eh_frame)
 .eh_frame      0x0000000008006544        0x0 /Users/nathangovindarajan/Desktop/SystemWorkbench.app/Contents/Eclipse/plugins/fr.ac6.mcu.externaltools.arm-none.macos64_1.17.0.201812190825/tools/compiler/bin/../lib/gcc/arm-none-eabi/7.3.1/thumb/v6-m/crtbegin.o
 *(.init)
 .init          0x0000000008006544        0x4 /Users/nathangovindarajan/Desktop/SystemWorkbench.app/Contents/Eclipse/plugins/fr.ac6.mcu.externaltools.arm-none.macos64_1.17.0.201812190825/tools/compiler/bin/../lib/gcc/arm-none-eabi/7.3.1/thumb/v6-m/crti.o
                0x0000000008006544                _init
 .init          0x0000000008006548        0x8 /Users/nathangovindarajan/Desktop/SystemWorkbench.app/Contents/Eclipse/plugins/fr.ac6.mcu.externaltools.arm-none.macos64_1.17.0.201812190825/tools/compiler/bin/../lib/gcc/arm-none-eabi/7.3.1/thumb/v6-m/crtn.o
 *(.fini)
 .fini          0x0000000008006550        0x4 /Users/nathangovindarajan/Desktop/SystemWorkbench.app/Contents/Eclipse/plugins/fr.ac6.mcu.externaltools.arm-none.macos64_1.17.0.201812190825/tools/compiler/bin/../lib/gcc/arm-none-eabi/7.3.1/thumb/v6-m/crti.o
                0x0000000008006550                _fini
 .fini          0x0000000008006554        0x8 /Users/nathangovindarajan/Desktop/SystemWorkbench.app/Contents/Eclipse/plugins/fr.ac6.mcu.externaltools.arm-none.macos64_1.17.0.201812190825/tools/compiler/bin/../lib/gcc/arm-none-eabi/7.3.1/thumb/v6-m/crtn.o
                0x000000000800655c                . = ALIGN (0x4)
                0x000000000800655c                _etext = .

.vfp11_veneer   0x000000000800655c        0x0
 .vfp11_veneer  0x000000000800655c        0x0 linker stubs

.v4_bx          0x000000000800655c        0x0
 .v4_bx         0x000000000800655c        0x0 linker stubs

.iplt           0x000000000800655c        0x0
 .iplt          0x000000000800655c        0x0 /Users/nathangovindarajan/Desktop/SystemWorkbench.app/Contents/Eclipse/plugins/fr.ac6.mcu.externaltools.arm-none.macos64_1.17.0.201812190825/tools/compiler/bin/../lib/gcc/arm-none-eabi/7.3.1/thumb/v6-m/crtbegin.o

.rodata         0x000000000800655c      0xb14
                0x000000000800655c                . = ALIGN (0x4)
 *(.rodata)
 .rodata        0x000000000800655c        0x1 src/dac.o
 *fill*         0x000000000800655d        0x3 
 .rodata        0x0000000008006560       0x84 src/ff.o
 .rodata        0x00000000080065e4      0xa80 src/lcd.o
                0x0000000008006600                asc2_1206
                0x0000000008006a74                asc2_1608
 .rodata        0x0000000008007064        0x1 src/main.o
 *fill*         0x0000000008007065        0x3 
 .rodata        0x0000000008007068        0x1 src/timer.o
 *(.rodata*)
 *fill*         0x0000000008007069        0x3 
 .rodata._global_impure_ptr
                0x000000000800706c        0x4 /Users/nathangovindarajan/Desktop/SystemWorkbench.app/Contents/Eclipse/plugins/fr.ac6.mcu.externaltools.arm-none.macos64_1.17.0.201812190825/tools/compiler/bin/../lib/gcc/arm-none-eabi/7.3.1/../../../../arm-none-eabi/lib/thumb/v6-m/libc.a(lib_a-impure.o)
                0x000000000800706c                _global_impure_ptr
                0x0000000008007070                . = ALIGN (0x4)

.rel.dyn        0x0000000008007070        0x0
 .rel.iplt      0x0000000008007070        0x0 /Users/nathangovindarajan/Desktop/SystemWorkbench.app/Contents/Eclipse/plugins/fr.ac6.mcu.externaltools.arm-none.macos64_1.17.0.201812190825/tools/compiler/bin/../lib/gcc/arm-none-eabi/7.3.1/thumb/v6-m/crtbegin.o

.ARM.extab      0x0000000008007070        0x0
                0x0000000008007070                . = ALIGN (0x4)
 *(.ARM.extab* .gnu.linkonce.armextab.*)
                0x0000000008007070                . = ALIGN (0x4)

.ARM            0x0000000008007070        0x0
                0x0000000008007070                . = ALIGN (0x4)
                0x0000000008007070                __exidx_start = .
 *(.ARM.exidx*)
                0x0000000008007070                __exidx_end = .
                0x0000000008007070                . = ALIGN (0x4)

.preinit_array  0x0000000008007070        0x0
                0x0000000008007070                . = ALIGN (0x4)
                0x0000000008007070                PROVIDE (__preinit_array_start = .)
 *(.preinit_array*)
                0x0000000008007070                PROVIDE (__preinit_array_end = .)
                0x0000000008007070                . = ALIGN (0x4)

.init_array     0x0000000008007070        0x8
                0x0000000008007070                . = ALIGN (0x4)
                0x0000000008007070                PROVIDE (__init_array_start = .)
 *(SORT_BY_NAME(.init_array.*))
 .init_array.00000
                0x0000000008007070        0x4 /Users/nathangovindarajan/Desktop/SystemWorkbench.app/Contents/Eclipse/plugins/fr.ac6.mcu.externaltools.arm-none.macos64_1.17.0.201812190825/tools/compiler/bin/../lib/gcc/arm-none-eabi/7.3.1/../../../../arm-none-eabi/lib/thumb/v6-m/libc.a(lib_a-__call_atexit.o)
 *(.init_array*)
 .init_array    0x0000000008007074        0x4 /Users/nathangovindarajan/Desktop/SystemWorkbench.app/Contents/Eclipse/plugins/fr.ac6.mcu.externaltools.arm-none.macos64_1.17.0.201812190825/tools/compiler/bin/../lib/gcc/arm-none-eabi/7.3.1/thumb/v6-m/crtbegin.o
                0x0000000008007078                PROVIDE (__init_array_end = .)
                0x0000000008007078                . = ALIGN (0x4)

.fini_array     0x0000000008007078        0x4
                0x0000000008007078                . = ALIGN (0x4)
                0x0000000008007078                PROVIDE (__fini_array_start = .)
 *(SORT_BY_NAME(.fini_array.*))
 *(.fini_array*)
 .fini_array    0x0000000008007078        0x4 /Users/nathangovindarajan/Desktop/SystemWorkbench.app/Contents/Eclipse/plugins/fr.ac6.mcu.externaltools.arm-none.macos64_1.17.0.201812190825/tools/compiler/bin/../lib/gcc/arm-none-eabi/7.3.1/thumb/v6-m/crtbegin.o
                0x000000000800707c                PROVIDE (__fini_array_end = .)
                0x000000000800707c                . = ALIGN (0x4)
                0x000000000800707c                _sidata = LOADADDR (.data)

.data           0x0000000020000000      0x854 load address 0x000000000800707c
                0x0000000020000000                . = ALIGN (0x4)
                0x0000000020000000                _sdata = .
 *(.data)
 .data          0x0000000020000000        0x8 src/dac.o
                0x0000000020000000                header
                0x0000000020000004                file
 .data          0x0000000020000008        0x5 src/diskio.o
                0x0000000020000008                sd
 *(.data*)
 *fill*         0x000000002000000d        0x3 
 .data._impure_ptr
                0x0000000020000010        0x4 /Users/nathangovindarajan/Desktop/SystemWorkbench.app/Contents/Eclipse/plugins/fr.ac6.mcu.externaltools.arm-none.macos64_1.17.0.201812190825/tools/compiler/bin/../lib/gcc/arm-none-eabi/7.3.1/../../../../arm-none-eabi/lib/thumb/v6-m/libc.a(lib_a-impure.o)
                0x0000000020000010                _impure_ptr
 *fill*         0x0000000020000014        0x4 
 .data.impure_data
                0x0000000020000018      0x428 /Users/nathangovindarajan/Desktop/SystemWorkbench.app/Contents/Eclipse/plugins/fr.ac6.mcu.externaltools.arm-none.macos64_1.17.0.201812190825/tools/compiler/bin/../lib/gcc/arm-none-eabi/7.3.1/../../../../arm-none-eabi/lib/thumb/v6-m/libc.a(lib_a-impure.o)
 .data.__malloc_av_
                0x0000000020000440      0x408 /Users/nathangovindarajan/Desktop/SystemWorkbench.app/Contents/Eclipse/plugins/fr.ac6.mcu.externaltools.arm-none.macos64_1.17.0.201812190825/tools/compiler/bin/../lib/gcc/arm-none-eabi/7.3.1/../../../../arm-none-eabi/lib/thumb/v6-m/libc.a(lib_a-mallocr.o)
                0x0000000020000440                __malloc_av_
 .data.__malloc_sbrk_base
                0x0000000020000848        0x4 /Users/nathangovindarajan/Desktop/SystemWorkbench.app/Contents/Eclipse/plugins/fr.ac6.mcu.externaltools.arm-none.macos64_1.17.0.201812190825/tools/compiler/bin/../lib/gcc/arm-none-eabi/7.3.1/../../../../arm-none-eabi/lib/thumb/v6-m/libc.a(lib_a-mallocr.o)
                0x0000000020000848                __malloc_sbrk_base
 .data.__malloc_trim_threshold
                0x000000002000084c        0x4 /Users/nathangovindarajan/Desktop/SystemWorkbench.app/Contents/Eclipse/plugins/fr.ac6.mcu.externaltools.arm-none.macos64_1.17.0.201812190825/tools/compiler/bin/../lib/gcc/arm-none-eabi/7.3.1/../../../../arm-none-eabi/lib/thumb/v6-m/libc.a(lib_a-mallocr.o)
                0x000000002000084c                __malloc_trim_threshold
 .data.__atexit_recursive_mutex
                0x0000000020000850        0x4 /Users/nathangovindarajan/Desktop/SystemWorkbench.app/Contents/Eclipse/plugins/fr.ac6.mcu.externaltools.arm-none.macos64_1.17.0.201812190825/tools/compiler/bin/../lib/gcc/arm-none-eabi/7.3.1/../../../../arm-none-eabi/lib/thumb/v6-m/libc.a(lib_a-__call_atexit.o)
                0x0000000020000850                __atexit_recursive_mutex
                0x0000000020000854                . = ALIGN (0x4)
                0x0000000020000854                _edata = .

.igot.plt       0x0000000020000854        0x0 load address 0x00000000080078d0
 .igot.plt      0x0000000020000854        0x0 /Users/nathangovindarajan/Desktop/SystemWorkbench.app/Contents/Eclipse/plugins/fr.ac6.mcu.externaltools.arm-none.macos64_1.17.0.201812190825/tools/compiler/bin/../lib/gcc/arm-none-eabi/7.3.1/thumb/v6-m/crtbegin.o
                0x0000000020000854                . = ALIGN (0x4)

.bss            0x0000000020000854     0x4670 load address 0x00000000080078d0
                0x0000000020000854                _sbss = .
                0x0000000020000854                __bss_start__ = _sbss
 *(.bss)
 .bss           0x0000000020000854       0x1c /Users/nathangovindarajan/Desktop/SystemWorkbench.app/Contents/Eclipse/plugins/fr.ac6.mcu.externaltools.arm-none.macos64_1.17.0.201812190825/tools/compiler/bin/../lib/gcc/arm-none-eabi/7.3.1/thumb/v6-m/crtbegin.o
 .bss           0x0000000020000870       0x24 src/commands.o
                0x0000000020000874                usercmds
 .bss           0x0000000020000894       0x14 src/dac.o
                0x0000000020000894                playpause_button
                0x0000000020000898                skip_button
                0x000000002000089c                dataIdx
                0x00000000200008a0                finished
                0x00000000200008a4                shortF
 .bss           0x00000000200008a8        0x7 src/ff.o
 *fill*         0x00000000200008af        0x1 
 .bss           0x00000000200008b0        0x8 src/syscalls.o
                0x00000000200008b0                __env
 .bss           0x00000000200008b8       0x18 src/timer.o
                0x00000000200008b8                playingSong
                0x00000000200008bc                pa1State
                0x00000000200008bd                pa0State
                0x00000000200008c0                pressPa0
                0x00000000200008c4                releasePa0
                0x00000000200008c8                pressPa1
                0x00000000200008cc                releasePa1
 *(.bss*)
 .bss.__malloc_current_mallinfo
                0x00000000200008d0       0x28 /Users/nathangovindarajan/Desktop/SystemWorkbench.app/Contents/Eclipse/plugins/fr.ac6.mcu.externaltools.arm-none.macos64_1.17.0.201812190825/tools/compiler/bin/../lib/gcc/arm-none-eabi/7.3.1/../../../../arm-none-eabi/lib/thumb/v6-m/libc.a(lib_a-mallocr.o)
                0x00000000200008d0                __malloc_current_mallinfo
 .bss.__malloc_max_sbrked_mem
                0x00000000200008f8        0x4 /Users/nathangovindarajan/Desktop/SystemWorkbench.app/Contents/Eclipse/plugins/fr.ac6.mcu.externaltools.arm-none.macos64_1.17.0.201812190825/tools/compiler/bin/../lib/gcc/arm-none-eabi/7.3.1/../../../../arm-none-eabi/lib/thumb/v6-m/libc.a(lib_a-mallocr.o)
                0x00000000200008f8                __malloc_max_sbrked_mem
 .bss.__malloc_max_total_mem
                0x00000000200008fc        0x4 /Users/nathangovindarajan/Desktop/SystemWorkbench.app/Contents/Eclipse/plugins/fr.ac6.mcu.externaltools.arm-none.macos64_1.17.0.201812190825/tools/compiler/bin/../lib/gcc/arm-none-eabi/7.3.1/../../../../arm-none-eabi/lib/thumb/v6-m/libc.a(lib_a-mallocr.o)
                0x00000000200008fc                __malloc_max_total_mem
 .bss.__malloc_top_pad
                0x0000000020000900        0x4 /Users/nathangovindarajan/Desktop/SystemWorkbench.app/Contents/Eclipse/plugins/fr.ac6.mcu.externaltools.arm-none.macos64_1.17.0.201812190825/tools/compiler/bin/../lib/gcc/arm-none-eabi/7.3.1/../../../../arm-none-eabi/lib/thumb/v6-m/libc.a(lib_a-mallocr.o)
                0x0000000020000900                __malloc_top_pad
 *(COMMON)
 COMMON         0x0000000020000904      0x251 src/commands.o
                0x0000000020000904                fs_storage
                0x0000000020000b38                fileNameShort
 *fill*         0x0000000020000b55        0x3 
 COMMON         0x0000000020000b58     0x3e88 src/dac.o
                0x0000000020000b58                skip_history
                0x0000000020000b5c                dac_arr
                0x00000000200049dc                playpause_history
 COMMON         0x00000000200049e0       0x1c src/lcd.o
                0x00000000200049e0                lcddev
 COMMON         0x00000000200049fc      0x234 src/main.o
                0x00000000200049fc                FatFs
 COMMON         0x0000000020004c30       0x11 src/timer.o
                0x0000000020004c30                dir
                0x0000000020004c40                res
 *fill*         0x0000000020004c41        0x3 
 COMMON         0x0000000020004c44      0x258 src/wav.o
                0x0000000020004c44                headers
                0x0000000020004c70                array
                0x0000000020004c74                fil
 COMMON         0x0000000020004e9c       0x21 /Users/nathangovindarajan/Desktop/SystemWorkbench.app/Contents/Eclipse/plugins/fr.ac6.mcu.externaltools.arm-none.macos64_1.17.0.201812190825/tools/compiler/bin/../lib/gcc/arm-none-eabi/7.3.1/../../../../arm-none-eabi/lib/thumb/v6-m/libc.a(lib_a-lock.o)
                0x0000000020004e9c                __lock___atexit_recursive_mutex
                0x0000000020004ea0                __lock___arc4random_mutex
                0x0000000020004ea4                __lock___env_recursive_mutex
                0x0000000020004ea8                __lock___sinit_recursive_mutex
                0x0000000020004eac                __lock___malloc_recursive_mutex
                0x0000000020004eb0                __lock___at_quick_exit_mutex
                0x0000000020004eb4                __lock___dd_hash_mutex
                0x0000000020004eb8                __lock___tz_mutex
                0x0000000020004ebc                __lock___sfp_recursive_mutex
 *fill*         0x0000000020004ebd        0x3 
 COMMON         0x0000000020004ec0        0x4 /Users/nathangovindarajan/Desktop/SystemWorkbench.app/Contents/Eclipse/plugins/fr.ac6.mcu.externaltools.arm-none.macos64_1.17.0.201812190825/tools/compiler/bin/../lib/gcc/arm-none-eabi/7.3.1/../../../../arm-none-eabi/lib/thumb/v6-m/libc.a(lib_a-reent.o)
                0x0000000020004ec0                errno
                0x0000000020004ec4                . = ALIGN (0x4)
                0x0000000020004ec4                _ebss = .
                0x0000000020004ec4                __bss_end__ = _ebss

._user_heap_stack
                0x0000000020004ec4      0x404 load address 0x00000000080078d0
                0x0000000020004ec8                . = ALIGN (0x8)
 *fill*         0x0000000020004ec4        0x4 
                0x0000000020004ec8                PROVIDE (end = .)
                [!provide]                        PROVIDE (_end = .)
                0x0000000020004ec8                . = (. + _Min_Heap_Size)
                0x00000000200052c8                . = (. + _Min_Stack_Size)
 *fill*         0x0000000020004ec8      0x400 
                0x00000000200052c8                . = ALIGN (0x8)

/DISCARD/
 libc.a(*)
 libm.a(*)
 libgcc.a(*)

.ARM.attributes
                0x0000000000000000       0x28
 *(.ARM.attributes)
 .ARM.attributes
                0x0000000000000000       0x1e /Users/nathangovindarajan/Desktop/SystemWorkbench.app/Contents/Eclipse/plugins/fr.ac6.mcu.externaltools.arm-none.macos64_1.17.0.201812190825/tools/compiler/bin/../lib/gcc/arm-none-eabi/7.3.1/thumb/v6-m/crti.o
 .ARM.attributes
                0x000000000000001e       0x2c /Users/nathangovindarajan/Desktop/SystemWorkbench.app/Contents/Eclipse/plugins/fr.ac6.mcu.externaltools.arm-none.macos64_1.17.0.201812190825/tools/compiler/bin/../lib/gcc/arm-none-eabi/7.3.1/thumb/v6-m/crtbegin.o
 .ARM.attributes
                0x000000000000004a       0x31 src/commands.o
 .ARM.attributes
                0x000000000000007b       0x31 src/dac.o
 .ARM.attributes
                0x00000000000000ac       0x31 src/diskio.o
 .ARM.attributes
                0x00000000000000dd       0x31 src/display.o
 .ARM.attributes
                0x000000000000010e       0x31 src/ff.o
 .ARM.attributes
                0x000000000000013f       0x31 src/lcd.o
 .ARM.attributes
                0x0000000000000170       0x31 src/main.o
 .ARM.attributes
                0x00000000000001a1       0x31 src/sdcard.o
 .ARM.attributes
                0x00000000000001d2       0x31 src/stm.o
 .ARM.attributes
                0x0000000000000203       0x31 src/syscalls.o
 .ARM.attributes
                0x0000000000000234       0x31 src/system_stm32f0xx.o
 .ARM.attributes
                0x0000000000000265       0x31 src/timer.o
 .ARM.attributes
                0x0000000000000296       0x31 src/wav.o
 .ARM.attributes
                0x00000000000002c7       0x21 startup/startup_stm32.o
 .ARM.attributes
                0x00000000000002e8       0x1e /Users/nathangovindarajan/Desktop/SystemWorkbench.app/Contents/Eclipse/plugins/fr.ac6.mcu.externaltools.arm-none.macos64_1.17.0.201812190825/tools/compiler/bin/../lib/gcc/arm-none-eabi/7.3.1/thumb/v6-m/libgcc.a(_udivsi3.o)
 .ARM.attributes
                0x0000000000000306       0x1e /Users/nathangovindarajan/Desktop/SystemWorkbench.app/Contents/Eclipse/plugins/fr.ac6.mcu.externaltools.arm-none.macos64_1.17.0.201812190825/tools/compiler/bin/../lib/gcc/arm-none-eabi/7.3.1/thumb/v6-m/libgcc.a(_divsi3.o)
 .ARM.attributes
                0x0000000000000324       0x1e /Users/nathangovindarajan/Desktop/SystemWorkbench.app/Contents/Eclipse/plugins/fr.ac6.mcu.externaltools.arm-none.macos64_1.17.0.201812190825/tools/compiler/bin/../lib/gcc/arm-none-eabi/7.3.1/thumb/v6-m/libgcc.a(_dvmd_tls.o)
 .ARM.attributes
                0x0000000000000342       0x2c /Users/nathangovindarajan/Desktop/SystemWorkbench.app/Contents/Eclipse/plugins/fr.ac6.mcu.externaltools.arm-none.macos64_1.17.0.201812190825/tools/compiler/bin/../lib/gcc/arm-none-eabi/7.3.1/../../../../arm-none-eabi/lib/thumb/v6-m/libc.a(lib_a-errno.o)
 .ARM.attributes
                0x000000000000036e       0x2c /Users/nathangovindarajan/Desktop/SystemWorkbench.app/Contents/Eclipse/plugins/fr.ac6.mcu.externaltools.arm-none.macos64_1.17.0.201812190825/tools/compiler/bin/../lib/gcc/arm-none-eabi/7.3.1/../../../../arm-none-eabi/lib/thumb/v6-m/libc.a(lib_a-freer.o)
 .ARM.attributes
                0x000000000000039a       0x2c /Users/nathangovindarajan/Desktop/SystemWorkbench.app/Contents/Eclipse/plugins/fr.ac6.mcu.externaltools.arm-none.macos64_1.17.0.201812190825/tools/compiler/bin/../lib/gcc/arm-none-eabi/7.3.1/../../../../arm-none-eabi/lib/thumb/v6-m/libc.a(lib_a-impure.o)
 .ARM.attributes
                0x00000000000003c6       0x2c /Users/nathangovindarajan/Desktop/SystemWorkbench.app/Contents/Eclipse/plugins/fr.ac6.mcu.externaltools.arm-none.macos64_1.17.0.201812190825/tools/compiler/bin/../lib/gcc/arm-none-eabi/7.3.1/../../../../arm-none-eabi/lib/thumb/v6-m/libc.a(lib_a-init.o)
 .ARM.attributes
                0x00000000000003f2       0x2c /Users/nathangovindarajan/Desktop/SystemWorkbench.app/Contents/Eclipse/plugins/fr.ac6.mcu.externaltools.arm-none.macos64_1.17.0.201812190825/tools/compiler/bin/../lib/gcc/arm-none-eabi/7.3.1/../../../../arm-none-eabi/lib/thumb/v6-m/libc.a(lib_a-lock.o)
 .ARM.attributes
                0x000000000000041e       0x2c /Users/nathangovindarajan/Desktop/SystemWorkbench.app/Contents/Eclipse/plugins/fr.ac6.mcu.externaltools.arm-none.macos64_1.17.0.201812190825/tools/compiler/bin/../lib/gcc/arm-none-eabi/7.3.1/../../../../arm-none-eabi/lib/thumb/v6-m/libc.a(lib_a-malloc.o)
 .ARM.attributes
                0x000000000000044a       0x2c /Users/nathangovindarajan/Desktop/SystemWorkbench.app/Contents/Eclipse/plugins/fr.ac6.mcu.externaltools.arm-none.macos64_1.17.0.201812190825/tools/compiler/bin/../lib/gcc/arm-none-eabi/7.3.1/../../../../arm-none-eabi/lib/thumb/v6-m/libc.a(lib_a-mallocr.o)
 .ARM.attributes
                0x0000000000000476       0x2c /Users/nathangovindarajan/Desktop/SystemWorkbench.app/Contents/Eclipse/plugins/fr.ac6.mcu.externaltools.arm-none.macos64_1.17.0.201812190825/tools/compiler/bin/../lib/gcc/arm-none-eabi/7.3.1/../../../../arm-none-eabi/lib/thumb/v6-m/libc.a(lib_a-memcpy-stub.o)
 .ARM.attributes
                0x00000000000004a2       0x2c /Users/nathangovindarajan/Desktop/SystemWorkbench.app/Contents/Eclipse/plugins/fr.ac6.mcu.externaltools.arm-none.macos64_1.17.0.201812190825/tools/compiler/bin/../lib/gcc/arm-none-eabi/7.3.1/../../../../arm-none-eabi/lib/thumb/v6-m/libc.a(lib_a-mlock.o)
 .ARM.attributes
                0x00000000000004ce       0x2c /Users/nathangovindarajan/Desktop/SystemWorkbench.app/Contents/Eclipse/plugins/fr.ac6.mcu.externaltools.arm-none.macos64_1.17.0.201812190825/tools/compiler/bin/../lib/gcc/arm-none-eabi/7.3.1/../../../../arm-none-eabi/lib/thumb/v6-m/libc.a(lib_a-sbrkr.o)
 .ARM.attributes
                0x00000000000004fa       0x2c /Users/nathangovindarajan/Desktop/SystemWorkbench.app/Contents/Eclipse/plugins/fr.ac6.mcu.externaltools.arm-none.macos64_1.17.0.201812190825/tools/compiler/bin/../lib/gcc/arm-none-eabi/7.3.1/../../../../arm-none-eabi/lib/thumb/v6-m/libc.a(lib_a-strdup.o)
 .ARM.attributes
                0x0000000000000526       0x2c /Users/nathangovindarajan/Desktop/SystemWorkbench.app/Contents/Eclipse/plugins/fr.ac6.mcu.externaltools.arm-none.macos64_1.17.0.201812190825/tools/compiler/bin/../lib/gcc/arm-none-eabi/7.3.1/../../../../arm-none-eabi/lib/thumb/v6-m/libc.a(lib_a-strdup_r.o)
 .ARM.attributes
                0x0000000000000552       0x2c /Users/nathangovindarajan/Desktop/SystemWorkbench.app/Contents/Eclipse/plugins/fr.ac6.mcu.externaltools.arm-none.macos64_1.17.0.201812190825/tools/compiler/bin/../lib/gcc/arm-none-eabi/7.3.1/../../../../arm-none-eabi/lib/thumb/v6-m/libc.a(lib_a-strlen-stub.o)
 .ARM.attributes
                0x000000000000057e       0x2c /Users/nathangovindarajan/Desktop/SystemWorkbench.app/Contents/Eclipse/plugins/fr.ac6.mcu.externaltools.arm-none.macos64_1.17.0.201812190825/tools/compiler/bin/../lib/gcc/arm-none-eabi/7.3.1/../../../../arm-none-eabi/lib/thumb/v6-m/libc.a(lib_a-strncpy.o)
 .ARM.attributes
                0x00000000000005aa       0x2c /Users/nathangovindarajan/Desktop/SystemWorkbench.app/Contents/Eclipse/plugins/fr.ac6.mcu.externaltools.arm-none.macos64_1.17.0.201812190825/tools/compiler/bin/../lib/gcc/arm-none-eabi/7.3.1/../../../../arm-none-eabi/lib/thumb/v6-m/libc.a(lib_a-__call_atexit.o)
 .ARM.attributes
                0x00000000000005d6       0x2c /Users/nathangovindarajan/Desktop/SystemWorkbench.app/Contents/Eclipse/plugins/fr.ac6.mcu.externaltools.arm-none.macos64_1.17.0.201812190825/tools/compiler/bin/../lib/gcc/arm-none-eabi/7.3.1/../../../../arm-none-eabi/lib/thumb/v6-m/libc.a(lib_a-atexit.o)
 .ARM.attributes
                0x0000000000000602       0x2c /Users/nathangovindarajan/Desktop/SystemWorkbench.app/Contents/Eclipse/plugins/fr.ac6.mcu.externaltools.arm-none.macos64_1.17.0.201812190825/tools/compiler/bin/../lib/gcc/arm-none-eabi/7.3.1/../../../../arm-none-eabi/lib/thumb/v6-m/libc.a(lib_a-fini.o)
 .ARM.attributes
                0x000000000000062e       0x2c /Users/nathangovindarajan/Desktop/SystemWorkbench.app/Contents/Eclipse/plugins/fr.ac6.mcu.externaltools.arm-none.macos64_1.17.0.201812190825/tools/compiler/bin/../lib/gcc/arm-none-eabi/7.3.1/../../../../arm-none-eabi/lib/thumb/v6-m/libc.a(lib_a-reent.o)
 .ARM.attributes
                0x000000000000065a       0x2c /Users/nathangovindarajan/Desktop/SystemWorkbench.app/Contents/Eclipse/plugins/fr.ac6.mcu.externaltools.arm-none.macos64_1.17.0.201812190825/tools/compiler/bin/../lib/gcc/arm-none-eabi/7.3.1/../../../../arm-none-eabi/lib/thumb/v6-m/libc.a(lib_a-__atexit.o)
 .ARM.attributes
                0x0000000000000686       0x1e /Users/nathangovindarajan/Desktop/SystemWorkbench.app/Contents/Eclipse/plugins/fr.ac6.mcu.externaltools.arm-none.macos64_1.17.0.201812190825/tools/compiler/bin/../lib/gcc/arm-none-eabi/7.3.1/thumb/v6-m/crtn.o
OUTPUT(finalProj.elf elf32-littlearm)

.debug_info     0x0000000000000000     0xd16a
 .debug_info    0x0000000000000000     0x1a8f src/commands.o
 .debug_info    0x0000000000001a8f     0x15a8 src/dac.o
 .debug_info    0x0000000000003037      0xf73 src/diskio.o
 .debug_info    0x0000000000003faa      0xf61 src/display.o
 .debug_info    0x0000000000004f0b     0x1eb8 src/ff.o
 .debug_info    0x0000000000006dc3     0x1704 src/lcd.o
 .debug_info    0x00000000000084c7      0x2a0 src/main.o
 .debug_info    0x0000000000008767      0xc11 src/sdcard.o
 .debug_info    0x0000000000009378      0xc5d src/stm.o
 .debug_info    0x0000000000009fd5      0xf2e src/syscalls.o
 .debug_info    0x000000000000af03      0x306 src/system_stm32f0xx.o
 .debug_info    0x000000000000b209     0x118d src/timer.o
 .debug_info    0x000000000000c396      0xdb2 src/wav.o
 .debug_info    0x000000000000d148       0x22 startup/startup_stm32.o

.debug_abbrev   0x0000000000000000     0x205a
 .debug_abbrev  0x0000000000000000      0x3af src/commands.o
 .debug_abbrev  0x00000000000003af      0x30e src/dac.o
 .debug_abbrev  0x00000000000006bd      0x349 src/diskio.o
 .debug_abbrev  0x0000000000000a06      0x298 src/display.o
 .debug_abbrev  0x0000000000000c9e      0x20e src/ff.o
 .debug_abbrev  0x0000000000000eac      0x345 src/lcd.o
 .debug_abbrev  0x00000000000011f1       0xd6 src/main.o
 .debug_abbrev  0x00000000000012c7      0x223 src/sdcard.o
 .debug_abbrev  0x00000000000014ea      0x1d4 src/stm.o
 .debug_abbrev  0x00000000000016be      0x2aa src/syscalls.o
 .debug_abbrev  0x0000000000001968      0x15b src/system_stm32f0xx.o
 .debug_abbrev  0x0000000000001ac3      0x30f src/timer.o
 .debug_abbrev  0x0000000000001dd2      0x276 src/wav.o
 .debug_abbrev  0x0000000000002048       0x12 startup/startup_stm32.o

.debug_aranges  0x0000000000000000      0x770
 .debug_aranges
                0x0000000000000000       0xf8 src/commands.o
 .debug_aranges
                0x00000000000000f8       0x48 src/dac.o
 .debug_aranges
                0x0000000000000140       0x98 src/diskio.o
 .debug_aranges
                0x00000000000001d8       0x48 src/display.o
 .debug_aranges
                0x0000000000000220      0x208 src/ff.o
 .debug_aranges
                0x0000000000000428      0x128 src/lcd.o
 .debug_aranges
                0x0000000000000550       0x20 src/main.o
 .debug_aranges
                0x0000000000000570       0x28 src/sdcard.o
 .debug_aranges
                0x0000000000000598       0x48 src/stm.o
 .debug_aranges
                0x00000000000005e0       0xb0 src/syscalls.o
 .debug_aranges
                0x0000000000000690       0x30 src/system_stm32f0xx.o
 .debug_aranges
                0x00000000000006c0       0x58 src/timer.o
 .debug_aranges
                0x0000000000000718       0x30 src/wav.o
 .debug_aranges
                0x0000000000000748       0x28 startup/startup_stm32.o

.debug_ranges   0x0000000000000000      0x6e0
 .debug_ranges  0x0000000000000000      0x118 src/commands.o
 .debug_ranges  0x0000000000000118       0x38 src/dac.o
 .debug_ranges  0x0000000000000150       0x88 src/diskio.o
 .debug_ranges  0x00000000000001d8       0x38 src/display.o
 .debug_ranges  0x0000000000000210      0x1f8 src/ff.o
 .debug_ranges  0x0000000000000408      0x118 src/lcd.o
 .debug_ranges  0x0000000000000520       0x10 src/main.o
 .debug_ranges  0x0000000000000530       0x18 src/sdcard.o
 .debug_ranges  0x0000000000000548       0x38 src/stm.o
 .debug_ranges  0x0000000000000580       0xa0 src/syscalls.o
 .debug_ranges  0x0000000000000620       0x20 src/system_stm32f0xx.o
 .debug_ranges  0x0000000000000640       0x60 src/timer.o
 .debug_ranges  0x00000000000006a0       0x20 src/wav.o
 .debug_ranges  0x00000000000006c0       0x20 startup/startup_stm32.o

.debug_macro    0x0000000000000000     0x45d6
 .debug_macro   0x0000000000000000      0x390 src/commands.o
 .debug_macro   0x0000000000000390      0x106 src/commands.o
 .debug_macro   0x0000000000000496       0xf5 src/commands.o
 .debug_macro   0x000000000000058b       0x18 src/commands.o
 .debug_macro   0x00000000000005a3       0x5e src/commands.o
 .debug_macro   0x0000000000000601       0x35 src/commands.o
 .debug_macro   0x0000000000000636       0x34 src/commands.o
 .debug_macro   0x000000000000066a       0x16 src/commands.o
 .debug_macro   0x0000000000000680      0x10e src/commands.o
 .debug_macro   0x000000000000078e       0x8d src/commands.o
 .debug_macro   0x000000000000081b       0x58 src/commands.o
 .debug_macro   0x0000000000000873       0x1f src/commands.o
 .debug_macro   0x0000000000000892       0x43 src/commands.o
 .debug_macro   0x00000000000008d5       0x20 src/commands.o
 .debug_macro   0x00000000000008f5      0x18e src/commands.o
 .debug_macro   0x0000000000000a83      0x330 src/commands.o
 .debug_macro   0x0000000000000db3       0x16 src/commands.o
 .debug_macro   0x0000000000000dc9       0x29 src/commands.o
 .debug_macro   0x0000000000000df2       0x1c src/commands.o
 .debug_macro   0x0000000000000e0e       0x35 src/commands.o
 .debug_macro   0x0000000000000e43       0x10 src/commands.o
 .debug_macro   0x0000000000000e53       0x10 src/commands.o
 .debug_macro   0x0000000000000e63       0x1c src/commands.o
 .debug_macro   0x0000000000000e7f       0x52 src/commands.o
 .debug_macro   0x0000000000000ed1       0x40 src/commands.o
 .debug_macro   0x0000000000000f11       0x10 src/commands.o
 .debug_macro   0x0000000000000f21       0x40 src/commands.o
 .debug_macro   0x0000000000000f61       0xd7 src/commands.o
 .debug_macro   0x0000000000001038       0x1c src/commands.o
 .debug_macro   0x0000000000001054       0x3d src/commands.o
 .debug_macro   0x0000000000001091       0x16 src/commands.o
 .debug_macro   0x00000000000010a7      0x16f src/commands.o
 .debug_macro   0x0000000000001216       0x8e src/commands.o
 .debug_macro   0x00000000000012a4       0x16 src/commands.o
 .debug_macro   0x00000000000012ba      0x373 src/dac.o
 .debug_macro   0x000000000000162d      0x174 src/dac.o
 .debug_macro   0x00000000000017a1      0x1e1 src/dac.o
 .debug_macro   0x0000000000001982       0xee src/dac.o
 .debug_macro   0x0000000000001a70      0x305 src/diskio.o
 .debug_macro   0x0000000000001d75       0x94 src/diskio.o
 .debug_macro   0x0000000000001e09       0x16 src/diskio.o
 .debug_macro   0x0000000000001e1f       0x97 src/diskio.o
 .debug_macro   0x0000000000001eb6       0xfd src/diskio.o
 .debug_macro   0x0000000000001fb3      0x26a src/display.o
 .debug_macro   0x000000000000221d       0x58 src/display.o
 .debug_macro   0x0000000000002275       0x94 src/display.o
 .debug_macro   0x0000000000002309       0x57 src/display.o
 .debug_macro   0x0000000000002360       0xe8 src/display.o
 .debug_macro   0x0000000000002448       0x94 src/display.o
 .debug_macro   0x00000000000024dc      0x5ba src/ff.o
 .debug_macro   0x0000000000002a96       0xef src/ff.o
 .debug_macro   0x0000000000002b85       0x58 src/ff.o
 .debug_macro   0x0000000000002bdd      0x36f src/lcd.o
 .debug_macro   0x0000000000002f4c       0x8b src/main.o
 .debug_macro   0x0000000000002fd7      0x37c src/sdcard.o
 .debug_macro   0x0000000000003353      0x323 src/stm.o
 .debug_macro   0x0000000000003676      0x243 src/syscalls.o
 .debug_macro   0x00000000000038b9       0x10 src/syscalls.o
 .debug_macro   0x00000000000038c9       0x10 src/syscalls.o
 .debug_macro   0x00000000000038d9       0x10 src/syscalls.o
 .debug_macro   0x00000000000038e9       0x35 src/syscalls.o
 .debug_macro   0x000000000000391e      0x122 src/syscalls.o
 .debug_macro   0x0000000000003a40       0x10 src/syscalls.o
 .debug_macro   0x0000000000003a50      0x241 src/syscalls.o
 .debug_macro   0x0000000000003c91       0x10 src/syscalls.o
 .debug_macro   0x0000000000003ca1      0x189 src/syscalls.o
 .debug_macro   0x0000000000003e2a       0x16 src/syscalls.o
 .debug_macro   0x0000000000003e40       0x88 src/syscalls.o
 .debug_macro   0x0000000000003ec8      0x189 src/system_stm32f0xx.o
 .debug_macro   0x0000000000004051      0x35f src/timer.o
 .debug_macro   0x00000000000043b0      0x226 src/wav.o

.debug_line     0x0000000000000000     0x7c7c
 .debug_line    0x0000000000000000      0xd3f src/commands.o
 .debug_line    0x0000000000000d3f      0x964 src/dac.o
 .debug_line    0x00000000000016a3      0xa42 src/diskio.o
 .debug_line    0x00000000000020e5      0x6d0 src/display.o
 .debug_line    0x00000000000027b5     0x158d src/ff.o
 .debug_line    0x0000000000003d42      0xd3f src/lcd.o
 .debug_line    0x0000000000004a81      0x3ec src/main.o
 .debug_line    0x0000000000004e6d      0x88e src/sdcard.o
 .debug_line    0x00000000000056fb      0x8a2 src/stm.o
 .debug_line    0x0000000000005f9d      0x6a2 src/syscalls.o
 .debug_line    0x000000000000663f      0x70e src/system_stm32f0xx.o
 .debug_line    0x0000000000006d4d      0x90f src/timer.o
 .debug_line    0x000000000000765c      0x5a4 src/wav.o
 .debug_line    0x0000000000007c00       0x7c startup/startup_stm32.o

.debug_str      0x0000000000000000    0x559a0
 .debug_str     0x0000000000000000    0x4f3e7 src/commands.o
                                      0x4f6f4 (size before relaxing)
 .debug_str     0x000000000004f3e7      0xe08 src/dac.o
                                      0x5009d (size before relaxing)
 .debug_str     0x00000000000501ef      0x304 src/diskio.o
                                      0x4f348 (size before relaxing)
 .debug_str     0x00000000000504f3       0xce src/display.o
                                       0x8785 (size before relaxing)
 .debug_str     0x00000000000505c1     0x3c5c src/ff.o
                                       0x81a9 (size before relaxing)
 .debug_str     0x000000000005421d      0x437 src/lcd.o
                                      0x4f245 (size before relaxing)
 .debug_str     0x0000000000054654        0xe src/main.o
                                       0x4286 (size before relaxing)
 .debug_str     0x0000000000054662       0x2f src/sdcard.o
                                      0x4f477 (size before relaxing)
 .debug_str     0x0000000000054691       0x1c src/stm.o
                                      0x4f2d4 (size before relaxing)
 .debug_str     0x00000000000546ad     0x10d7 src/syscalls.o
                                       0x84f9 (size before relaxing)
 .debug_str     0x0000000000055784       0xb8 src/system_stm32f0xx.o
                                      0x4aaa1 (size before relaxing)
 .debug_str     0x000000000005583c       0xf5 src/timer.o
                                      0x4f807 (size before relaxing)
 .debug_str     0x0000000000055931       0x46 src/wav.o
                                       0x8606 (size before relaxing)
 .debug_str     0x0000000000055977       0x29 startup/startup_stm32.o
                                         0x67 (size before relaxing)

.comment        0x0000000000000000       0x7f
 .comment       0x0000000000000000       0x7f src/commands.o
                                         0x80 (size before relaxing)
 .comment       0x000000000000007f       0x80 src/dac.o
 .comment       0x000000000000007f       0x80 src/diskio.o
 .comment       0x000000000000007f       0x80 src/display.o
 .comment       0x000000000000007f       0x80 src/ff.o
 .comment       0x000000000000007f       0x80 src/lcd.o
 .comment       0x000000000000007f       0x80 src/main.o
 .comment       0x000000000000007f       0x80 src/sdcard.o
 .comment       0x000000000000007f       0x80 src/stm.o
 .comment       0x000000000000007f       0x80 src/syscalls.o
 .comment       0x000000000000007f       0x80 src/system_stm32f0xx.o
 .comment       0x000000000000007f       0x80 src/timer.o
 .comment       0x000000000000007f       0x80 src/wav.o

.debug_frame    0x0000000000000000     0x1e20
 .debug_frame   0x0000000000000000      0x3b8 src/commands.o
 .debug_frame   0x00000000000003b8       0xc4 src/dac.o
 .debug_frame   0x000000000000047c      0x200 src/diskio.o
 .debug_frame   0x000000000000067c       0xdc src/display.o
 .debug_frame   0x0000000000000758      0x854 src/ff.o
 .debug_frame   0x0000000000000fac      0x46c src/lcd.o
 .debug_frame   0x0000000000001418       0x30 src/main.o
 .debug_frame   0x0000000000001448       0x50 src/sdcard.o
 .debug_frame   0x0000000000001498       0xb8 src/stm.o
 .debug_frame   0x0000000000001550      0x264 src/syscalls.o
 .debug_frame   0x00000000000017b4       0x6c src/system_stm32f0xx.o
 .debug_frame   0x0000000000001820      0x100 src/timer.o
 .debug_frame   0x0000000000001920       0x78 src/wav.o
 .debug_frame   0x0000000000001998       0x20 /Users/nathangovindarajan/Desktop/SystemWorkbench.app/Contents/Eclipse/plugins/fr.ac6.mcu.externaltools.arm-none.macos64_1.17.0.201812190825/tools/compiler/bin/../lib/gcc/arm-none-eabi/7.3.1/thumb/v6-m/libgcc.a(_udivsi3.o)
 .debug_frame   0x00000000000019b8       0x20 /Users/nathangovindarajan/Desktop/SystemWorkbench.app/Contents/Eclipse/plugins/fr.ac6.mcu.externaltools.arm-none.macos64_1.17.0.201812190825/tools/compiler/bin/../lib/gcc/arm-none-eabi/7.3.1/thumb/v6-m/libgcc.a(_divsi3.o)
 .debug_frame   0x00000000000019d8       0x20 /Users/nathangovindarajan/Desktop/SystemWorkbench.app/Contents/Eclipse/plugins/fr.ac6.mcu.externaltools.arm-none.macos64_1.17.0.201812190825/tools/compiler/bin/../lib/gcc/arm-none-eabi/7.3.1/../../../../arm-none-eabi/lib/thumb/v6-m/libc.a(lib_a-errno.o)
 .debug_frame   0x00000000000019f8       0x58 /Users/nathangovindarajan/Desktop/SystemWorkbench.app/Contents/Eclipse/plugins/fr.ac6.mcu.externaltools.arm-none.macos64_1.17.0.201812190825/tools/compiler/bin/../lib/gcc/arm-none-eabi/7.3.1/../../../../arm-none-eabi/lib/thumb/v6-m/libc.a(lib_a-freer.o)
 .debug_frame   0x0000000000001a50       0x2c /Users/nathangovindarajan/Desktop/SystemWorkbench.app/Contents/Eclipse/plugins/fr.ac6.mcu.externaltools.arm-none.macos64_1.17.0.201812190825/tools/compiler/bin/../lib/gcc/arm-none-eabi/7.3.1/../../../../arm-none-eabi/lib/thumb/v6-m/libc.a(lib_a-init.o)
 .debug_frame   0x0000000000001a7c       0xb0 /Users/nathangovindarajan/Desktop/SystemWorkbench.app/Contents/Eclipse/plugins/fr.ac6.mcu.externaltools.arm-none.macos64_1.17.0.201812190825/tools/compiler/bin/../lib/gcc/arm-none-eabi/7.3.1/../../../../arm-none-eabi/lib/thumb/v6-m/libc.a(lib_a-lock.o)
 .debug_frame   0x0000000000001b2c       0x40 /Users/nathangovindarajan/Desktop/SystemWorkbench.app/Contents/Eclipse/plugins/fr.ac6.mcu.externaltools.arm-none.macos64_1.17.0.201812190825/tools/compiler/bin/../lib/gcc/arm-none-eabi/7.3.1/../../../../arm-none-eabi/lib/thumb/v6-m/libc.a(lib_a-malloc.o)
 .debug_frame   0x0000000000001b6c       0x3c /Users/nathangovindarajan/Desktop/SystemWorkbench.app/Contents/Eclipse/plugins/fr.ac6.mcu.externaltools.arm-none.macos64_1.17.0.201812190825/tools/compiler/bin/../lib/gcc/arm-none-eabi/7.3.1/../../../../arm-none-eabi/lib/thumb/v6-m/libc.a(lib_a-mallocr.o)
 .debug_frame   0x0000000000001ba8       0x30 /Users/nathangovindarajan/Desktop/SystemWorkbench.app/Contents/Eclipse/plugins/fr.ac6.mcu.externaltools.arm-none.macos64_1.17.0.201812190825/tools/compiler/bin/../lib/gcc/arm-none-eabi/7.3.1/../../../../arm-none-eabi/lib/thumb/v6-m/libc.a(lib_a-memcpy-stub.o)
 .debug_frame   0x0000000000001bd8       0x40 /Users/nathangovindarajan/Desktop/SystemWorkbench.app/Contents/Eclipse/plugins/fr.ac6.mcu.externaltools.arm-none.macos64_1.17.0.201812190825/tools/compiler/bin/../lib/gcc/arm-none-eabi/7.3.1/../../../../arm-none-eabi/lib/thumb/v6-m/libc.a(lib_a-mlock.o)
 .debug_frame   0x0000000000001c18       0x2c /Users/nathangovindarajan/Desktop/SystemWorkbench.app/Contents/Eclipse/plugins/fr.ac6.mcu.externaltools.arm-none.macos64_1.17.0.201812190825/tools/compiler/bin/../lib/gcc/arm-none-eabi/7.3.1/../../../../arm-none-eabi/lib/thumb/v6-m/libc.a(lib_a-sbrkr.o)
 .debug_frame   0x0000000000001c44       0x28 /Users/nathangovindarajan/Desktop/SystemWorkbench.app/Contents/Eclipse/plugins/fr.ac6.mcu.externaltools.arm-none.macos64_1.17.0.201812190825/tools/compiler/bin/../lib/gcc/arm-none-eabi/7.3.1/../../../../arm-none-eabi/lib/thumb/v6-m/libc.a(lib_a-strdup.o)
 .debug_frame   0x0000000000001c6c       0x2c /Users/nathangovindarajan/Desktop/SystemWorkbench.app/Contents/Eclipse/plugins/fr.ac6.mcu.externaltools.arm-none.macos64_1.17.0.201812190825/tools/compiler/bin/../lib/gcc/arm-none-eabi/7.3.1/../../../../arm-none-eabi/lib/thumb/v6-m/libc.a(lib_a-strdup_r.o)
 .debug_frame   0x0000000000001c98       0x28 /Users/nathangovindarajan/Desktop/SystemWorkbench.app/Contents/Eclipse/plugins/fr.ac6.mcu.externaltools.arm-none.macos64_1.17.0.201812190825/tools/compiler/bin/../lib/gcc/arm-none-eabi/7.3.1/../../../../arm-none-eabi/lib/thumb/v6-m/libc.a(lib_a-strlen-stub.o)
 .debug_frame   0x0000000000001cc0       0x34 /Users/nathangovindarajan/Desktop/SystemWorkbench.app/Contents/Eclipse/plugins/fr.ac6.mcu.externaltools.arm-none.macos64_1.17.0.201812190825/tools/compiler/bin/../lib/gcc/arm-none-eabi/7.3.1/../../../../arm-none-eabi/lib/thumb/v6-m/libc.a(lib_a-strncpy.o)
 .debug_frame   0x0000000000001cf4       0x54 /Users/nathangovindarajan/Desktop/SystemWorkbench.app/Contents/Eclipse/plugins/fr.ac6.mcu.externaltools.arm-none.macos64_1.17.0.201812190825/tools/compiler/bin/../lib/gcc/arm-none-eabi/7.3.1/../../../../arm-none-eabi/lib/thumb/v6-m/libc.a(lib_a-__call_atexit.o)
 .debug_frame   0x0000000000001d48       0x28 /Users/nathangovindarajan/Desktop/SystemWorkbench.app/Contents/Eclipse/plugins/fr.ac6.mcu.externaltools.arm-none.macos64_1.17.0.201812190825/tools/compiler/bin/../lib/gcc/arm-none-eabi/7.3.1/../../../../arm-none-eabi/lib/thumb/v6-m/libc.a(lib_a-atexit.o)
 .debug_frame   0x0000000000001d70       0x2c /Users/nathangovindarajan/Desktop/SystemWorkbench.app/Contents/Eclipse/plugins/fr.ac6.mcu.externaltools.arm-none.macos64_1.17.0.201812190825/tools/compiler/bin/../lib/gcc/arm-none-eabi/7.3.1/../../../../arm-none-eabi/lib/thumb/v6-m/libc.a(lib_a-fini.o)
 .debug_frame   0x0000000000001d9c       0x48 /Users/nathangovindarajan/Desktop/SystemWorkbench.app/Contents/Eclipse/plugins/fr.ac6.mcu.externaltools.arm-none.macos64_1.17.0.201812190825/tools/compiler/bin/../lib/gcc/arm-none-eabi/7.3.1/../../../../arm-none-eabi/lib/thumb/v6-m/libc.a(lib_a-reent.o)
 .debug_frame   0x0000000000001de4       0x3c /Users/nathangovindarajan/Desktop/SystemWorkbench.app/Contents/Eclipse/plugins/fr.ac6.mcu.externaltools.arm-none.macos64_1.17.0.201812190825/tools/compiler/bin/../lib/gcc/arm-none-eabi/7.3.1/../../../../arm-none-eabi/lib/thumb/v6-m/libc.a(lib_a-__atexit.o)
